Component: ARM Compiler 5.06 update 5 (build 528) Tool: armlink [4d35e2]

==============================================================================

Section Cross References

    main.o(i.main) refers to main.o(i.ledinit) for ledinit
    main.o(i.main) refers to usart.o(i.USART1_Init) for USART1_Init
    main.o(i.main) refers to dac.o(i.DAC1_Init) for DAC1_Init
    main.o(i.main) refers to thread.o(i.rt_thread_create) for rt_thread_create
    main.o(i.main) refers to thread.o(i.rt_thread_startup) for rt_thread_startup
    main.o(i.main) refers to thread.o(i.rt_thread_delay) for rt_thread_delay
    main.o(i.main) refers to main.o(.data) for i
    main.o(i.main) refers to usart.o(.data) for Receive1BUFF
    main.o(i.main) refers to main.o(i.task2) for task2
    main.o(i.main) refers to main.o(i.task1) for task1
    main.o(i.main) refers to main.o(.constdata) for SIN
    main.o(i.main) refers to dac.o(.data) for DAC1_DATE
    main.o(i.task1) refers to main.o(.data) for Re
    main.o(i.task1) refers to usart.o(.data) for Receive1BUFF
    main.o(i.task2) refers to usart.o(.data) for Receive1BUFF
    main.o(i.task2) refers to main.o(.data) for Re
    usart.o(i.USART1_IRQHandler) refers to usart.o(.data) for USART1_ReCoun
    usart.o(i.USART1_Init) refers to fflt_clz.o(x$fpl$ffltu) for __aeabi_ui2f
    usart.o(i.USART1_Init) refers to faddsub_clz.o(x$fpl$frsb) for __aeabi_frsub
    usart.o(i.USART1_Init) refers to ffixu.o(x$fpl$ffixu) for __aeabi_f2uiz
    dac.o(i.DAC1_Init) refers to dac.o(.data) for DAC1_DATE
    system_stm32f10x.o(i.SetSysClock) refers to system_stm32f10x.o(i.SetSysClockTo72) for SetSysClockTo72
    system_stm32f10x.o(i.SystemCoreClockUpdate) refers to system_stm32f10x.o(.data) for SystemCoreClock
    system_stm32f10x.o(i.SystemInit) refers to system_stm32f10x.o(i.SetSysClock) for SetSysClock
    startup_stm32f10x_hd.o(STACK) refers (Special) to heapauxi.o(.text) for __use_two_region_memory
    startup_stm32f10x_hd.o(HEAP) refers (Special) to heapauxi.o(.text) for __use_two_region_memory
    startup_stm32f10x_hd.o(RESET) refers (Special) to heapauxi.o(.text) for __use_two_region_memory
    startup_stm32f10x_hd.o(RESET) refers to startup_stm32f10x_hd.o(STACK) for __initial_sp
    startup_stm32f10x_hd.o(RESET) refers to startup_stm32f10x_hd.o(.text) for Reset_Handler
    startup_stm32f10x_hd.o(RESET) refers to context_rvds.o(.text) for HardFault_Handler
    startup_stm32f10x_hd.o(RESET) refers to board.o(i.SysTick_Handler) for SysTick_Handler
    startup_stm32f10x_hd.o(RESET) refers to usart.o(i.USART1_IRQHandler) for USART1_IRQHandler
    startup_stm32f10x_hd.o(.text) refers (Special) to heapauxi.o(.text) for __use_two_region_memory
    startup_stm32f10x_hd.o(.text) refers to system_stm32f10x.o(i.SystemInit) for SystemInit
    startup_stm32f10x_hd.o(.text) refers to __main.o(!!!main) for __main
    startup_stm32f10x_hd.o(.text) refers to startup_stm32f10x_hd.o(HEAP) for Heap_Mem
    startup_stm32f10x_hd.o(.text) refers to startup_stm32f10x_hd.o(STACK) for Stack_Mem
    components.o(i.$Sub$$main) refers to context_rvds.o(.text) for rt_hw_interrupt_disable
    components.o(i.$Sub$$main) refers to components.o(i.rtthread_startup) for rtthread_startup
    components.o(i.main_thread_entry) refers to components.o(i.rt_components_init) for rt_components_init
    components.o(i.main_thread_entry) refers to main.o(i.main) for $Super$$main
    components.o(i.rt_application_init) refers to thread.o(i.rt_thread_create) for rt_thread_create
    components.o(i.rt_application_init) refers to thread.o(i.rt_thread_startup) for rt_thread_startup
    components.o(i.rt_application_init) refers to components.o(i.main_thread_entry) for main_thread_entry
    components.o(i.rt_components_board_init) refers to components.o(.rti_fn.0.end) for __rt_init_rti_board_start
    components.o(i.rt_components_board_init) refers to components.o(.rti_fn.1.end) for __rt_init_rti_board_end
    components.o(i.rt_components_init) refers to components.o(.rti_fn.1.end) for __rt_init_rti_board_end
    components.o(i.rt_components_init) refers to components.o(.rti_fn.6.end) for __rt_init_rti_end
    components.o(i.rtthread_startup) refers to context_rvds.o(.text) for rt_hw_interrupt_disable
    components.o(i.rtthread_startup) refers to board.o(i.rt_hw_board_init) for rt_hw_board_init
    components.o(i.rtthread_startup) refers to kservice.o(i.rt_show_version) for rt_show_version
    components.o(i.rtthread_startup) refers to timer.o(i.rt_system_timer_init) for rt_system_timer_init
    components.o(i.rtthread_startup) refers to scheduler.o(i.rt_system_scheduler_init) for rt_system_scheduler_init
    components.o(i.rtthread_startup) refers to components.o(i.rt_application_init) for rt_application_init
    components.o(i.rtthread_startup) refers to timer.o(i.rt_system_timer_thread_init) for rt_system_timer_thread_init
    components.o(i.rtthread_startup) refers to idle.o(i.rt_thread_idle_init) for rt_thread_idle_init
[...]
    Removing ipc.o(i.rt_mq_control), (82 bytes).
    Removing ipc.o(i.rt_mq_create), (128 bytes).
    Removing ipc.o(i.rt_mq_delete), (28 bytes).
    Removing ipc.o(i.rt_mq_detach), (22 bytes).
    Removing ipc.o(i.rt_mq_init), (104 bytes).
    Removing ipc.o(i.rt_mq_recv), (296 bytes).
    Removing ipc.o(i.rt_mq_send), (164 bytes).
    Removing ipc.o(i.rt_mq_urgent), (156 bytes).
    Removing ipc.o(i.rt_mutex_control), (8 bytes).
    Removing ipc.o(i.rt_mutex_create), (50 bytes).
    Removing ipc.o(i.rt_mutex_delete), (22 bytes).
    Removing ipc.o(i.rt_mutex_detach), (22 bytes).
    Removing ipc.o(i.rt_mutex_init), (44 bytes).
    Removing ipc.o(i.rt_mutex_release), (176 bytes).
    Removing ipc.o(i.rt_mutex_take), (236 bytes).
    Removing ipc.o(i.rt_sem_control), (54 bytes).
    Removing ipc.o(i.rt_sem_create), (42 bytes).
    Removing ipc.o(i.rt_sem_delete), (22 bytes).
    Removing ipc.o(i.rt_sem_detach), (22 bytes).
    Removing ipc.o(i.rt_sem_trytake), (14 bytes).
    Removing irq.o(i.rt_interrupt_enter_sethook), (12 bytes).
    Removing irq.o(i.rt_interrupt_get_nest), (12 bytes).
    Removing irq.o(i.rt_interrupt_leave_sethook), (12 bytes).
    Removing clock.o(i.rt_system_tick_init), (2 bytes).
    Removing clock.o(i.rt_tick_from_millisecond), (36 bytes).
    Removing clock.o(i.rt_tick_set), (28 bytes).
    Removing kservice.o(i._rt_errno), (36 bytes).
    Removing kservice.o(i.print_number), (396 bytes).
    Removing kservice.o(i.rt_free_align), (16 bytes).
    Removing kservice.o(i.rt_get_errno), (36 bytes).
    Removing kservice.o(i.rt_malloc_align), (66 bytes).
    Removing kservice.o(i.rt_memcmp), (38 bytes).
    Removing kservice.o(i.rt_memcpy), (58 bytes).
    Removing kservice.o(i.rt_memmove), (66 bytes).
    Removing kservice.o(i.rt_set_errno), (40 bytes).
    Removing kservice.o(i.rt_snprintf), (38 bytes).
    Removing kservice.o(i.rt_sprintf), (34 bytes).
    Removing kservice.o(i.rt_strcasecmp), (48 bytes).
    Removing kservice.o(i.rt_strcmp), (28 bytes).
    Removing kservice.o(i.rt_strdup), (40 bytes).
    Removing kservice.o(i.rt_strlen), (18 bytes).
    Removing kservice.o(i.rt_strncmp), (40 bytes).
    Removing kservice.o(i.rt_strnlen), (24 bytes).
    Removing kservice.o(i.rt_strstr), (58 bytes).
    Removing kservice.o(i.rt_vsnprintf), (808 bytes).
    Removing kservice.o(i.rt_vsprintf), (22 bytes).
    Removing kservice.o(i.skip_atoi), (38 bytes).
    Removing kservice.o(.data), (4 bytes).
    Removing mem.o(i.rt_calloc), (34 bytes).
    Removing mem.o(i.rt_free_sethook), (12 bytes).
    Removing mem.o(i.rt_malloc_sethook), (12 bytes).
    Removing mem.o(i.rt_memory_info), (40 bytes).
    Removing mem.o(i.rt_realloc), (296 bytes).
    Removing mempool.o(i.rt_list_init), (6 bytes).
    Removing mempool.o(i.rt_list_isempty), (16 bytes).
    Removing mempool.o(i.rt_mp_alloc), (228 bytes).
    Removing mempool.o(i.rt_mp_alloc_sethook), (12 bytes).
    Removing mempool.o(i.rt_mp_create), (134 bytes).
    Removing mempool.o(i.rt_mp_delete), (70 bytes).
    Removing mempool.o(i.rt_mp_detach), (64 bytes).
    Removing mempool.o(i.rt_mp_free), (104 bytes).
    Removing mempool.o(i.rt_mp_free_sethook), (12 bytes).
    Removing mempool.o(i.rt_mp_init), (116 bytes).
    Removing mempool.o(.data), (8 bytes).
    Removing object.o(i.rt_object_attach_sethook), (12 bytes).
    Removing object.o(i.rt_object_detach_sethook), (12 bytes).
    Removing object.o(i.rt_object_find), (86 bytes).
    Removing object.o(i.rt_object_put_sethook), (12 bytes).
    Removing object.o(i.rt_object_take_sethook), (12 bytes).
    Removing object.o(i.rt_object_trytake_sethook), (12 bytes).
    Removing object.o(i.rt_system_object_init), (2 bytes).
    Removing scheduler.o(i.rt_critical_level), (12 bytes).
    Removing scheduler.o(i.rt_scheduler_sethook), (12 bytes).
    Removing thread.o(i.rt_thread_control), (118 bytes).
    Removing thread.o(i.rt_thread_delete), (64 bytes).
    Removing thread.o(i.rt_thread_detach), (76 bytes).
    Removing thread.o(i.rt_thread_find), (82 bytes).
    Removing thread.o(i.rt_thread_inited_sethook), (12 bytes).
    Removing thread.o(i.rt_thread_resume_sethook), (12 bytes).
    Removing thread.o(i.rt_thread_suspend_sethook), (12 bytes).
    Removing timer.o(i.rt_timer_create), (54 bytes).
    Removing timer.o(i.rt_timer_delete), (32 bytes).
    Removing timer.o(i.rt_timer_list_next_timeout), (28 bytes).
    Removing timer.o(i.rt_timer_next_timeout_tick), (16 bytes).
    Removing timer.o(i.rt_timer_timeout_sethook), (12 bytes).
    Removing cpuport.o(i.rt_hw_cpu_shutdown), (2 bytes).
    Removing cpuport.o(i.rt_hw_exception_install), (12 bytes).

109 unused section(s) (total 7398 bytes) removed from the image.

==============================================================================

Image Symbol Table

    Local Symbols

    Symbol Name                              Value     Ov Type        Size  Object(Section)

    ../clib/angel/boardlib.s                 0x00000000   Number         0  boardinit1.o ABSOLUTE
    ../clib/angel/boardlib.s                 0x00000000   Number         0  boardinit2.o ABSOLUTE
    ../clib/angel/boardlib.s                 0x00000000   Number         0  boardinit3.o ABSOLUTE
    ../clib/angel/boardlib.s                 0x00000000   Number         0  boardshut.o ABSOLUTE
    ../clib/angel/dczerorl2.s                0x00000000   Number         0  __dczerorl2.o ABSOLUTE
    ../clib/angel/handlers.s                 0x00000000   Number         0  __scatter_zi.o ABSOLUTE
    ../clib/angel/kernel.s                   0x00000000   Number         0  __rtentry4.o ABSOLUTE
    ../clib/angel/kernel.s                   0x00000000   Number         0  __rtentry2.o ABSOLUTE
    ../clib/angel/kernel.s                   0x00000000   Number         0  rtexit.o ABSOLUTE
    ../clib/angel/kernel.s                   0x00000000   Number         0  __rtentry.o ABSOLUTE
    ../clib/angel/kernel.s                   0x00000000   Number         0  rtexit2.o ABSOLUTE
    ../clib/angel/rt.s                       0x00000000   Number         0  rt_raise.o ABSOLUTE
    ../clib/angel/scatter.s                  0x00000000   Number         0  __scatter.o ABSOLUTE
    ../clib/angel/startup.s                  0x00000000   Number         0  __main.o ABSOLUTE
    ../clib/angel/sys.s                      0x00000000   Number         0  sys_stackheap_outer.o ABSOLUTE
    ../clib/angel/sys.s                      0x00000000   Number         0  libspace.o ABSOLUTE
    ../clib/angel/sys.s                      0x00000000   Number         0  use_no_semi.o ABSOLUTE
    ../clib/angel/sys.s                      0x00000000   Number         0  indicate_semi.o ABSOLUTE
    ../clib/angel/sysapp.c                   0x00000000   Number         0  sys_exit.o ABSOLUTE
    ../clib/angel/sysapp.c                   0x00000000   Number         0  sys_command.o ABSOLUTE
    ../clib/angel/sysapp.c                   0x00000000   Number         0  sys_wrch.o ABSOLUTE
    ../clib/armsys.c                         0x00000000   Number         0  no_argv.o ABSOLUTE
    ../clib/armsys.c                         0x00000000   Number         0  argv_veneer.o ABSOLUTE
    ../clib/armsys.c                         0x00000000   Number         0  argv_veneer.o ABSOLUTE
    ../clib/armsys.c                         0x00000000   Number         0  _get_argv_nomalloc.o ABSOLUTE
    ../clib/heapalloc.c                      0x00000000   Number         0  hrguard.o ABSOLUTE
    ../clib/heapaux.c                        0x00000000   Number         0  heapauxi.o ABSOLUTE
    ../clib/libinit.s                        0x00000000   Number         0  libinit.o ABSOLUTE
    ../clib/libinit.s                        0x00000000   Number         0  libinit2.o ABSOLUTE
    ../clib/libinit.s                        0x00000000   Number         0  libshutdown2.o ABSOLUTE
    ../clib/libinit.s                        0x00000000   Number         0  libshutdown.o ABSOLUTE
    ../clib/signal.c                         0x00000000   Number         0  defsig_rtmem_inner.o ABSOLUTE
    ../clib/signal.c                         0x00000000   Number         0  defsig_other.o ABSOLUTE
    ../clib/signal.c                         0x00000000   Number         0  defsig_rtmem_formal.o ABSOLUTE
    ../clib/signal.c                         0x00000000   Number         0  defsig_rtmem_outer.o ABSOLUTE
    ../clib/signal.c                         0x00000000   Number         0  defsig_segv_inner.o ABSOLUTE
    ../clib/signal.c                         0x00000000   Number         0  defsig_cppl_inner.o ABSOLUTE
    ../clib/signal.c                         0x00000000   Number         0  defsig_pvfn_inner.o ABSOLUTE
    ../clib/signal.c                         0x00000000   Number         0  defsig_stak_inner.o ABSOLUTE
    ../clib/signal.c                         0x00000000   Number         0  defsig_rtred_inner.o ABSOLUTE
    ../clib/signal.c                         0x00000000   Number         0  defsig_fpe_inner.o ABSOLUTE
    ../clib/signal.c                         0x00000000   Number         0  defsig_abrt_inner.o ABSOLUTE
    ../clib/signal.c                         0x00000000   Number         0  defsig_exit.o ABSOLUTE
    ../clib/signal.c                         0x00000000   Number         0  defsig_general.o ABSOLUTE
    ../clib/signal.c                         0x00000000   Number         0  __raise.o ABSOLUTE
    ../clib/signal.s                         0x00000000   Number         0  defsig.o ABSOLUTE
    ../clib/stdlib.c                         0x00000000   Number         0  exit.o ABSOLUTE
    ../fplib/faddsub.s                       0x00000000   Number         0  faddsub_clz.o ABSOLUTE
    ../fplib/ffixu.s                         0x00000000   Number         0  ffixu.o ABSOLUTE
    ../fplib/fflt.s                          0x00000000   Number         0  fflt_clz.o ABSOLUTE
    ../fplib/fnaninf.s                       0x00000000   Number         0  fnaninf.o ABSOLUTE
    ../fplib/fpinit.s                        0x00000000   Number         0  fpinit.o ABSOLUTE
    ../fplib/fretinf.s                       0x00000000   Number         0  fretinf.o ABSOLUTE
    ../fplib/usenofp.s                       0x00000000   Number         0  usenofp.o ABSOLUTE
    CMSIS\\core_cm3.c                        0x00000000   Number         0  core_cm3.o ABSOLUTE
    CMSIS\core_cm3.c                         0x00000000   Number         0  core_cm3.o ABSOLUTE
    CMSIS\startup_stm32f10x_hd.s             0x00000000   Number         0  startup_stm32f10x_hd.o ABSOLUTE
    CMSIS\system_stm32f10x.c                 0x00000000   Number         0  system_stm32f10x.o ABSOLUTE
    OS\bsp\board.c                           0x00000000   Number         0  board.o ABSOLUTE
    OS\libcpu\arm\cortex-m4\context_rvds.S   0x00000000   Number         0  context_rvds.o ABSOLUTE
    OS\libcpu\arm\cortex-m4\cpuport.c        0x00000000   Number         0  cpuport.o ABSOLUTE
    OS\src\clock.c                           0x00000000   Number         0  clock.o ABSOLUTE
    OS\src\components.c                      0x00000000   Number         0  components.o ABSOLUTE
    OS\src\device.c                          0x00000000   Number         0  device.o ABSOLUTE
    OS\src\idle.c                            0x00000000   Number         0  idle.o ABSOLUTE
    OS\src\ipc.c                             0x00000000   Number         0  ipc.o ABSOLUTE
    OS\src\irq.c                             0x00000000   Number         0  irq.o ABSOLUTE
    OS\src\kservice.c                        0x00000000   Number         0  kservice.o ABSOLUTE
    OS\src\mem.c                             0x00000000   Number         0  mem.o ABSOLUTE
    OS\src\memheap.c                         0x00000000   Number         0  memheap.o ABSOLUTE
    OS\src\mempool.c                         0x00000000   Number         0  mempool.o ABSOLUTE
    OS\src\object.c                          0x00000000   Number         0  object.o ABSOLUTE
    OS\src\scheduler.c                       0x00000000   Number         0  scheduler.o ABSOLUTE
    OS\src\signal.c                          0x00000000   Number         0  signal.o ABSOLUTE
    OS\src\thread.c                          0x00000000   Number         0  thread.o ABSOLUTE
    OS\src\timer.c                           0x00000000   Number         0  timer.o ABSOLUTE
    USER\DAC.c                               0x00000000   Number         0  dac.o ABSOLUTE
    USER\USART.c                             0x00000000   Number         0  usart.o ABSOLUTE
    USER\main.c                              0x00000000   Number         0  main.o ABSOLUTE
    dc.s                                     0x00000000   Number         0  dc.o ABSOLUTE
    RESET                                    0x08000000   Section      304  startup_stm32f10x_hd.o(RESET)
    !!!main                                  0x08000130   Section        8  __main.o(!!!main)
    !!!scatter                               0x08000138   Section       52  __scatter.o(!!!scatter)
    !!dczerorl2                              0x0800016c   Section       90  __dczerorl2.o(!!dczerorl2)
    !!handler_zi                             0x080001c8   Section       28  __scatter_zi.o(!!handler_zi)
    .ARM.Collect$$libinit$$00000000          0x080001e4   Section        2  libinit.o(.ARM.Collect$$libinit$$00000000)
    .ARM.Collect$$libinit$$00000002          0x080001e6   Section        0  libinit2.o(.ARM.Collect$$libinit$$00000002)
    .ARM.Collect$$libinit$$00000004          0x080001e6   Section        0  libinit2.o(.ARM.Collect$$libinit$$00000004)
    .ARM.Collect$$libinit$$0000000A          0x080001e6   Section        0  libinit2.o(.ARM.Collect$$libinit$$0000000A)
    .ARM.Collect$$libinit$$0000000C          0x080001e6   Section        0  libinit2.o(.ARM.Collect$$libinit$$0000000C)
    .ARM.Collect$$libinit$$0000000E          0x080001e6   Section        0  libinit2.o(.ARM.Collect$$libinit$$0000000E)
    .ARM.Collect$$libinit$$00000011          0x080001e6   Section        0  libinit2.o(.ARM.Collect$$libinit$$00000011)
    .ARM.Collect$$libinit$$00000013          0x080001e6   Section        0  libinit2.o(.ARM.Collect$$libinit$$00000013)
    .ARM.Collect$$libinit$$00000015          0x080001e6   Section        0  libinit2.o(.ARM.Collect$$libinit$$00000015)
    .ARM.Collect$$libinit$$00000017          0x080001e6   Section        0  libinit2.o(.ARM.Collect$$libinit$$00000017)
    .ARM.Collect$$libinit$$00000019          0x080001e6   Section        0  libinit2.o(.ARM.Collect$$libinit$$00000019)
    .ARM.Collect$$libinit$$0000001B          0x080001e6   Section        0  libinit2.o(.ARM.Collect$$libinit$$0000001B)
    .ARM.Collect$$libinit$$0000001D          0x080001e6   Section        0  libinit2.o(.ARM.Collect$$libinit$$0000001D)
    .ARM.Collect$$libinit$$0000001F          0x080001e6   Section        0  libinit2.o(.ARM.Collect$$libinit$$0000001F)
    .ARM.Collect$$libinit$$00000021          0x080001e6   Section        0  libinit2.o(.ARM.Collect$$libinit$$00000021)
    .ARM.Collect$$libinit$$00000023          0x080001e6   Section        0  libinit2.o(.ARM.Collect$$libinit$$00000023)
    .ARM.Collect$$libinit$$00000025          0x080001e6   Section        0  libinit2.o(.ARM.Collect$$libinit$$00000025)
    .ARM.Collect$$libinit$$0000002C          0x080001e6   Section        0  libinit2.o(.ARM.Collect$$libinit$$0000002C)
    .ARM.Collect$$libinit$$0000002E          0x080001e6   Section        0  libinit2.o(.ARM.Collect$$libinit$$0000002E)
    .ARM.Collect$$libinit$$00000030          0x080001e6   Section        0  libinit2.o(.ARM.Collect$$libinit$$00000030)
    .ARM.Collect$$libinit$$00000032          0x080001e6   Section        0  libinit2.o(.ARM.Collect$$libinit$$00000032)
    .ARM.Collect$$libinit$$00000033          0x080001e6   Section        2  libinit2.o(.ARM.Collect$$libinit$$00000033)
    .ARM.Collect$$libshutdown$$00000000      0x080001e8   Section        2  libshutdown.o(.ARM.Collect$$libshutdown$$00000000)
    .ARM.Collect$$libshutdown$$00000002      0x080001ea   Section        0  libshutdown2.o(.ARM.Collect$$libshutdown$$00000002)
    .ARM.Collect$$libshutdown$$00000004      0x080001ea   Section        0  libshutdown2.o(.ARM.Collect$$libshutdown$$00000004)
    .ARM.Collect$$libshutdown$$00000007      0x080001ea   Section        0  libshutdown2.o(.ARM.Collect$$libshutdown$$00000007)
    .ARM.Collect$$libshutdown$$0000000A      0x080001ea   Section        0  libshutdown2.o(.ARM.Collect$$libshutdown$$0000000A)
    .ARM.Collect$$libshutdown$$0000000C      0x080001ea   Section        0  libshutdown2.o(.ARM.Collect$$libshutdown$$0000000C)
    .ARM.Collect$$libshutdown$$0000000F      0x080001ea   Section        0  libshutdown2.o(.ARM.Collect$$libshutdown$$0000000F)
    .ARM.Collect$$libshutdown$$00000010      0x080001ea   Section        2  libshutdown2.o(.ARM.Collect$$libshutdown$$00000010)
    .ARM.Collect$$rtentry$$00000000          0x080001ec   Section        0  __rtentry.o(.ARM.Collect$$rtentry$$00000000)
    .ARM.Collect$$rtentry$$00000002          0x080001ec   Section        0  __rtentry2.o(.ARM.Collect$$rtentry$$00000002)
    .ARM.Collect$$rtentry$$00000004          0x080001ec   Section        6  __rtentry4.o(.ARM.Collect$$rtentry$$00000004)
    .ARM.Collect$$rtentry$$00000009          0x080001f2   Section        0  __rtentry2.o(.ARM.Collect$$rtentry$$00000009)
    .ARM.Collect$$rtentry$$0000000A          0x080001f2   Section        4  __rtentry2.o(.ARM.Collect$$rtentry$$0000000A)
    .ARM.Collect$$rtentry$$0000000C          0x080001f6   Section        0  __rtentry2.o(.ARM.Collect$$rtentry$$0000000C)
    .ARM.Collect$$rtentry$$0000000D          0x080001f6   Section        8  __rtentry2.o(.ARM.Collect$$rtentry$$0000000D)
    .ARM.Collect$$rtexit$$00000000           0x080001fe   Section        2  rtexit.o(.ARM.Collect$$rtexit$$00000000)
    .ARM.Collect$$rtexit$$00000002           0x08000200   Section        0  rtexit2.o(.ARM.Collect$$rtexit$$00000002)
    .ARM.Collect$$rtexit$$00000003           0x08000200   Section        4  rtexit2.o(.ARM.Collect$$rtexit$$00000003)
    .ARM.Collect$$rtexit$$00000004           0x08000204   Section        6  rtexit2.o(.ARM.Collect$$rtexit$$00000004)
    .text                                    0x0800020c   Section       64  startup_stm32f10x_hd.o(.text)
    .text                                    0x0800024c   Section      212  context_rvds.o(.text)
    .text                                    0x08000320   Section        0  heapauxi.o(.text)
    .text                                    0x08000326   Section       74  sys_stackheap_outer.o(.text)
    .text                                    0x08000370   Section        0  exit.o(.text)
    .text                                    0x08000384   Section        8  libspace.o(.text)
    .text                                    0x0800038c   Section        0  sys_exit.o(.text)
    .text                                    0x08000398   Section        2  use_no_semi.o(.text)
    .text                                    0x0800039a   Section        0  indicate_semi.o(.text)
    i.$Sub$$main                             0x0800039a   Section        0  components.o(i.$Sub$$main)
    i.DAC1_Init                              0x080003a8   Section        0  dac.o(i.DAC1_Init)
    i.SetSysClock                            0x0800052c   Section        0  system_stm32f10x.o(i.SetSysClock)
    SetSysClock                              0x0800052d   Thumb Code     8  system_stm32f10x.o(i.SetSysClock)
    i.SetSysClockTo72                        0x08000534   Section        0  system_stm32f10x.o(i.SetSysClockTo72)
    SetSysClockTo72                          0x08000535   Thumb Code   214  system_stm32f10x.o(i.SetSysClockTo72)
    i.SysTick_Handler                        0x08000614   Section        0  board.o(i.SysTick_Handler)
    i.SystemCoreClockUpdate                  0x08000624   Section        0  system_stm32f10x.o(i.SystemCoreClockUpdate)
    i.SystemInit                             0x080006c8   Section        0  system_stm32f10x.o(i.SystemInit)
    i.USART1_IRQHandler                      0x08000728   Section        0  usart.o(i.USART1_IRQHandler)
    i.USART1_Init                            0x0800076c   Section        0  usart.o(i.USART1_Init)
    i._SysTick_Config                        0x080008cc   Section        0  board.o(i._SysTick_Config)
    _SysTick_Config                          0x080008cd   Thumb Code    44  board.o(i._SysTick_Config)
    i.__rt_ffs                               0x080008fc   Section        0  kservice.o(i.__rt_ffs)
    i._has_defunct_thread                    0x08000948   Section        0  idle.o(i._has_defunct_thread)
    _has_defunct_thread                      0x08000949   Thumb Code    16  idle.o(i._has_defunct_thread)
    i._rt_thread_init                        0x0800095c   Section        0  thread.o(i._rt_thread_init)
    _rt_thread_init                          0x0800095d   Thumb Code   142  thread.o(i._rt_thread_init)
    i._rt_timer_init                         0x080009f8   Section        0  timer.o(i._rt_timer_init)
    _rt_timer_init                           0x080009f9   Thumb Code    66  timer.o(i._rt_timer_init)
    i._rt_timer_remove                       0x08000a3a   Section        0  timer.o(i._rt_timer_remove)
    _rt_timer_remove                         0x08000a3b   Thumb Code    46  timer.o(i._rt_timer_remove)
    i.ledinit                                0x08000a68   Section        0  main.o(i.ledinit)
    i.main                                   0x08000ad0   Section        0  main.o(i.main)
    i.main_thread_entry                      0x08000bf8   Section        0  components.o(i.main_thread_entry)
    i.plug_holes                             0x08000c08   Section        0  mem.o(i.plug_holes)
    plug_holes                               0x08000c09   Thumb Code   108  mem.o(i.plug_holes)
    i.rt_application_init                    0x08000c80   Section        0  components.o(i.rt_application_init)
    i.rt_components_board_init               0x08000cb0   Section        0  components.o(i.rt_components_board_init)
    i.rt_components_init                     0x08000ccc   Section        0  components.o(i.rt_components_init)
    i.rt_enter_critical                      0x08000ce8   Section        0  scheduler.o(i.rt_enter_critical)
    i.rt_exit_critical                       0x08000d08   Section        0  scheduler.o(i.rt_exit_critical)
    i.rt_free                                0x08000d44   Section        0  mem.o(i.rt_free)
    i.rt_heap_begin_get                      0x08000dd0   Section        0  board.o(i.rt_heap_begin_get)
    i.rt_heap_end_get                        0x08000dd8   Section        0  board.o(i.rt_heap_end_get)
    i.rt_hw_board_init                       0x08000de0   Section        0  board.o(i.rt_hw_board_init)
    i.rt_hw_hard_fault_exception             0x08000e18   Section        0  cpuport.o(i.rt_hw_hard_fault_exception)
    i.rt_hw_stack_init                       0x08000e3c   Section        0  cpuport.o(i.rt_hw_stack_init)
    i.rt_interrupt_enter                     0x08000e88   Section        0  irq.o(i.rt_interrupt_enter)
    i.rt_interrupt_leave                     0x08000ebc   Section        0  irq.o(i.rt_interrupt_leave)
    i.rt_ipc_list_resume                     0x08000ef0   Section        0  ipc.o(i.rt_ipc_list_resume)
    rt_ipc_list_resume                       0x08000ef1   Thumb Code    20  ipc.o(i.rt_ipc_list_resume)
    i.rt_ipc_list_suspend                    0x08000f04   Section        0  ipc.o(i.rt_ipc_list_suspend)
    rt_ipc_list_suspend                      0x08000f05   Thumb Code   108  ipc.o(i.rt_ipc_list_suspend)
    i.rt_ipc_object_init                     0x08000f70   Section        0  ipc.o(i.rt_ipc_object_init)
    rt_ipc_object_init                       0x08000f71   Thumb Code    16  ipc.o(i.rt_ipc_object_init)
    i.rt_list_init                           0x08000f80   Section        0  ipc.o(i.rt_list_init)
    rt_list_init                             0x08000f81   Thumb Code     6  ipc.o(i.rt_list_init)
    i.rt_list_init                           0x08000f86   Section        0  scheduler.o(i.rt_list_init)
    rt_list_init                             0x08000f87   Thumb Code     6  scheduler.o(i.rt_list_init)
    i.rt_list_init                           0x08000f8c   Section        0  timer.o(i.rt_list_init)
    rt_list_init                             0x08000f8d   Thumb Code     6  timer.o(i.rt_list_init)
    i.rt_list_insert_after                   0x08000f92   Section        0  object.o(i.rt_list_insert_after)
    rt_list_insert_after                     0x08000f93   Thumb Code    14  object.o(i.rt_list_insert_after)
    i.rt_list_insert_after                   0x08000fa0   Section        0  thread.o(i.rt_list_insert_after)
    rt_list_insert_after                     0x08000fa1   Thumb Code    14  thread.o(i.rt_list_insert_after)
    i.rt_list_insert_after                   0x08000fae   Section        0  timer.o(i.rt_list_insert_after)
    rt_list_insert_after                     0x08000faf   Thumb Code    14  timer.o(i.rt_list_insert_after)
    i.rt_list_insert_before                  0x08000fbc   Section        0  ipc.o(i.rt_list_insert_before)
    rt_list_insert_before                    0x08000fbd   Thumb Code    14  ipc.o(i.rt_list_insert_before)
    i.rt_list_isempty                        0x08000fca   Section        0  ipc.o(i.rt_list_isempty)
    rt_list_isempty                          0x08000fcb   Thumb Code    16  ipc.o(i.rt_list_isempty)
    i.rt_list_isempty                        0x08000fda   Section        0  timer.o(i.rt_list_isempty)
    rt_list_isempty                          0x08000fdb   Thumb Code    16  timer.o(i.rt_list_isempty)
    i.rt_list_remove                         0x08000fea   Section        0  object.o(i.rt_list_remove)
    rt_list_remove                           0x08000feb   Thumb Code    18  object.o(i.rt_list_remove)
    i.rt_list_remove                         0x08000ffc   Section        0  thread.o(i.rt_list_remove)
    rt_list_remove                           0x08000ffd   Thumb Code    18  thread.o(i.rt_list_remove)
    i.rt_malloc                              0x08001010   Section        0  mem.o(i.rt_malloc)
    i.rt_memset                              0x08001198   Section        0  kservice.o(i.rt_memset)
    i.rt_object_allocate                     0x080011ac   Section        0  object.o(i.rt_object_allocate)
    i.rt_object_delete                       0x0800120c   Section        0  object.o(i.rt_object_delete)
    i.rt_object_detach                       0x08001244   Section        0  object.o(i.rt_object_detach)
    i.rt_object_get_information              0x08001274   Section        0  object.o(i.rt_object_get_information)
    i.rt_object_init                         0x0800129c   Section        0  object.o(i.rt_object_init)
    i.rt_object_is_systemobject              0x080012f0   Section        0  object.o(i.rt_object_is_systemobject)
    i.rt_schedule                            0x08001304   Section        0  scheduler.o(i.rt_schedule)
    i.rt_schedule_insert_thread              0x080013ac   Section        0  scheduler.o(i.rt_schedule_insert_thread)
    i.rt_schedule_remove_thread              0x080013fc   Section        0  scheduler.o(i.rt_schedule_remove_thread)
    i.rt_sem_init                            0x08001450   Section        0  ipc.o(i.rt_sem_init)
    i.rt_sem_release                         0x08001478   Section        0  ipc.o(i.rt_sem_release)
    i.rt_sem_take                            0x080014c8   Section        0  ipc.o(i.rt_sem_take)
    i.rt_show_version                        0x08001568   Section        0  kservice.o(i.rt_show_version)
    i.rt_strncpy                             0x0800156a   Section        0  kservice.o(i.rt_strncpy)
    i.rt_system_heap_init                    0x080015a0   Section        0  mem.o(i.rt_system_heap_init)
    i.rt_system_scheduler_init               0x08001650   Section        0  scheduler.o(i.rt_system_scheduler_init)
    i.rt_system_scheduler_start              0x0800169c   Section        0  scheduler.o(i.rt_system_scheduler_start)
    i.rt_system_timer_init                   0x080016cc   Section        0  timer.o(i.rt_system_timer_init)
    i.rt_system_timer_thread_init            0x080016e8   Section        0  timer.o(i.rt_system_timer_thread_init)
    i.rt_thread_create                       0x080016ea   Section        0  thread.o(i.rt_thread_create)
    i.rt_thread_delay                        0x0800173a   Section        0  thread.o(i.rt_thread_delay)
    i.rt_thread_exit                         0x08001748   Section        0  thread.o(i.rt_thread_exit)
    i.rt_thread_idle_entry                   0x0800179c   Section        0  idle.o(i.rt_thread_idle_entry)
    rt_thread_idle_entry                     0x0800179d   Thumb Code    20  idle.o(i.rt_thread_idle_entry)
    i.rt_thread_idle_excute                  0x080017b4   Section        0  idle.o(i.rt_thread_idle_excute)
    i.rt_thread_idle_init                    0x08001838   Section        0  idle.o(i.rt_thread_idle_init)
    i.rt_thread_init                         0x08001874   Section        0  thread.o(i.rt_thread_init)
    i.rt_thread_resume                       0x080018a8   Section        0  thread.o(i.rt_thread_resume)
    i.rt_thread_self                         0x080018fc   Section        0  thread.o(i.rt_thread_self)
    i.rt_thread_sleep                        0x08001908   Section        0  thread.o(i.rt_thread_sleep)
    i.rt_thread_startup                      0x0800194c   Section        0  thread.o(i.rt_thread_startup)
    i.rt_thread_suspend                      0x08001978   Section        0  thread.o(i.rt_thread_suspend)
    i.rt_thread_timeout                      0x080019d4   Section        0  thread.o(i.rt_thread_timeout)
    i.rt_thread_yield                        0x080019f4   Section        0  thread.o(i.rt_thread_yield)
    i.rt_tick_get                            0x08001a58   Section        0  clock.o(i.rt_tick_get)
    i.rt_tick_increase                       0x08001a64   Section        0  clock.o(i.rt_tick_increase)
    i.rt_timer_check                         0x08001a94   Section        0  timer.o(i.rt_timer_check)
    i.rt_timer_control                       0x08001b24   Section        0  timer.o(i.rt_timer_control)
    i.rt_timer_detach                        0x08001b5c   Section        0  timer.o(i.rt_timer_detach)
    i.rt_timer_init                          0x08001b7c   Section        0  timer.o(i.rt_timer_init)
    i.rt_timer_start                         0x08001bac   Section        0  timer.o(i.rt_timer_start)
    i.rt_timer_stop                          0x08001cb8   Section        0  timer.o(i.rt_timer_stop)
    i.rti_board_end                          0x08001d00   Section        0  components.o(i.rti_board_end)
    rti_board_end                            0x08001d01   Thumb Code     4  components.o(i.rti_board_end)
    i.rti_board_start                        0x08001d04   Section        0  components.o(i.rti_board_start)
    rti_board_start                          0x08001d05   Thumb Code     4  components.o(i.rti_board_start)
    i.rti_end                                0x08001d08   Section        0  components.o(i.rti_end)
    rti_end                                  0x08001d09   Thumb Code     4  components.o(i.rti_end)
    i.rti_start                              0x08001d0c   Section        0  components.o(i.rti_start)
    rti_start                                0x08001d0d   Thumb Code     4  components.o(i.rti_start)
    i.rtthread_startup                       0x08001d10   Section        0  components.o(i.rtthread_startup)
    i.task1                                  0x08001d3c   Section        0  main.o(i.task1)
    i.task2                                  0x08001dd4   Section        0  main.o(i.task2)
    x$fpl$fadd                               0x08001e18   Section      196  faddsub_clz.o(x$fpl$fadd)
    _fadd1                                   0x08001e27   Thumb Code     0  faddsub_clz.o(x$fpl$fadd)
    x$fpl$ffixu                              0x08001edc   Section       62  ffixu.o(x$fpl$ffixu)
    x$fpl$ffltu                              0x08001f1c   Section       38  fflt_clz.o(x$fpl$ffltu)
    x$fpl$fnaninf                            0x08001f42   Section      140  fnaninf.o(x$fpl$fnaninf)
    x$fpl$fretinf                            0x08001fce   Section       10  fretinf.o(x$fpl$fretinf)
    x$fpl$frsb                               0x08001fd8   Section       20  faddsub_clz.o(x$fpl$frsb)
    x$fpl$fsub                               0x08001fec   Section      234  faddsub_clz.o(x$fpl$fsub)
    _fsub1                                   0x08001ffb   Thumb Code     0  faddsub_clz.o(x$fpl$fsub)
    x$fpl$usenofp                            0x080020d6   Section        0  usenofp.o(x$fpl$usenofp)
    .constdata                               0x080020d8   Section      252  main.o(.constdata)
    .constdata                               0x080021d4   Section      290  kservice.o(.constdata)
    small_digits                             0x080022d4   Data          17  kservice.o(.constdata)
    large_digits                             0x080022e5   Data          17  kservice.o(.constdata)
    .rti_fn.0                                0x080022f8   Section        4  components.o(.rti_fn.0)
    __tagsym$$used                           0x080022f8   Number         0  components.o(.rti_fn.0)
    .rti_fn.0.end                            0x080022fc   Section        4  components.o(.rti_fn.0.end)
    __tagsym$$used                           0x080022fc   Number         0  components.o(.rti_fn.0.end)
    .rti_fn.1.end                            0x08002300   Section        4  components.o(.rti_fn.1.end)
    __tagsym$$used                           0x08002300   Number         0  components.o(.rti_fn.1.end)
    .rti_fn.6.end                            0x08002304   Section        4  components.o(.rti_fn.6.end)
    __tagsym$$used                           0x08002304   Number         0  components.o(.rti_fn.6.end)
    .data                                    0x20000000   Section        5  main.o(.data)
    .data                                    0x20000005   Section        5  usart.o(.data)
    .data                                    0x2000000c   Section      256  dac.o(.data)
    .data                                    0x2000010c   Section       20  system_stm32f10x.o(.data)
    .data                                    0x20000120   Section        4  idle.o(.data)
    rt_thread_idle_hook                      0x20000120   Data           4  idle.o(.data)
    .data                                    0x20000124   Section        9  irq.o(.data)
    rt_interrupt_enter_hook                  0x20000124   Data           4  irq.o(.data)
    rt_interrupt_leave_hook                  0x20000128   Data           4  irq.o(.data)
    .data                                    0x20000130   Section        4  clock.o(.data)
    rt_tick                                  0x20000130   Data           4  clock.o(.data)
    .data                                    0x20000134   Section       32  mem.o(.data)
    rt_malloc_hook                           0x20000134   Data           4  mem.o(.data)
    rt_free_hook                             0x20000138   Data           4  mem.o(.data)
    heap_ptr                                 0x2000013c   Data           4  mem.o(.data)
    heap_end                                 0x20000140   Data           4  mem.o(.data)
    lfree                                    0x20000144   Data           4  mem.o(.data)
    mem_size_aligned                         0x20000148   Data           4  mem.o(.data)
    used_mem                                 0x2000014c   Data           4  mem.o(.data)
    max_mem                                  0x20000150   Data           4  mem.o(.data)
    .data                                    0x20000154   Section      148  object.o(.data)
    rt_object_container                      0x20000154   Data         128  object.o(.data)
    rt_object_attach_hook                    0x200001d4   Data           4  object.o(.data)
    rt_object_detach_hook                    0x200001d8   Data           4  object.o(.data)
    .data                                    0x200001e8   Section       28  scheduler.o(.data)
    rt_scheduler_lock_nest                   0x200001e8   Data           2  scheduler.o(.data)
    rt_scheduler_hook                        0x20000200   Data           4  scheduler.o(.data)
    .data                                    0x20000204   Section       12  thread.o(.data)
    rt_thread_suspend_hook                   0x20000204   Data           4  thread.o(.data)
    rt_thread_resume_hook                    0x20000208   Data           4  thread.o(.data)
    rt_thread_inited_hook                    0x2000020c   Data           4  thread.o(.data)
    .data                                    0x20000210   Section       16  timer.o(.data)
    rt_timer_list                            0x20000210   Data           8  timer.o(.data)
    rt_timer_timeout_hook                    0x20000218   Data           4  timer.o(.data)
    random_nr                                0x2000021c   Data           4  timer.o(.data)
    .data                                    0x20000220   Section       16  cpuport.o(.data)
    rt_exception_hook                        0x2000022c   Data           4  cpuport.o(.data)
    .bss                                     0x20000230   Section      384  idle.o(.bss)
    idle                                     0x20000230   Data         128  idle.o(.bss)
    rt_thread_stack                          0x200002b0   Data         256  idle.o(.bss)
    .bss                                     0x200003b0   Section       32  mem.o(.bss)
    heap_sem                                 0x200003b0   Data          32  mem.o(.bss)
    .bss                                     0x200003d0   Section      256  scheduler.o(.bss)
    .bss                                     0x200004d0   Section     4096  board.o(.bss)
    rt_heap                                  0x200004d0   Data        4096  board.o(.bss)
    .bss                                     0x200014d0   Section       96  libspace.o(.bss)
    HEAP                                     0x20001530   Section      512  startup_stm32f10x_hd.o(HEAP)
    Heap_Mem                                 0x20001530   Data         512  startup_stm32f10x_hd.o(HEAP)
    STACK                                    0x20001730   Section     1024  startup_stm32f10x_hd.o(STACK)
    Stack_Mem                                0x20001730   Data        1024  startup_stm32f10x_hd.o(STACK)
    __initial_sp                             0x20001b30   Data           0  startup_stm32f10x_hd.o(STACK)

    Global Symbols

    Symbol Name                              Value     Ov Type        Size  Object(Section)

    BuildAttributes$$THM_ISAv4$P$D$K$B$S$PE$A:L22UL41UL21$X:L11$S22US41US21$IEEE1$IW$USESV6$~STKCKD$USESV7$~SHL$OSPACE$ROPI$EBA8$UX$STANDARDLIB$REQ8$PRES8$EABIv2 0x00000000   Number         0  anon$$obj.o ABSOLUTE
    __ARM_use_no_argv                        0x00000000   Number         0  main.o ABSOLUTE
    __ARM_exceptions_init                     - Undefined Weak Reference
    __alloca_initialize                       - Undefined Weak Reference
    __arm_preinit_                            - Undefined Weak Reference
    __cpp_initialize__aeabi_                  - Undefined Weak Reference
    __cxa_finalize                            - Undefined Weak Reference
    __rt_locale                               - Undefined Weak Reference
    __sigvec_lookup                           - Undefined Weak Reference
    _atexit_init                              - Undefined Weak Reference
    _call_atexit_fns                          - Undefined Weak Reference
    _clock_init                               - Undefined Weak Reference
    _fp_trap_init                             - Undefined Weak Reference
    _fp_trap_shutdown                         - Undefined Weak Reference
    _get_lc_collate                           - Undefined Weak Reference
    _get_lc_ctype                             - Undefined Weak Reference
    _get_lc_monetary                          - Undefined Weak Reference
    _get_lc_numeric                           - Undefined Weak Reference
    _get_lc_time                              - Undefined Weak Reference
    _getenv_init                              - Undefined Weak Reference
    _handle_redirection                       - Undefined Weak Reference
    _init_alloc                               - Undefined Weak Reference
    _init_user_alloc                          - Undefined Weak Reference
    _initio                                   - Undefined Weak Reference
    _rand_init                                - Undefined Weak Reference
    _signal_finish                            - Undefined Weak Reference
    _signal_init                              - Undefined Weak Reference
    _terminate_alloc                          - Undefined Weak Reference
    _terminate_user_alloc                     - Undefined Weak Reference
    _terminateio                              - Undefined Weak Reference
    __Vectors_Size                           0x00000130   Number         0  startup_stm32f10x_hd.o ABSOLUTE
    __Vectors                                0x08000000   Data           4  startup_stm32f10x_hd.o(RESET)
    __Vectors_End                            0x08000130   Data           0  startup_stm32f10x_hd.o(RESET)
    __main                                   0x08000131   Thumb Code     8  __main.o(!!!main)
    __scatterload                            0x08000139   Thumb Code     0  __scatter.o(!!!scatter)
    __scatterload_rt2                        0x08000139   Thumb Code    44  __scatter.o(!!!scatter)
    __scatterload_rt2_thumb_only             0x08000139   Thumb Code     0  __scatter.o(!!!scatter)
    __scatterload_null                       0x08000147   Thumb Code     0  __scatter.o(!!!scatter)
    __decompress                             0x0800016d   Thumb Code    90  __dczerorl2.o(!!dczerorl2)
    __decompress1                            0x0800016d   Thumb Code     0  __dczerorl2.o(!!dczerorl2)
    __scatterload_zeroinit                   0x080001c9   Thumb Code    28  __scatter_zi.o(!!handler_zi)
    __rt_lib_init                            0x080001e5   Thumb Code     0  libinit.o(.ARM.Collect$$libinit$$00000000)
    __rt_lib_init_alloca_1                   0x080001e7   Thumb Code     0  libinit2.o(.ARM.Collect$$libinit$$0000002E)
    __rt_lib_init_argv_1                     0x080001e7   Thumb Code     0  libinit2.o(.ARM.Collect$$libinit$$0000002C)
    __rt_lib_init_atexit_1                   0x080001e7   Thumb Code     0  libinit2.o(.ARM.Collect$$libinit$$0000001B)
    __rt_lib_init_clock_1                    0x080001e7   Thumb Code     0  libinit2.o(.ARM.Collect$$libinit$$00000021)
    __rt_lib_init_cpp_1                      0x080001e7   Thumb Code     0  libinit2.o(.ARM.Collect$$libinit$$00000032)
    __rt_lib_init_exceptions_1               0x080001e7   Thumb Code     0  libinit2.o(.ARM.Collect$$libinit$$00000030)
    __rt_lib_init_fp_1                       0x080001e7   Thumb Code     0  libinit2.o(.ARM.Collect$$libinit$$00000002)
    __rt_lib_init_fp_trap_1                  0x080001e7   Thumb Code     0  libinit2.o(.ARM.Collect$$libinit$$0000001F)
    __rt_lib_init_getenv_1                   0x080001e7   Thumb Code     0  libinit2.o(.ARM.Collect$$libinit$$00000023)
    __rt_lib_init_heap_1                     0x080001e7   Thumb Code     0  libinit2.o(.ARM.Collect$$libinit$$0000000A)
    __rt_lib_init_lc_collate_1               0x080001e7   Thumb Code     0  libinit2.o(.ARM.Collect$$libinit$$00000011)
    __rt_lib_init_lc_ctype_1                 0x080001e7   Thumb Code     0  libinit2.o(.ARM.Collect$$libinit$$00000013)
    __rt_lib_init_lc_monetary_1              0x080001e7   Thumb Code     0  libinit2.o(.ARM.Collect$$libinit$$00000015)
    __rt_lib_init_lc_numeric_1               0x080001e7   Thumb Code     0  libinit2.o(.ARM.Collect$$libinit$$00000017)
    __rt_lib_init_lc_time_1                  0x080001e7   Thumb Code     0  libinit2.o(.ARM.Collect$$libinit$$00000019)
    __rt_lib_init_preinit_1                  0x080001e7   Thumb Code     0  libinit2.o(.ARM.Collect$$libinit$$00000004)
    __rt_lib_init_rand_1                     0x080001e7   Thumb Code     0  libinit2.o(.ARM.Collect$$libinit$$0000000E)
    __rt_lib_init_return                     0x080001e7   Thumb Code     0  libinit2.o(.ARM.Collect$$libinit$$00000033)
    __rt_lib_init_signal_1                   0x080001e7   Thumb Code     0  libinit2.o(.ARM.Collect$$libinit$$0000001D)
    __rt_lib_init_stdio_1                    0x080001e7   Thumb Code     0  libinit2.o(.ARM.Collect$$libinit$$00000025)
    __rt_lib_init_user_alloc_1               0x080001e7   Thumb Code     0  libinit2.o(.ARM.Collect$$libinit$$0000000C)
    __rt_lib_shutdown                        0x080001e9   Thumb Code     0  libshutdown.o(.ARM.Collect$$libshutdown$$00000000)
    __rt_lib_shutdown_cpp_1                  0x080001eb   Thumb Code     0  libshutdown2.o(.ARM.Collect$$libshutdown$$00000002)
    __rt_lib_shutdown_fp_trap_1              0x080001eb   Thumb Code     0  libshutdown2.o(.ARM.Collect$$libshutdown$$00000007)
    __rt_lib_shutdown_heap_1                 0x080001eb   Thumb Code     0  libshutdown2.o(.ARM.Collect$$libshutdown$$0000000F)
    __rt_lib_shutdown_return                 0x080001eb   Thumb Code     0  libshutdown2.o(.ARM.Collect$$libshutdown$$00000010)
    __rt_lib_shutdown_signal_1               0x080001eb   Thumb Code     0  libshutdown2.o(.ARM.Collect$$libshutdown$$0000000A)
    __rt_lib_shutdown_stdio_1                0x080001eb   Thumb Code     0  libshutdown2.o(.ARM.Collect$$libshutdown$$00000004)
    __rt_lib_shutdown_user_alloc_1           0x080001eb   Thumb Code     0  libshutdown2.o(.ARM.Collect$$libshutdown$$0000000C)
    __rt_entry                               0x080001ed   Thumb Code     0  __rtentry.o(.ARM.Collect$$rtentry$$00000000)
    __rt_entry_presh_1                       0x080001ed   Thumb Code     0  __rtentry2.o(.ARM.Collect$$rtentry$$00000002)
    __rt_entry_sh                            0x080001ed   Thumb Code     0  __rtentry4.o(.ARM.Collect$$rtentry$$00000004)
    __rt_entry_li                            0x080001f3   Thumb Code     0  __rtentry2.o(.ARM.Collect$$rtentry$$0000000A)
    __rt_entry_postsh_1                      0x080001f3   Thumb Code     0  __rtentry2.o(.ARM.Collect$$rtentry$$00000009)
    __rt_entry_main                          0x080001f7   Thumb Code     0  __rtentry2.o(.ARM.Collect$$rtentry$$0000000D)
    __rt_entry_postli_1                      0x080001f7   Thumb Code     0  __rtentry2.o(.ARM.Collect$$rtentry$$0000000C)
    __rt_exit                                0x080001ff   Thumb Code     0  rtexit.o(.ARM.Collect$$rtexit$$00000000)
    __rt_exit_ls                             0x08000201   Thumb Code     0  rtexit2.o(.ARM.Collect$$rtexit$$00000003)
    __rt_exit_prels_1                        0x08000201   Thumb Code     0  rtexit2.o(.ARM.Collect$$rtexit$$00000002)
    __rt_exit_exit                           0x08000205   Thumb Code     0  rtexit2.o(.ARM.Collect$$rtexit$$00000004)
    Reset_Handler                            0x0800020d   Thumb Code     8  startup_stm32f10x_hd.o(.text)
    NMI_Handler                              0x08000215   Thumb Code     2  startup_stm32f10x_hd.o(.text)
    MemManage_Handler                        0x08000219   Thumb Code     2  startup_stm32f10x_hd.o(.text)
    BusFault_Handler                         0x0800021b   Thumb Code     2  startup_stm32f10x_hd.o(.text)
    UsageFault_Handler                       0x0800021d   Thumb Code     2  startup_stm32f10x_hd.o(.text)
    SVC_Handler                              0x0800021f   Thumb Code     2  startup_stm32f10x_hd.o(.text)
    DebugMon_Handler                         0x08000221   Thumb Code     2  startup_stm32f10x_hd.o(.text)
    ADC1_2_IRQHandler                        0x08000227   Thumb Code     0  startup_stm32f10x_hd.o(.text)
    ADC3_IRQHandler                          0x08000227   Thumb Code     0  startup_stm32f10x_hd.o(.text)
    CAN1_RX1_IRQHandler                      0x08000227   Thumb Code     0  startup_stm32f10x_hd.o(.text)
    CAN1_SCE_IRQHandler                      0x08000227   Thumb Code     0  startup_stm32f10x_hd.o(.text)
    DMA1_Channel1_IRQHandler                 0x08000227   Thumb Code     0  startup_stm32f10x_hd.o(.text)
    DMA1_Channel2_IRQHandler                 0x08000227   Thumb Code     0  startup_stm32f10x_hd.o(.text)
    DMA1_Channel3_IRQHandler                 0x08000227   Thumb Code     0  startup_stm32f10x_hd.o(.text)
    DMA1_Channel4_IRQHandler                 0x08000227   Thumb Code     0  startup_stm32f10x_hd.o(.text)
    DMA1_Channel5_IRQHandler                 0x08000227   Thumb Code     0  startup_stm32f10x_hd.o(.text)
    DMA1_Channel6_IRQHandler                 0x08000227   Thumb Code     0  startup_stm32f10x_hd.o(.text)
    DMA1_Channel7_IRQHandler                 0x08000227   Thumb Code     0  startup_stm32f10x_hd.o(.text)
    DMA2_Channel1_IRQHandler                 0x08000227   Thumb Code     0  startup_stm32f10x_hd.o(.text)
    DMA2_Channel2_IRQHandler                 0x08000227   Thumb Code     0  startup_stm32f10x_hd.o(.text)
    DMA2_Channel3_IRQHandler                 0x08000227   Thumb Code     0  startup_stm32f10x_hd.o(.text)
    DMA2_Channel4_5_IRQHandler               0x08000227   Thumb Code     0  startup_stm32f10x_hd.o(.text)
    EXTI0_IRQHandler                         0x08000227   Thumb Code     0  startup_stm32f10x_hd.o(.text)
    EXTI15_10_IRQHandler                     0x08000227   Thumb Code     0  startup_stm32f10x_hd.o(.text)
    EXTI1_IRQHandler                         0x08000227   Thumb Code     0  startup_stm32f10x_hd.o(.text)
    EXTI2_IRQHandler                         0x08000227   Thumb Code     0  startup_stm32f10x_hd.o(.text)
    EXTI3_IRQHandler                         0x08000227   Thumb Code     0  startup_stm32f10x_hd.o(.text)
    EXTI4_IRQHandler                         0x08000227   Thumb Code     0  startup_stm32f10x_hd.o(.text)
    EXTI9_5_IRQHandler                       0x08000227   Thumb Code     0  startup_stm32f10x_hd.o(.text)
    FLASH_IRQHandler                         0x08000227   Thumb Code     0  startup_stm32f10x_hd.o(.text)
    FSMC_IRQHandler                          0x08000227   Thumb Code     0  startup_stm32f10x_hd.o(.text)
    I2C1_ER_IRQHandler                       0x08000227   Thumb Code     0  startup_stm32f10x_hd.o(.text)
    I2C1_EV_IRQHandler                       0x08000227   Thumb Code     0  startup_stm32f10x_hd.o(.text)
    I2C2_ER_IRQHandler                       0x08000227   Thumb Code     0  startup_stm32f10x_hd.o(.text)
    I2C2_EV_IRQHandler                       0x08000227   Thumb Code     0  startup_stm32f10x_hd.o(.text)
    PVD_IRQHandler                           0x08000227   Thumb Code     0  startup_stm32f10x_hd.o(.text)
    RCC_IRQHandler                           0x08000227   Thumb Code     0  startup_stm32f10x_hd.o(.text)
    RTCAlarm_IRQHandler                      0x08000227   Thumb Code     0  startup_stm32f10x_hd.o(.text)
    RTC_IRQHandler                           0x08000227   Thumb Code     0  startup_stm32f10x_hd.o(.text)
    SDIO_IRQHandler                          0x08000227   Thumb Code     0  startup_stm32f10x_hd.o(.text)
    SPI1_IRQHandler                          0x08000227   Thumb Code     0  startup_stm32f10x_hd.o(.text)
    SPI2_IRQHandler                          0x08000227   Thumb Code     0  startup_stm32f10x_hd.o(.text)
    SPI3_IRQHandler                          0x08000227   Thumb Code     0  startup_stm32f10x_hd.o(.text)
    TAMPER_IRQHandler                        0x08000227   Thumb Code     0  startup_stm32f10x_hd.o(.text)
    TIM1_BRK_IRQHandler                      0x08000227   Thumb Code     0  startup_stm32f10x_hd.o(.text)
    TIM1_CC_IRQHandler                       0x08000227   Thumb Code     0  startup_stm32f10x_hd.o(.text)
    TIM1_TRG_COM_IRQHandler                  0x08000227   Thumb Code     0  startup_stm32f10x_hd.o(.text)
    TIM1_UP_IRQHandler                       0x08000227   Thumb Code     0  startup_stm32f10x_hd.o(.text)
    TIM2_IRQHandler                          0x08000227   Thumb Code     0  startup_stm32f10x_hd.o(.text)
    TIM3_IRQHandler                          0x08000227   Thumb Code     0  startup_stm32f10x_hd.o(.text)
    TIM4_IRQHandler                          0x08000227   Thumb Code     0  startup_stm32f10x_hd.o(.text)
    TIM5_IRQHandler                          0x08000227   Thumb Code     0  startup_stm32f10x_hd.o(.text)
    TIM6_IRQHandler                          0x08000227   Thumb Code     0  startup_stm32f10x_hd.o(.text)
    TIM7_IRQHandler                          0x08000227   Thumb Code     0  startup_stm32f10x_hd.o(.text)
    TIM8_BRK_IRQHandler                      0x08000227   Thumb Code     0  startup_stm32f10x_hd.o(.text)
    TIM8_CC_IRQHandler                       0x08000227   Thumb Code     0  startup_stm32f10x_hd.o(.text)
    TIM8_TRG_COM_IRQHandler                  0x08000227   Thumb Code     0  startup_stm32f10x_hd.o(.text)
    TIM8_UP_IRQHandler                       0x08000227   Thumb Code     0  startup_stm32f10x_hd.o(.text)
    UART4_IRQHandler                         0x08000227   Thumb Code     0  startup_stm32f10x_hd.o(.text)
    UART5_IRQHandler                         0x08000227   Thumb Code     0  startup_stm32f10x_hd.o(.text)
    USART2_IRQHandler                        0x08000227   Thumb Code     0  startup_stm32f10x_hd.o(.text)
    USART3_IRQHandler                        0x08000227   Thumb Code     0  startup_stm32f10x_hd.o(.text)
    USBWakeUp_IRQHandler                     0x08000227   Thumb Code     0  startup_stm32f10x_hd.o(.text)
    USB_HP_CAN1_TX_IRQHandler                0x08000227   Thumb Code     0  startup_stm32f10x_hd.o(.text)
    USB_LP_CAN1_RX0_IRQHandler               0x08000227   Thumb Code     0  startup_stm32f10x_hd.o(.text)
    WWDG_IRQHandler                          0x08000227   Thumb Code     0  startup_stm32f10x_hd.o(.text)
    __user_initial_stackheap                 0x08000229   Thumb Code     0  startup_stm32f10x_hd.o(.text)
    rt_hw_interrupt_disable                  0x0800024d   Thumb Code     8  context_rvds.o(.text)
    rt_hw_interrupt_enable                   0x08000255   Thumb Code     6  context_rvds.o(.text)
    rt_hw_context_switch                     0x0800025b   Thumb Code    32  context_rvds.o(.text)
    rt_hw_context_switch_interrupt           0x0800025b   Thumb Code     0  context_rvds.o(.text)
    PendSV_Handler                           0x0800027b   Thumb Code    60  context_rvds.o(.text)
    rt_hw_context_switch_to                  0x080002b7   Thumb Code    58  context_rvds.o(.text)
    rt_hw_interrupt_thread_switch            0x080002f1   Thumb Code     2  context_rvds.o(.text)
    HardFault_Handler                        0x080002f3   Thumb Code    20  context_rvds.o(.text)
    __use_two_region_memory                  0x08000321   Thumb Code     2  heapauxi.o(.text)
    __rt_heap_escrow$2region                 0x08000323   Thumb Code     2  heapauxi.o(.text)
    __rt_heap_expand$2region                 0x08000325   Thumb Code     2  heapauxi.o(.text)
    __user_setup_stackheap                   0x08000327   Thumb Code    74  sys_stackheap_outer.o(.text)
    exit                                     0x08000371   Thumb Code    18  exit.o(.text)
    __user_libspace                          0x08000385   Thumb Code     8  libspace.o(.text)
    __user_perproc_libspace                  0x08000385   Thumb Code     0  libspace.o(.text)
    __user_perthread_libspace                0x08000385   Thumb Code     0  libspace.o(.text)
    _sys_exit                                0x0800038d   Thumb Code     8  sys_exit.o(.text)
    __I$use$semihosting                      0x08000399   Thumb Code     0  use_no_semi.o(.text)
    __use_no_semihosting_swi                 0x08000399   Thumb Code     2  use_no_semi.o(.text)
    __semihosting_library_function           0x0800039b   Thumb Code     0  indicate_semi.o(.text)
    main                                     0x0800039b   Thumb Code    14  components.o(i.$Sub$$main)
    DAC1_Init                                0x080003a9   Thumb Code   364  dac.o(i.DAC1_Init)
    SysTick_Handler                          0x08000615   Thumb Code    16  board.o(i.SysTick_Handler)
    SystemCoreClockUpdate                    0x08000625   Thumb Code   142  system_stm32f10x.o(i.SystemCoreClockUpdate)
    SystemInit                               0x080006c9   Thumb Code    78  system_stm32f10x.o(i.SystemInit)
    USART1_IRQHandler                        0x08000729   Thumb Code    54  usart.o(i.USART1_IRQHandler)
    USART1_Init                              0x0800076d   Thumb Code   324  usart.o(i.USART1_Init)
    __rt_ffs                                 0x080008fd   Thumb Code    70  kservice.o(i.__rt_ffs)
    ledinit                                  0x08000a69   Thumb Code    90  main.o(i.ledinit)
    $Super$$main                             0x08000ad1   Thumb Code   244  main.o(i.main)
    main_thread_entry                        0x08000bf9   Thumb Code    14  components.o(i.main_thread_entry)
    rt_application_init                      0x08000c81   Thumb Code    34  components.o(i.rt_application_init)
    rt_components_board_init                 0x08000cb1   Thumb Code    20  components.o(i.rt_components_board_init)
    rt_components_init                       0x08000ccd   Thumb Code    20  components.o(i.rt_components_init)
    rt_enter_critical                        0x08000ce9   Thumb Code    28  scheduler.o(i.rt_enter_critical)
    rt_exit_critical                         0x08000d09   Thumb Code    54  scheduler.o(i.rt_exit_critical)
    rt_free                                  0x08000d45   Thumb Code   116  mem.o(i.rt_free)
    rt_heap_begin_get                        0x08000dd1   Thumb Code     4  board.o(i.rt_heap_begin_get)
    rt_heap_end_get                          0x08000dd9   Thumb Code     4  board.o(i.rt_heap_end_get)
    rt_hw_board_init                         0x08000de1   Thumb Code    46  board.o(i.rt_hw_board_init)
    rt_hw_hard_fault_exception               0x08000e19   Thumb Code    30  cpuport.o(i.rt_hw_hard_fault_exception)
    rt_hw_stack_init                         0x08000e3d   Thumb Code    70  cpuport.o(i.rt_hw_stack_init)
    rt_interrupt_enter                       0x08000e89   Thumb Code    42  irq.o(i.rt_interrupt_enter)
    rt_interrupt_leave                       0x08000ebd   Thumb Code    42  irq.o(i.rt_interrupt_leave)
    rt_malloc                                0x08001011   Thumb Code   360  mem.o(i.rt_malloc)
    rt_memset                                0x08001199   Thumb Code    20  kservice.o(i.rt_memset)
    rt_object_allocate                       0x080011ad   Thumb Code    92  object.o(i.rt_object_allocate)
    rt_object_delete                         0x0800120d   Thumb Code    50  object.o(i.rt_object_delete)
    rt_object_detach                         0x08001245   Thumb Code    44  object.o(i.rt_object_detach)
    rt_object_get_information                0x08001275   Thumb Code    36  object.o(i.rt_object_get_information)
    rt_object_init                           0x0800129d   Thumb Code    78  object.o(i.rt_object_init)
    rt_object_is_systemobject                0x080012f1   Thumb Code    18  object.o(i.rt_object_is_systemobject)
    rt_schedule                              0x08001305   Thumb Code   140  scheduler.o(i.rt_schedule)
    rt_schedule_insert_thread                0x080013ad   Thumb Code    72  scheduler.o(i.rt_schedule_insert_thread)
    rt_schedule_remove_thread                0x080013fd   Thumb Code    76  scheduler.o(i.rt_schedule_remove_thread)
    rt_sem_init                              0x08001451   Thumb Code    38  ipc.o(i.rt_sem_init)
    rt_sem_release                           0x08001479   Thumb Code    76  ipc.o(i.rt_sem_release)
    rt_sem_take                              0x080014c9   Thumb Code   152  ipc.o(i.rt_sem_take)
    rt_show_version                          0x08001569   Thumb Code     2  kservice.o(i.rt_show_version)
    rt_strncpy                               0x0800156b   Thumb Code    52  kservice.o(i.rt_strncpy)
    rt_system_heap_init                      0x080015a1   Thumb Code   146  mem.o(i.rt_system_heap_init)
    rt_system_scheduler_init                 0x08001651   Thumb Code    52  scheduler.o(i.rt_system_scheduler_init)
    rt_system_scheduler_start                0x0800169d   Thumb Code    36  scheduler.o(i.rt_system_scheduler_start)
    rt_system_timer_init                     0x080016cd   Thumb Code    24  timer.o(i.rt_system_timer_init)
    rt_system_timer_thread_init              0x080016e9   Thumb Code     2  timer.o(i.rt_system_timer_thread_init)
    rt_thread_create                         0x080016eb   Thumb Code    80  thread.o(i.rt_thread_create)
    rt_thread_delay                          0x0800173b   Thumb Code    12  thread.o(i.rt_thread_delay)
    rt_thread_exit                           0x08001749   Thumb Code    76  thread.o(i.rt_thread_exit)
    rt_thread_idle_excute                    0x080017b5   Thumb Code   128  idle.o(i.rt_thread_idle_excute)
    rt_thread_idle_init                      0x08001839   Thumb Code    38  idle.o(i.rt_thread_idle_init)
    rt_thread_init                           0x08001875   Thumb Code    52  thread.o(i.rt_thread_init)
    rt_thread_resume                         0x080018a9   Thumb Code    78  thread.o(i.rt_thread_resume)
    rt_thread_self                           0x080018fd   Thumb Code     6  thread.o(i.rt_thread_self)
    rt_thread_sleep                          0x08001909   Thumb Code    62  thread.o(i.rt_thread_sleep)
    rt_thread_startup                        0x0800194d   Thumb Code    44  thread.o(i.rt_thread_startup)
    rt_thread_suspend                        0x08001979   Thumb Code    86  thread.o(i.rt_thread_suspend)
    rt_thread_timeout                        0x080019d5   Thumb Code    32  thread.o(i.rt_thread_timeout)
    rt_thread_yield                          0x080019f5   Thumb Code    92  thread.o(i.rt_thread_yield)
    rt_tick_get                              0x08001a59   Thumb Code     6  clock.o(i.rt_tick_get)
    rt_tick_increase                         0x08001a65   Thumb Code    42  clock.o(i.rt_tick_increase)
    rt_timer_check                           0x08001a95   Thumb Code   136  timer.o(i.rt_timer_check)
    rt_timer_control                         0x08001b25   Thumb Code    56  timer.o(i.rt_timer_control)
    rt_timer_detach                          0x08001b5d   Thumb Code    32  timer.o(i.rt_timer_detach)
    rt_timer_init                            0x08001b7d   Thumb Code    46  timer.o(i.rt_timer_init)
    rt_timer_start                           0x08001bad   Thumb Code   256  timer.o(i.rt_timer_start)
    rt_timer_stop                            0x08001cb9   Thumb Code    66  timer.o(i.rt_timer_stop)
    rtthread_startup                         0x08001d11   Thumb Code    42  components.o(i.rtthread_startup)
    task1                                    0x08001d3d   Thumb Code   134  main.o(i.task1)
    task2                                    0x08001dd5   Thumb Code    60  main.o(i.task2)
    __aeabi_fadd                             0x08001e19   Thumb Code     0  faddsub_clz.o(x$fpl$fadd)
    _fadd                                    0x08001e19   Thumb Code   196  faddsub_clz.o(x$fpl$fadd)
    __aeabi_f2uiz                            0x08001edd   Thumb Code     0  ffixu.o(x$fpl$ffixu)
    _ffixu                                   0x08001edd   Thumb Code    62  ffixu.o(x$fpl$ffixu)
    __aeabi_ui2f                             0x08001f1d   Thumb Code     0  fflt_clz.o(x$fpl$ffltu)
    _ffltu                                   0x08001f1d   Thumb Code    38  fflt_clz.o(x$fpl$ffltu)
    __fpl_fnaninf                            0x08001f43   Thumb Code   140  fnaninf.o(x$fpl$fnaninf)
    __fpl_fretinf                            0x08001fcf   Thumb Code    10  fretinf.o(x$fpl$fretinf)
    __aeabi_frsub                            0x08001fd9   Thumb Code     0  faddsub_clz.o(x$fpl$frsb)
    _frsb                                    0x08001fd9   Thumb Code    20  faddsub_clz.o(x$fpl$frsb)
    __aeabi_fsub                             0x08001fed   Thumb Code     0  faddsub_clz.o(x$fpl$fsub)
    _fsub                                    0x08001fed   Thumb Code   234  faddsub_clz.o(x$fpl$fsub)
    __I$use$fp                               0x080020d6   Number         0  usenofp.o(x$fpl$usenofp)
    SIN                                      0x080020d8   Data         252  main.o(.constdata)
    __lowest_bit_bitmap                      0x080021d4   Data         256  kservice.o(.constdata)
    __rt_init_rti_start                      0x080022f8   Data           4  components.o(.rti_fn.0)
    __rt_init_rti_board_start                0x080022fc   Data           4  components.o(.rti_fn.0.end)
    __rt_init_rti_board_end                  0x08002300   Data           4  components.o(.rti_fn.1.end)
    __rt_init_rti_end                        0x08002304   Data           4  components.o(.rti_fn.6.end)
    Region$$Table$$Base                      0x08002308   Number         0  anon$$obj.o(Region$$Table)
    Region$$Table$$Limit                     0x08002328   Number         0  anon$$obj.o(Region$$Table)
    Re                                       0x20000000   Data           4  main.o(.data)
    i                                        0x20000004   Data           1  main.o(.data)
    Receive1BUFF                             0x20000005   Data           4  usart.o(.data)
    USART1_ReCoun                            0x20000009   Data           1  usart.o(.data)
    DAC1_DATE                                0x2000000c   Data         252  dac.o(.data)
    DAC2_DATE                                0x20000108   Data           4  dac.o(.data)
    SystemCoreClock                          0x2000010c   Data           4  system_stm32f10x.o(.data)
    AHBPrescTable                            0x20000110   Data          16  system_stm32f10x.o(.data)
    rt_interrupt_nest                        0x2000012c   Data           1  irq.o(.data)
    rt_object_trytake_hook                   0x200001dc   Data           4  object.o(.data)
    rt_object_take_hook                      0x200001e0   Data           4  object.o(.data)
    rt_object_put_hook                       0x200001e4   Data           4  object.o(.data)
    rt_current_thread                        0x200001ec   Data           4  scheduler.o(.data)
    rt_current_priority                      0x200001f0   Data           1  scheduler.o(.data)
    rt_thread_ready_priority_group           0x200001f4   Data           4  scheduler.o(.data)
    rt_thread_defunct                        0x200001f8   Data           8  scheduler.o(.data)
    rt_interrupt_from_thread                 0x20000220   Data           4  cpuport.o(.data)
    rt_interrupt_to_thread                   0x20000224   Data           4  cpuport.o(.data)
    rt_thread_switch_interrupt_flag          0x20000228   Data           4  cpuport.o(.data)
    rt_thread_priority_table                 0x200003d0   Data         256  scheduler.o(.bss)
    __libspace_start                         0x200014d0   Data          96  libspace.o(.bss)
    __temporary_stack_top$libspace           0x20001530   Data           0  libspace.o(.bss)



==============================================================================

Memory Map of the image

  Image Entry point : 0x08000131

  Load Region LR_IROM1 (Base: 0x08000000, Size: 0x00002558, Max: 0x00080000, ABSOLUTE, COMPRESSED[0x00002438])

    Execution Region ER_IROM1 (Exec base: 0x08000000, Load base: 0x08000000, Size: 0x00002328, Max: 0x00080000, ABSOLUTE)

    Exec Addr    Load Addr    Size         Type   Attr      Idx    E Section Name        Object

    0x08000000   0x08000000   0x00000130   Data   RO          232    RESET               startup_stm32f10x_hd.o
    0x08000130   0x08000130   0x00000008   Code   RO         1525  * !!!main             c_w.l(__main.o)
    0x08000138   0x08000138   0x00000034   Code   RO         1705    !!!scatter          c_w.l(__scatter.o)
    0x0800016c   0x0800016c   0x0000005a   Code   RO         1703    !!dczerorl2         c_w.l(__dczerorl2.o)
    0x080001c6   0x080001c6   0x00000002   PAD
    0x080001c8   0x080001c8   0x0000001c   Code   RO         1707    !!handler_zi        c_w.l(__scatter_zi.o)
    0x080001e4   0x080001e4   0x00000002   Code   RO         1573    .ARM.Collect$$libinit$$00000000  c_w.l(libinit.o)
    0x080001e6   0x080001e6   0x00000000   Code   RO         1580    .ARM.Collect$$libinit$$00000002  c_w.l(libinit2.o)
    0x080001e6   0x080001e6   0x00000000   Code   RO         1582    .ARM.Collect$$libinit$$00000004  c_w.l(libinit2.o)
    0x080001e6   0x080001e6   0x00000000   Code   RO         1585    .ARM.Collect$$libinit$$0000000A  c_w.l(libinit2.o)
    0x080001e6   0x080001e6   0x00000000   Code   RO         1587    .ARM.Collect$$libinit$$0000000C  c_w.l(libinit2.o)
    0x080001e6   0x080001e6   0x00000000   Code   RO         1589    .ARM.Collect$$libinit$$0000000E  c_w.l(libinit2.o)
    0x080001e6   0x080001e6   0x00000000   Code   RO         1592    .ARM.Collect$$libinit$$00000011  c_w.l(libinit2.o)
    0x080001e6   0x080001e6   0x00000000   Code   RO         1594    .ARM.Collect$$libinit$$00000013  c_w.l(libinit2.o)
    0x080001e6   0x080001e6   0x00000000   Code   RO         1596    .ARM.Collect$$libinit$$00000015  c_w.l(libinit2.o)
    0x080001e6   0x080001e6   0x00000000   Code   RO         1598    .ARM.Collect$$libinit$$00000017  c_w.l(libinit2.o)
    0x080001e6   0x080001e6   0x00000000   Code   RO         1600    .ARM.Collect$$libinit$$00000019  c_w.l(libinit2.o)
    0x080001e6   0x080001e6   0x00000000   Code   RO         1602    .ARM.Collect$$libinit$$0000001B  c_w.l(libinit2.o)
    0x080001e6   0x080001e6   0x00000000   Code   RO         1604    .ARM.Collect$$libinit$$0000001D  c_w.l(libinit2.o)
    0x080001e6   0x080001e6   0x00000000   Code   RO         1606    .ARM.Collect$$libinit$$0000001F  c_w.l(libinit2.o)
    0x080001e6   0x080001e6   0x00000000   Code   RO         1608    .ARM.Collect$$libinit$$00000021  c_w.l(libinit2.o)
    0x080001e6   0x080001e6   0x00000000   Code   RO         1610    .ARM.Collect$$libinit$$00000023  c_w.l(libinit2.o)
    0x080001e6   0x080001e6   0x00000000   Code   RO         1612    .ARM.Collect$$libinit$$00000025  c_w.l(libinit2.o)
    0x080001e6   0x080001e6   0x00000000   Code   RO         1616    .ARM.Collect$$libinit$$0000002C  c_w.l(libinit2.o)
    0x080001e6   0x080001e6   0x00000000   Code   RO         1618    .ARM.Collect$$libinit$$0000002E  c_w.l(libinit2.o)
    0x080001e6   0x080001e6   0x00000000   Code   RO         1620    .ARM.Collect$$libinit$$00000030  c_w.l(libinit2.o)
    0x080001e6   0x080001e6   0x00000000   Code   RO         1622    .ARM.Collect$$libinit$$00000032  c_w.l(libinit2.o)
    0x080001e6   0x080001e6   0x00000002   Code   RO         1623    .ARM.Collect$$libinit$$00000033  c_w.l(libinit2.o)
    0x080001e8   0x080001e8   0x00000002   Code   RO         1643    .ARM.Collect$$libshutdown$$00000000  c_w.l(libshutdown.o)
    0x080001ea   0x080001ea   0x00000000   Code   RO         1656    .ARM.Collect$$libshutdown$$00000002  c_w.l(libshutdown2.o)
    0x080001ea   0x080001ea   0x00000000   Code   RO         1658    .ARM.Collect$$libshutdown$$00000004  c_w.l(libshutdown2.o)
    0x080001ea   0x080001ea   0x00000000   Code   RO         1661    .ARM.Collect$$libshutdown$$00000007  c_w.l(libshutdown2.o)
    0x080001ea   0x080001ea   0x00000000   Code   RO         1664    .ARM.Collect$$libshutdown$$0000000A  c_w.l(libshutdown2.o)
    0x080001ea   0x080001ea   0x00000000   Code   RO         1666    .ARM.Collect$$libshutdown$$0000000C  c_w.l(libshutdown2.o)
    0x080001ea   0x080001ea   0x00000000   Code   RO         1669    .ARM.Collect$$libshutdown$$0000000F  c_w.l(libshutdown2.o)
    0x080001ea   0x080001ea   0x00000002   Code   RO         1670    .ARM.Collect$$libshutdown$$00000010  c_w.l(libshutdown2.o)
    0x080001ec   0x080001ec   0x00000000   Code   RO         1543    .ARM.Collect$$rtentry$$00000000  c_w.l(__rtentry.o)
    0x080001ec   0x080001ec   0x00000000   Code   RO         1550    .ARM.Collect$$rtentry$$00000002  c_w.l(__rtentry2.o)
    0x080001ec   0x080001ec   0x00000006   Code   RO         1562    .ARM.Collect$$rtentry$$00000004  c_w.l(__rtentry4.o)
    0x080001f2   0x080001f2   0x00000000   Code   RO         1552    .ARM.Collect$$rtentry$$00000009  c_w.l(__rtentry2.o)
    0x080001f2   0x080001f2   0x00000004   Code   RO         1553    .ARM.Collect$$rtentry$$0000000A  c_w.l(__rtentry2.o)
    0x080001f6   0x080001f6   0x00000000   Code   RO         1555    .ARM.Collect$$rtentry$$0000000C  c_w.l(__rtentry2.o)
    0x080001f6   0x080001f6   0x00000008   Code   RO         1556    .ARM.Collect$$rtentry$$0000000D  c_w.l(__rtentry2.o)
    0x080001fe   0x080001fe   0x00000002   Code   RO         1577    .ARM.Collect$$rtexit$$00000000  c_w.l(rtexit.o)
    0x08000200   0x08000200   0x00000000   Code   RO         1625    .ARM.Collect$$rtexit$$00000002  c_w.l(rtexit2.o)
    0x08000200   0x08000200   0x00000004   Code   RO         1626    .ARM.Collect$$rtexit$$00000003  c_w.l(rtexit2.o)
    0x08000204   0x08000204   0x00000006   Code   RO         1627    .ARM.Collect$$rtexit$$00000004  c_w.l(rtexit2.o)
    0x0800020a   0x0800020a   0x00000002   PAD
    0x0800020c   0x0800020c   0x00000040   Code   RO          233    .text               startup_stm32f10x_hd.o
    0x0800024c   0x0800024c   0x000000d4   Code   RO         1476    .text               context_rvds.o
    0x08000320   0x08000320   0x00000006   Code   RO         1523    .text               c_w.l(heapauxi.o)
    0x08000326   0x08000326   0x0000004a   Code   RO         1564    .text               c_w.l(sys_stackheap_outer.o)
    0x08000370   0x08000370   0x00000012   Code   RO         1566    .text               c_w.l(exit.o)
    0x08000382   0x08000382   0x00000002   PAD
    0x08000384   0x08000384   0x00000008   Code   RO         1574    .text               c_w.l(libspace.o)
    0x0800038c   0x0800038c   0x0000000c   Code   RO         1635    .text               c_w.l(sys_exit.o)
    0x08000398   0x08000398   0x00000002   Code   RO         1646    .text               c_w.l(use_no_semi.o)
    0x0800039a   0x0800039a   0x00000000   Code   RO         1648    .text               c_w.l(indicate_semi.o)
    0x0800039a   0x0800039a   0x0000000e   Code   RO          237    i.$Sub$$main        components.o
    0x080003a8   0x080003a8   0x00000184   Code   RO          160    i.DAC1_Init         dac.o
    0x0800052c   0x0800052c   0x00000008   Code   RO          189    i.SetSysClock       system_stm32f10x.o
    0x08000534   0x08000534   0x000000e0   Code   RO          190    i.SetSysClockTo72   system_stm32f10x.o
    0x08000614   0x08000614   0x00000010   Code   RO         1480    i.SysTick_Handler   board.o
    0x08000624   0x08000624   0x000000a4   Code   RO          191    i.SystemCoreClockUpdate  system_stm32f10x.o
    0x080006c8   0x080006c8   0x00000060   Code   RO          192    i.SystemInit        system_stm32f10x.o
    0x08000728   0x08000728   0x00000044   Code   RO          114    i.USART1_IRQHandler  usart.o
    0x0800076c   0x0800076c   0x00000160   Code   RO          115    i.USART1_Init       usart.o
    0x080008cc   0x080008cc   0x00000030   Code   RO         1481    i._SysTick_Config   board.o
    0x080008fc   0x080008fc   0x0000004c   Code   RO          711    i.__rt_ffs          kservice.o
    0x08000948   0x08000948   0x00000014   Code   RO          314    i._has_defunct_thread  idle.o
    0x0800095c   0x0800095c   0x0000009c   Code   RO         1194    i._rt_thread_init   thread.o
    0x080009f8   0x080009f8   0x00000042   Code   RO         1329    i._rt_timer_init    timer.o
    0x08000a3a   0x08000a3a   0x0000002e   Code   RO         1330    i._rt_timer_remove  timer.o
    0x08000a68   0x08000a68   0x00000068   Code   RO            1    i.ledinit           main.o
    0x08000ad0   0x08000ad0   0x00000128   Code   RO            2    i.main              main.o
    0x08000bf8   0x08000bf8   0x0000000e   Code   RO          238    i.main_thread_entry  components.o
    0x08000c06   0x08000c06   0x00000002   PAD
    0x08000c08   0x08000c08   0x00000078   Code   RO          869    i.plug_holes        mem.o
    0x08000c80   0x08000c80   0x00000030   Code   RO          239    i.rt_application_init  components.o
    0x08000cb0   0x08000cb0   0x0000001c   Code   RO          240    i.rt_components_board_init  components.o
    0x08000ccc   0x08000ccc   0x0000001c   Code   RO          241    i.rt_components_init  components.o
    0x08000ce8   0x08000ce8   0x00000020   Code   RO         1107    i.rt_enter_critical  scheduler.o
    0x08000d08   0x08000d08   0x0000003c   Code   RO         1108    i.rt_exit_critical  scheduler.o
    0x08000d44   0x08000d44   0x0000008c   Code   RO          871    i.rt_free           mem.o
    0x08000dd0   0x08000dd0   0x00000008   Code   RO         1482    i.rt_heap_begin_get  board.o
    0x08000dd8   0x08000dd8   0x00000008   Code   RO         1483    i.rt_heap_end_get   board.o
    0x08000de0   0x08000de0   0x00000038   Code   RO         1484    i.rt_hw_board_init  board.o
    0x08000e18   0x08000e18   0x00000024   Code   RO         1445    i.rt_hw_hard_fault_exception  cpuport.o
    0x08000e3c   0x08000e3c   0x0000004c   Code   RO         1446    i.rt_hw_stack_init  cpuport.o
    0x08000e88   0x08000e88   0x00000034   Code   RO          634    i.rt_interrupt_enter  irq.o
    0x08000ebc   0x08000ebc   0x00000034   Code   RO          637    i.rt_interrupt_leave  irq.o
    0x08000ef0   0x08000ef0   0x00000014   Code   RO          368    i.rt_ipc_list_resume  ipc.o
    0x08000f04   0x08000f04   0x0000006c   Code   RO          370    i.rt_ipc_list_suspend  ipc.o
    0x08000f70   0x08000f70   0x00000010   Code   RO          371    i.rt_ipc_object_init  ipc.o
    0x08000f80   0x08000f80   0x00000006   Code   RO          372    i.rt_list_init      ipc.o
    0x08000f86   0x08000f86   0x00000006   Code   RO         1109    i.rt_list_init      scheduler.o
    0x08000f8c   0x08000f8c   0x00000006   Code   RO         1331    i.rt_list_init      timer.o
    0x08000f92   0x08000f92   0x0000000e   Code   RO         1006    i.rt_list_insert_after  object.o
    0x08000fa0   0x08000fa0   0x0000000e   Code   RO         1195    i.rt_list_insert_after  thread.o
    0x08000fae   0x08000fae   0x0000000e   Code   RO         1332    i.rt_list_insert_after  timer.o
    0x08000fbc   0x08000fbc   0x0000000e   Code   RO          373    i.rt_list_insert_before  ipc.o
    0x08000fca   0x08000fca   0x00000010   Code   RO          374    i.rt_list_isempty   ipc.o
    0x08000fda   0x08000fda   0x00000010   Code   RO         1333    i.rt_list_isempty   timer.o
    0x08000fea   0x08000fea   0x00000012   Code   RO         1007    i.rt_list_remove    object.o
    0x08000ffc   0x08000ffc   0x00000012   Code   RO         1196    i.rt_list_remove    thread.o
    0x0800100e   0x0800100e   0x00000002   PAD
    0x08001010   0x08001010   0x00000188   Code   RO          873    i.rt_malloc         mem.o
    0x08001198   0x08001198   0x00000014   Code   RO          720    i.rt_memset         kservice.o
    0x080011ac   0x080011ac   0x00000060   Code   RO         1008    i.rt_object_allocate  object.o
    0x0800120c   0x0800120c   0x00000038   Code   RO         1010    i.rt_object_delete  object.o
    0x08001244   0x08001244   0x00000030   Code   RO         1011    i.rt_object_detach  object.o
    0x08001274   0x08001274   0x00000028   Code   RO         1014    i.rt_object_get_information  object.o
    0x0800129c   0x0800129c   0x00000054   Code   RO         1015    i.rt_object_init    object.o
    0x080012f0   0x080012f0   0x00000012   Code   RO         1016    i.rt_object_is_systemobject  object.o
    0x08001302   0x08001302   0x00000002   PAD
    0x08001304   0x08001304   0x000000a8   Code   RO         1110    i.rt_schedule       scheduler.o
    0x080013ac   0x080013ac   0x00000050   Code   RO         1111    i.rt_schedule_insert_thread  scheduler.o
    0x080013fc   0x080013fc   0x00000054   Code   RO         1112    i.rt_schedule_remove_thread  scheduler.o
    0x08001450   0x08001450   0x00000026   Code   RO          402    i.rt_sem_init       ipc.o
    0x08001476   0x08001476   0x00000002   PAD
    0x08001478   0x08001478   0x00000050   Code   RO          403    i.rt_sem_release    ipc.o
    0x080014c8   0x080014c8   0x000000a0   Code   RO          404    i.rt_sem_take       ipc.o
    0x08001568   0x08001568   0x00000002   Code   RO          722    i.rt_show_version   kservice.o
    0x0800156a   0x0800156a   0x00000034   Code   RO          730    i.rt_strncpy        kservice.o
    0x0800159e   0x0800159e   0x00000002   PAD
    0x080015a0   0x080015a0   0x000000b0   Code   RO          877    i.rt_system_heap_init  mem.o
    0x08001650   0x08001650   0x0000004c   Code   RO         1114    i.rt_system_scheduler_init  scheduler.o
    0x0800169c   0x0800169c   0x00000030   Code   RO         1115    i.rt_system_scheduler_start  scheduler.o
    0x080016cc   0x080016cc   0x0000001c   Code   RO         1334    i.rt_system_timer_init  timer.o
    0x080016e8   0x080016e8   0x00000002   Code   RO         1335    i.rt_system_timer_thread_init  timer.o
    0x080016ea   0x080016ea   0x00000050   Code   RO         1198    i.rt_thread_create  thread.o
    0x0800173a   0x0800173a   0x0000000c   Code   RO         1199    i.rt_thread_delay   thread.o
    0x08001746   0x08001746   0x00000002   PAD
    0x08001748   0x08001748   0x00000054   Code   RO         1202    i.rt_thread_exit    thread.o
    0x0800179c   0x0800179c   0x00000018   Code   RO          315    i.rt_thread_idle_entry  idle.o
    0x080017b4   0x080017b4   0x00000084   Code   RO          316    i.rt_thread_idle_excute  idle.o
    0x08001838   0x08001838   0x0000003c   Code   RO          318    i.rt_thread_idle_init  idle.o
    0x08001874   0x08001874   0x00000034   Code   RO         1204    i.rt_thread_init    thread.o
    0x080018a8   0x080018a8   0x00000054   Code   RO         1206    i.rt_thread_resume  thread.o
    0x080018fc   0x080018fc   0x0000000c   Code   RO         1208    i.rt_thread_self    thread.o
    0x08001908   0x08001908   0x00000044   Code   RO         1209    i.rt_thread_sleep   thread.o
    0x0800194c   0x0800194c   0x0000002c   Code   RO         1210    i.rt_thread_startup  thread.o
    0x08001978   0x08001978   0x0000005c   Code   RO         1211    i.rt_thread_suspend  thread.o
    0x080019d4   0x080019d4   0x00000020   Code   RO         1213    i.rt_thread_timeout  thread.o
    0x080019f4   0x080019f4   0x00000064   Code   RO         1214    i.rt_thread_yield   thread.o
    0x08001a58   0x08001a58   0x0000000c   Code   RO          675    i.rt_tick_get       clock.o
    0x08001a64   0x08001a64   0x00000030   Code   RO          676    i.rt_tick_increase  clock.o
    0x08001a94   0x08001a94   0x00000090   Code   RO         1336    i.rt_timer_check    timer.o
    0x08001b24   0x08001b24   0x00000038   Code   RO         1337    i.rt_timer_control  timer.o
    0x08001b5c   0x08001b5c   0x00000020   Code   RO         1340    i.rt_timer_detach   timer.o
    0x08001b7c   0x08001b7c   0x0000002e   Code   RO         1341    i.rt_timer_init     timer.o
    0x08001baa   0x08001baa   0x00000002   PAD
    0x08001bac   0x08001bac   0x0000010c   Code   RO         1344    i.rt_timer_start    timer.o
    0x08001cb8   0x08001cb8   0x00000048   Code   RO         1345    i.rt_timer_stop     timer.o
    0x08001d00   0x08001d00   0x00000004   Code   RO          242    i.rti_board_end     components.o
    0x08001d04   0x08001d04   0x00000004   Code   RO          243    i.rti_board_start   components.o
    0x08001d08   0x08001d08   0x00000004   Code   RO          244    i.rti_end           components.o
    0x08001d0c   0x08001d0c   0x00000004   Code   RO          245    i.rti_start         components.o
    0x08001d10   0x08001d10   0x0000002a   Code   RO          246    i.rtthread_startup  components.o
    0x08001d3a   0x08001d3a   0x00000002   PAD
    0x08001d3c   0x08001d3c   0x00000098   Code   RO            3    i.task1             main.o
    0x08001dd4   0x08001dd4   0x00000044   Code   RO            4    i.task2             main.o
    0x08001e18   0x08001e18   0x000000c4   Code   RO         1527    x$fpl$fadd          fz_ws.l(faddsub_clz.o)
    0x08001edc   0x08001edc   0x0000003e   Code   RO         1533    x$fpl$ffixu         fz_ws.l(ffixu.o)
    0x08001f1a   0x08001f1a   0x00000002   PAD
    0x08001f1c   0x08001f1c   0x00000026   Code   RO         1537    x$fpl$ffltu         fz_ws.l(fflt_clz.o)
    0x08001f42   0x08001f42   0x0000008c   Code   RO         1544    x$fpl$fnaninf       fz_ws.l(fnaninf.o)
    0x08001fce   0x08001fce   0x0000000a   Code   RO         1546    x$fpl$fretinf       fz_ws.l(fretinf.o)
    0x08001fd8   0x08001fd8   0x00000014   Code   RO         1528    x$fpl$frsb          fz_ws.l(faddsub_clz.o)
    0x08001fec   0x08001fec   0x000000ea   Code   RO         1529    x$fpl$fsub          fz_ws.l(faddsub_clz.o)
    0x080020d6   0x080020d6   0x00000000   Code   RO         1548    x$fpl$usenofp       fz_ws.l(usenofp.o)
    0x080020d6   0x080020d6   0x00000002   PAD
    0x080020d8   0x080020d8   0x000000fc   Data   RO            5    .constdata          main.o
    0x080021d4   0x080021d4   0x00000122   Data   RO          736    .constdata          kservice.o
    0x080022f6   0x080022f6   0x00000002   PAD
    0x080022f8   0x080022f8   0x00000004   Data   RO          247    .rti_fn.0           components.o
    0x080022fc   0x080022fc   0x00000004   Data   RO          248    .rti_fn.0.end       components.o
    0x08002300   0x08002300   0x00000004   Data   RO          249    .rti_fn.1.end       components.o
    0x08002304   0x08002304   0x00000004   Data   RO          250    .rti_fn.6.end       components.o
    0x08002308   0x08002308   0x00000020   Data   RO         1701    Region$$Table       anon$$obj.o


    Execution Region RW_IRAM1 (Exec base: 0x20000000, Load base: 0x08002328, Size: 0x00001b30, Max: 0x00010000, ABSOLUTE, COMPRESSED[0x00000110])

    Exec Addr    Load Addr    Size         Type   Attr      Idx    E Section Name        Object

    0x20000000   COMPRESSED   0x00000005   Data   RW            6    .data               main.o
    0x20000005   COMPRESSED   0x00000005   Data   RW          119    .data               usart.o
    0x2000000a   COMPRESSED   0x00000002   PAD
    0x2000000c   COMPRESSED   0x00000100   Data   RW          161    .data               dac.o
    0x2000010c   COMPRESSED   0x00000014   Data   RW          193    .data               system_stm32f10x.o
    0x20000120   COMPRESSED   0x00000004   Data   RW          321    .data               idle.o
    0x20000124   COMPRESSED   0x00000009   Data   RW          639    .data               irq.o
    0x2000012d   COMPRESSED   0x00000003   PAD
    0x20000130   COMPRESSED   0x00000004   Data   RW          678    .data               clock.o
    0x20000134   COMPRESSED   0x00000020   Data   RW          879    .data               mem.o
    0x20000154   COMPRESSED   0x00000094   Data   RW         1021    .data               object.o
    0x200001e8   COMPRESSED   0x0000001c   Data   RW         1117    .data               scheduler.o
    0x20000204   COMPRESSED   0x0000000c   Data   RW         1215    .data               thread.o
    0x20000210   COMPRESSED   0x00000010   Data   RW         1347    .data               timer.o
    0x20000220   COMPRESSED   0x00000010   Data   RW         1447    .data               cpuport.o
    0x20000230        -       0x00000180   Zero   RW          320    .bss                idle.o
    0x200003b0        -       0x00000020   Zero   RW          878    .bss                mem.o
    0x200003d0        -       0x00000100   Zero   RW         1116    .bss                scheduler.o
    0x200004d0        -       0x00001000   Zero   RW         1485    .bss                board.o
    0x200014d0        -       0x00000060   Zero   RW         1575    .bss                c_w.l(libspace.o)
    0x20001530        -       0x00000200   Zero   RW          231    HEAP                startup_stm32f10x_hd.o
    0x20001730        -       0x00000400   Zero   RW          230    STACK               startup_stm32f10x_hd.o


==============================================================================

Image component sizes


      Code (inc. data)   RO Data    RW Data    ZI Data      Debug   Object Name

       136         22          0          0       4096       2995   board.o
        60         12          0          4          0       1053   clock.o
       190         30         16          0          0       5156   components.o
       212         26          0          0          0        748   context_rvds.o
         0          0          0          0          0         32   core_cm3.o
       112         12          0         16          0       2942   cpuport.o
       388         24          0        256          0       1042   dac.o
       236         34          0          4        384       4706   idle.o
       458         12          0          0          0       7409   ipc.o
       104         20          0          9          0       1490   irq.o
       150          6        290          0          0       4332   kservice.o
       620         92        252          5          0     215912   main.o
       828         98          0         32         32       3660   mem.o
       374         24          0        148          0       7532   object.o
       554         90          0         28        256       7382   scheduler.o
        64         26        304          0       1536        780   startup_stm32f10x_hd.o
       492         50          0         20          0       2637   system_stm32f10x.o
       848         54          0         12          0      11282   thread.o
       796         30          0         16          0       9977   timer.o
       420         42          0          5          0      17174   usart.o

    ----------------------------------------------------------------------
      7058        704        896        560       6304     308241   Object Totals
         0          0         32          0          0          0   (incl. Generated)
        16          0          2          5          0          0   (incl. Padding)

    ----------------------------------------------------------------------

      Code (inc. data)   RO Data    RW Data    ZI Data      Debug   Library Member Name

        90          0          0          0          0          0   __dczerorl2.o
         8          0          0          0          0         68   __main.o
         0          0          0          0          0          0   __rtentry.o
        12          0          0          0          0          0   __rtentry2.o
         6          0          0          0          0          0   __rtentry4.o
        52          8          0          0          0          0   __scatter.o
        28          0          0          0          0          0   __scatter_zi.o
        18          0          0          0          0         80   exit.o
         6          0          0          0          0        152   heapauxi.o
         0          0          0          0          0          0   indicate_semi.o
         2          0          0          0          0          0   libinit.o
         2          0          0          0          0          0   libinit2.o
         2          0          0          0          0          0   libshutdown.o
         2          0          0          0          0          0   libshutdown2.o
         8          4          0          0         96         68   libspace.o
         2          0          0          0          0          0   rtexit.o
        10          0          0          0          0          0   rtexit2.o
        12          4          0          0          0         68   sys_exit.o
        74          0          0          0          0         80   sys_stackheap_outer.o
         2          0          0          0          0         68   use_no_semi.o
       450          8          0          0          0        236   faddsub_clz.o
        62          4          0          0          0         84   ffixu.o
        38          0          0          0          0         68   fflt_clz.o
       140          4          0          0          0         84   fnaninf.o
        10          0          0          0          0         68   fretinf.o
         0          0          0          0          0          0   usenofp.o

    ----------------------------------------------------------------------
      1046         32          0          0         96       1124   Library Totals
        10          0          0          0          0          0   (incl. Padding)

    ----------------------------------------------------------------------

      Code (inc. data)   RO Data    RW Data    ZI Data      Debug   Library Name

       336         16          0          0         96        584   c_w.l
       700         16          0          0          0        540   fz_ws.l

    ----------------------------------------------------------------------
      1046         32          0          0         96       1124   Library Totals

    ----------------------------------------------------------------------

==============================================================================


      Code (inc. data)   RO Data    RW Data    ZI Data      Debug   

      8104        736        896        560       6400     304057   Grand Totals
      8104        736        896        272       6400     304057   ELF Image Totals (compressed)
      8104        736        896        272          0          0   ROM Totals

==============================================================================

    Total RO  Size (Code + RO Data)                 9000 (   8.79kB)
    Total RW  Size (RW Data + ZI Data)              6960 (   6.80kB)
    Total ROM Size (Code + RO Data + RW Data)       9272 (   9.05kB)

==============================================================================

