<html>
<body>
<pre>
<h1>µVision Build Log</h1>
<h2>Tool Versions:</h2>
IDE-Version: ¦ÌVision V5.24.2.0
Copyright (C) 2017 ARM Ltd and ARM Germany GmbH. All rights reserved.
License Information: join Administrator, join, LIC=PE701-CDW6C-J60Q9-4N95T-3HTE4-DF8SJ
 
Tool Versions:
Toolchain:       MDK-ARM Plus  Version: 5.24.1
Toolchain Path:  D:\MDK5\ARM\ARMCC\Bin
C Compiler:      Armcc.exe V5.06 update 5 (build 528)
Assembler:       Armasm.exe V5.06 update 5 (build 528)
Linker/Locator:  ArmLink.exe V5.06 update 5 (build 528)
Library Manager: ArmAr.exe V5.06 update 5 (build 528)
Hex Converter:   FromElf.exe V5.06 update 5 (build 528)
CPU DLL:         SARMCM3.DLL V5.24.1
Dialog DLL:      DCM.DLL V1.16.0.0
Target DLL:      UL2CM3.DLL V1.160.3.0
Dialog DLL:      TCM.DLL V1.32.0.0
 
<h2>Project:</h2>
C:\Users\Administrator\Desktop\ThreadTest\nano\nano.uvprojx
Project File Date:  03/17/2019

<h2>Output:</h2>
*** Using Compiler 'V5.06 update 5 (build 528)', folder: 'D:\MDK5\ARM\ARMCC\Bin'
Rebuild target 'nano'
compiling USART.c...
compiling DAC.c...
compiling main.c...
assembling startup_stm32f10x_hd.s...
compiling core_cm3.c...
compiling components.c...
compiling device.c...
compiling system_stm32f10x.c...
compiling idle.c...
compiling irq.c...
compiling clock.c...
compiling ipc.c...
compiling memheap.c...
compiling mem.c...
compiling kservice.c...
compiling mempool.c...
compiling object.c...
compiling scheduler.c...
compiling signal.c...
compiling thread.c...
compiling timer.c...
compiling cpuport.c...
assembling context_rvds.S...
compiling board.c...
linking...
Program Size: Code=8104 RO-data=896 RW-data=560 ZI-data=6400  
FromELF: creating hex file...
".\Objects\nano.axf" - 0 Error(s), 0 Warning(s).

<h2>Software Packages used:</h2>

Package Vendor: Keil
                http://www.keil.com/pack/Keil.STM32F1xx_DFP.1.1.0.pack
                Keil.STM32F1xx_DFP.1.1.0
                STMicroelectronics STM32F1 Series Device Support, Drivers and Examples

<h2>Collection of Component include folders:</h2>
  .\RTE\_nano
  D:\MDK5\ARM\PACK\Keil\STM32F1xx_DFP\1.1.0\Device\Include

<h2>Collection of Component Files used:</h2>
Build Time Elapsed:  00:00:03
</pre>
</body>
</html>
