Component: ARM Compiler 5.06 update 1 (build 61) Tool: armlink [4d35a8]

==============================================================================

Section Cross References

    main.o(i.ledTask1) refers to rt_cmsis.o(i.osDelay) for osDelay
    main.o(i.ledTask2) refers to rt_cmsis.o(i.osDelay) for osDelay
    main.o(i.main) refers to usart.o(i.USART1_Init) for USART1_Init
    main.o(i.main) refers to usart.o(i.USART1_PrintString) for USART1_PrintString
    main.o(i.main) refers to rt_cmsis.o(i.osKernelInitialize) for osKernelInitialize
    main.o(i.main) refers to rt_cmsis.o(i.osThreadCreate) for osThreadCreate
    main.o(i.main) refers to rt_cmsis.o(i.osKernelStart) for osKernelStart
    main.o(i.main) refers to main.o(.constdata) for os_thread_def_ledTask1
    main.o(i.main) refers to main.o(.data) for ledTaskLed1
    main.o(.constdata) refers to main.o(i.ledTask1) for ledTask1
    main.o(.constdata) refers to main.o(i.ledTask2) for ledTask2
    usart.o(i.USART1_IRQHandler) refers to usart.o(.data) for USART1_ReCoun
    usart.o(i.USART1_IRQHandler) refers to usart.o(.bss) for Receive1BUFF
    usart.o(i.USART1_Init) refers to fflt_clz.o(x$fpl$ffltu) for __aeabi_ui2f
    usart.o(i.USART1_Init) refers to faddsub_clz.o(x$fpl$frsb) for __aeabi_frsub
    usart.o(i.USART1_Init) refers to ffixu.o(x$fpl$ffixu) for __aeabi_f2uiz
    rtx_conf_cm.o(.emb_text) refers to rt_cmsis.o(i.osKernelInitialize) for osKernelInitialize
    rtx_conf_cm.o(.emb_text) refers to rt_cmsis.o(i.osThreadCreate) for osThreadCreate
    rtx_conf_cm.o(.emb_text) refers to rt_cmsis.o(i.osKernelStart) for osKernelStart
    rtx_conf_cm.o(.emb_text) refers to exit.o(.text) for exit
    rtx_conf_cm.o(.emb_text) refers to rtx_conf_cm.o(.data) for os_thread_def_main
    rtx_conf_cm.o(i.__user_perthread_libspace) refers to rt_task.o(i.rt_tsk_self) for rt_tsk_self
    rtx_conf_cm.o(i.__user_perthread_libspace) refers to rt_cmsis.o(.data) for os_running
    rtx_conf_cm.o(i.__user_perthread_libspace) refers to rtx_conf_cm.o(.bss) for .bss
    rtx_conf_cm.o(i.__user_perthread_libspace) refers to libspace.o(.bss) for __libspace_start
    rtx_conf_cm.o(i._mutex_acquire) refers to rt_cmsis.o(.data) for os_running
    rtx_conf_cm.o(i._mutex_acquire) refers to rt_mutex.o(i.rt_mut_wait) for rt_mut_wait
    rtx_conf_cm.o(i._mutex_initialize) refers to rt_mutex.o(i.rt_mut_init) for rt_mut_init
    rtx_conf_cm.o(i._mutex_initialize) refers to rtx_conf_cm.o(.data) for .data
    rtx_conf_cm.o(i._mutex_initialize) refers to rtx_conf_cm.o(.bss) for .bss
    rtx_conf_cm.o(i._mutex_release) refers to rt_cmsis.o(.data) for os_running
    rtx_conf_cm.o(i._mutex_release) refers to rt_mutex.o(i.rt_mut_release) for rt_mut_release
    rtx_conf_cm.o(.constdata) refers to rt_cmsis.o(i.osTimerThread) for osTimerThread
    rtx_conf_cm.o(.constdata) refers to rtx_conf_cm.o(.bss) for os_messageQ_q_osTimerMessageQ
    rtx_conf_cm.o(.data) refers to main.o(i.main) for main
    startup_stm32f10x_hd.o(STACK) refers (Special) to heapauxi.o(.text) for __use_two_region_memory
    startup_stm32f10x_hd.o(HEAP) refers (Special) to heapauxi.o(.text) for __use_two_region_memory
    startup_stm32f10x_hd.o(RESET) refers (Special) to heapauxi.o(.text) for __use_two_region_memory
    startup_stm32f10x_hd.o(RESET) refers to startup_stm32f10x_hd.o(STACK) for __initial_sp
    startup_stm32f10x_hd.o(RESET) refers to startup_stm32f10x_hd.o(.text) for Reset_Handler
    startup_stm32f10x_hd.o(RESET) refers to hal_cm3.o(.emb_text) for SVC_Handler
    startup_stm32f10x_hd.o(RESET) refers to usart.o(i.USART1_IRQHandler) for USART1_IRQHandler
    startup_stm32f10x_hd.o(.text) refers (Special) to heapauxi.o(.text) for __use_two_region_memory
    startup_stm32f10x_hd.o(.text) refers to system_stm32f10x.o(i.SystemInit) for SystemInit
    startup_stm32f10x_hd.o(.text) refers to __main.o(!!!main) for __main
    startup_stm32f10x_hd.o(.text) refers to startup_stm32f10x_hd.o(HEAP) for Heap_Mem
    startup_stm32f10x_hd.o(.text) refers to startup_stm32f10x_hd.o(STACK) for Stack_Mem
    system_stm32f10x.o(i.SetSysClock) refers to system_stm32f10x.o(i.SetSysClockTo72) for SetSysClockTo72
    system_stm32f10x.o(i.SystemCoreClockUpdate) refers to system_stm32f10x.o(.data) for SystemCoreClock
    system_stm32f10x.o(i.SystemInit) refers to system_stm32f10x.o(i.SetSysClock) for SetSysClock
    rt_cmsis.o(i.isrMessageGet) refers to rt_mailbox.o(i.isr_mbx_receive) for isr_mbx_receive
    rt_cmsis.o(i.isrMessagePut) refers to rt_mailbox.o(i.rt_mbx_check) for rt_mbx_check
    rt_cmsis.o(i.isrMessagePut) refers to rt_mailbox.o(i.isr_mbx_send) for isr_mbx_send
    rt_cmsis.o(i.isrSemaphoreRelease) refers to rt_cmsis.o(i.rt_id2obj) for rt_id2obj
    rt_cmsis.o(i.isrSemaphoreRelease) refers to rt_semaphore.o(i.isr_sem_send) for isr_sem_send
    rt_cmsis.o(i.isrSignalSet) refers to rt_cmsis.o(i.rt_tid2ptcb) for rt_tid2ptcb
    rt_cmsis.o(i.isrSignalSet) refers to rt_event.o(i.isr_evt_set) for isr_evt_set
[...]
    libinit2.o(.ARM.Collect$$libinit$$00000018) refers to libinit2.o(.ARM.Collect$$libinit$$0000000F) for .ARM.Collect$$libinit$$0000000F
    libinit2.o(.ARM.Collect$$libinit$$00000026) refers to argv_veneer.o(.emb_text) for __ARM_argv_veneer
    libinit2.o(.ARM.Collect$$libinit$$00000027) refers to argv_veneer.o(.emb_text) for __ARM_argv_veneer
    __raise.o(.text) refers to defsig.o(CL$$defsig) for __default_signal_handler
    defsig_general.o(.text) refers to sys_wrch.o(.text) for _ttywrch
    argv_veneer.o(.emb_text) refers to no_argv.o(.text) for __ARM_get_argv
    sys_wrch.o(.text) refers (Special) to use_no_semi.o(.text) for __I$use$semihosting
    sys_wrch.o(.text) refers (Special) to indicate_semi.o(.text) for __semihosting_library_function
    defsig.o(CL$$defsig) refers to defsig_fpe_inner.o(.text) for __rt_SIGFPE_inner
    defsig.o(CL$$defsig) refers to defsig_rtmem_inner.o(.text) for __rt_SIGRTMEM_inner
    _get_argv_nomalloc.o(.text) refers (Special) to hrguard.o(.text) for __heap_region$guard
    _get_argv_nomalloc.o(.text) refers to defsig_rtmem_outer.o(.text) for __rt_SIGRTMEM
    _get_argv_nomalloc.o(.text) refers to sys_command.o(.text) for _sys_command_string
    sys_command.o(.text) refers (Special) to use_no_semi.o(.text) for __I$use$semihosting
    sys_command.o(.text) refers (Special) to indicate_semi.o(.text) for __semihosting_library_function
    defsig_abrt_inner.o(.text) refers to defsig_general.o(.text) for __default_signal_display
    defsig_rtred_inner.o(.text) refers to defsig_general.o(.text) for __default_signal_display
    defsig_rtmem_inner.o(.text) refers to defsig_general.o(.text) for __default_signal_display
    defsig_rtmem_outer.o(.text) refers to defsig_rtmem_inner.o(.text) for __rt_SIGRTMEM_inner
    defsig_rtmem_outer.o(.text) refers to defsig_exit.o(.text) for __sig_exit
    defsig_rtmem_formal.o(.text) refers to rt_raise.o(.text) for __rt_raise
    defsig_stak_inner.o(.text) refers to defsig_general.o(.text) for __default_signal_display
    defsig_pvfn_inner.o(.text) refers to defsig_general.o(.text) for __default_signal_display
    defsig_cppl_inner.o(.text) refers to defsig_general.o(.text) for __default_signal_display
    defsig_segv_inner.o(.text) refers to defsig_general.o(.text) for __default_signal_display
    defsig_other.o(.text) refers to defsig_general.o(.text) for __default_signal_display


==============================================================================

Removing Unused input sections from the image.

    Removing main.o(.rev16_text), (4 bytes).
    Removing main.o(.revsh_text), (4 bytes).
    Removing main.o(.rrx_text), (6 bytes).
    Removing usart.o(.rev16_text), (4 bytes).
    Removing usart.o(.revsh_text), (4 bytes).
    Removing usart.o(.rrx_text), (6 bytes).
    Removing usart.o(i.USART1_PrintChar), (28 bytes).
    Removing usart.o(i.USART1_PrintNumber), (116 bytes).
    Removing usart.o(i.USART1_ReceiveByte), (16 bytes).
    Removing rtx_conf_cm.o(i.__user_perthread_libspace), (44 bytes).
    Removing rtx_conf_cm.o(i._mutex_initialize), (44 bytes).
    Removing system_stm32f10x.o(.rev16_text), (4 bytes).
    Removing system_stm32f10x.o(.revsh_text), (4 bytes).
    Removing system_stm32f10x.o(.rrx_text), (6 bytes).
    Removing system_stm32f10x.o(i.SystemCoreClockUpdate), (164 bytes).
    Removing system_stm32f10x.o(.data), (20 bytes).
    Removing rt_cmsis.o(.rev16_text), (4 bytes).
    Removing rt_cmsis.o(.revsh_text), (4 bytes).
    Removing rt_cmsis.o(.rrx_text), (6 bytes).
    Removing rt_cmsis.o(i.isrSemaphoreRelease), (40 bytes).
    Removing rt_cmsis.o(i.isrSignalSet), (36 bytes).
    Removing rt_cmsis.o(i.osKernelRunning), (36 bytes).
    Removing rt_cmsis.o(i.osKernelSysTick), (24 bytes).
    Removing rt_cmsis.o(i.osMailAlloc), (28 bytes).
    Removing rt_cmsis.o(i.osMailCAlloc), (48 bytes).
    Removing rt_cmsis.o(i.osMailCreate), (48 bytes).
    Removing rt_cmsis.o(i.osMailFree), (28 bytes).
    Removing rt_cmsis.o(i.osMailGet), (22 bytes).
    Removing rt_cmsis.o(i.osMailPut), (20 bytes).
    Removing rt_cmsis.o(i.osMessageCreate), (48 bytes).
    Removing rt_cmsis.o(i.osMessagePut), (24 bytes).
    Removing rt_cmsis.o(i.osMutexCreate), (48 bytes).
    Removing rt_cmsis.o(i.osMutexDelete), (24 bytes).
    Removing rt_cmsis.o(i.osMutexRelease), (24 bytes).
    Removing rt_cmsis.o(i.osMutexWait), (24 bytes).
    Removing rt_cmsis.o(i.osPoolAlloc), (32 bytes).
    Removing rt_cmsis.o(i.osPoolCAlloc), (52 bytes).
    Removing rt_cmsis.o(i.osPoolCreate), (48 bytes).
    Removing rt_cmsis.o(i.osPoolFree), (32 bytes).
    Removing rt_cmsis.o(i.osSemaphoreCreate), (48 bytes).
    Removing rt_cmsis.o(i.osSemaphoreDelete), (24 bytes).
    Removing rt_cmsis.o(i.osSemaphoreRelease), (24 bytes).
    Removing rt_cmsis.o(i.osSemaphoreWait), (24 bytes).
    Removing rt_cmsis.o(i.osSignalClear), (24 bytes).
    Removing rt_cmsis.o(i.osSignalSet), (24 bytes).
    Removing rt_cmsis.o(i.osSignalWait), (24 bytes).
    Removing rt_cmsis.o(i.osThreadGetId), (24 bytes).
    Removing rt_cmsis.o(i.osThreadGetPriority), (24 bytes).
    Removing rt_cmsis.o(i.osThreadSetPriority), (24 bytes).
    Removing rt_cmsis.o(i.osThreadTerminate), (24 bytes).
    Removing rt_cmsis.o(i.osThreadYield), (24 bytes).
    Removing rt_cmsis.o(i.osTimerCreate), (52 bytes).
    Removing rt_cmsis.o(i.osTimerDelete), (24 bytes).
    Removing rt_cmsis.o(i.osTimerStart), (24 bytes).
    Removing rt_cmsis.o(i.osTimerStop), (24 bytes).
    Removing rt_cmsis.o(i.osWait), (4 bytes).
    Removing rt_cmsis.o(i.os_resume), (12 bytes).
    Removing rt_cmsis.o(i.os_suspend), (12 bytes).
    Removing rt_cmsis.o(i.rt_clr_box), (24 bytes).
    Removing rt_cmsis.o(i.rt_timer_remove), (60 bytes).
    Removing rt_cmsis.o(i.svcKernelRunning), (12 bytes).
    Removing rt_cmsis.o(i.svcKernelSysTick), (56 bytes).
    Removing rt_cmsis.o(i.svcMailCreate), (66 bytes).
    Removing rt_cmsis.o(i.svcMessagePut), (54 bytes).
    Removing rt_cmsis.o(i.svcMutexCreate), (28 bytes).
    Removing rt_cmsis.o(i.svcMutexDelete), (26 bytes).
    Removing rt_cmsis.o(i.svcMutexRelease), (34 bytes).
    Removing rt_cmsis.o(i.svcMutexWait), (54 bytes).
    Removing rt_cmsis.o(i.svcPoolCreate), (40 bytes).
    Removing rt_cmsis.o(i.svcSemaphoreCreate), (36 bytes).
    Removing rt_cmsis.o(i.svcSemaphoreDelete), (26 bytes).
    Removing rt_cmsis.o(i.svcSemaphoreRelease), (40 bytes).
    Removing rt_cmsis.o(i.svcSemaphoreWait), (50 bytes).
    Removing rt_cmsis.o(i.svcSignalClear), (36 bytes).
    Removing rt_cmsis.o(i.svcSignalSet), (36 bytes).
    Removing rt_cmsis.o(i.svcSignalWait), (84 bytes).
    Removing rt_cmsis.o(i.svcThreadGetPriority), (18 bytes).
    Removing rt_cmsis.o(i.svcThreadSetPriority), (46 bytes).
    Removing rt_cmsis.o(i.svcThreadYield), (10 bytes).
    Removing rt_cmsis.o(i.svcTimerCreate), (56 bytes).
    Removing rt_cmsis.o(i.svcTimerDelete), (40 bytes).
    Removing rt_cmsis.o(i.svcTimerStart), (100 bytes).
    Removing rt_cmsis.o(i.svcTimerStop), (36 bytes).
    Removing rt_cmsis.o(i.sysMailAlloc), (88 bytes).
    Removing rt_cmsis.o(i.sysMailFree), (96 bytes).
    Removing rt_cmsis.o(i.sysPoolAlloc), (10 bytes).
    Removing rt_cmsis.o(i.sysPoolFree), (20 bytes).
    Removing rt_cmsis.o(i.sysUserTimerUpdate), (48 bytes).
    Removing rt_cmsis.o(i.sysUserTimerWakeupTime), (20 bytes).
    Removing rt_task.o(i.rt_tsk_pass), (48 bytes).
    Removing rt_mutex.o(i.rt_mut_delete), (176 bytes).
    Removing rt_mutex.o(i.rt_mut_init), (16 bytes).
    Removing rt_system.o(.emb_text), (0 bytes).
    Removing rt_system.o(i.os_tick_ovf), (16 bytes).
    Removing rt_system.o(i.os_tick_val), (20 bytes).
    Removing rt_system.o(i.rt_resume), (136 bytes).
    Removing rt_system.o(i.rt_suspend), (36 bytes).
    Removing rt_system.o(i.rt_tsk_lock), (80 bytes).
    Removing rt_system.o(i.rt_tsk_unlock), (80 bytes).
    Removing rt_event.o(i.isr_evt_set), (40 bytes).
    Removing rt_event.o(i.rt_evt_clr), (28 bytes).
    Removing rt_event.o(i.rt_evt_get), (12 bytes).
    Removing rt_event.o(i.rt_evt_set), (92 bytes).
    Removing rt_event.o(i.rt_evt_wait), (60 bytes).
    Removing rt_list.o(i.rt_get_same_rdy_prio), (36 bytes).
    Removing rt_mailbox.o(i.rt_mbx_send), (152 bytes).
    Removing rt_semaphore.o(i.isr_sem_send), (16 bytes).
    Removing rt_semaphore.o(i.rt_sem_delete), (92 bytes).
    Removing rt_semaphore.o(i.rt_sem_init), (12 bytes).
    Removing rt_semaphore.o(i.rt_sem_send), (42 bytes).
    Removing rt_semaphore.o(i.rt_sem_wait), (64 bytes).
    Removing rt_time.o(i.rt_itv_set), (24 bytes).
    Removing rt_time.o(i.rt_itv_wait), (40 bytes).
    Removing rt_time.o(i.rt_time_get), (12 bytes).
    Removing rt_membox.o(i._calloc_box), (30 bytes).

115 unused section(s) (total 4348 bytes) removed from the image.

==============================================================================

Image Symbol Table

    Local Symbols

    Symbol Name                              Value     Ov Type        Size  Object(Section)

    ../clib/angel/boardlib.s                 0x00000000   Number         0  boardshut.o ABSOLUTE
    ../clib/angel/boardlib.s                 0x00000000   Number         0  boardinit2.o ABSOLUTE
    ../clib/angel/boardlib.s                 0x00000000   Number         0  boardinit1.o ABSOLUTE
    ../clib/angel/handlers.s                 0x00000000   Number         0  __scatter_zi.o ABSOLUTE
    ../clib/angel/handlers.s                 0x00000000   Number         0  __scatter_copy.o ABSOLUTE
    ../clib/angel/kernel.s                   0x00000000   Number         0  __rtentry4.o ABSOLUTE
    ../clib/angel/kernel.s                   0x00000000   Number         0  __rtentry2.o ABSOLUTE
    ../clib/angel/kernel.s                   0x00000000   Number         0  rtexit2.o ABSOLUTE
    ../clib/angel/kernel.s                   0x00000000   Number         0  __rtentry.o ABSOLUTE
    ../clib/angel/kernel.s                   0x00000000   Number         0  rtexit.o ABSOLUTE
    ../clib/angel/rt.s                       0x00000000   Number         0  rt_div0.o ABSOLUTE
    ../clib/angel/rt.s                       0x00000000   Number         0  rt_raise.o ABSOLUTE
    ../clib/angel/rt.s                       0x00000000   Number         0  aeabi_ldiv0.o ABSOLUTE
    ../clib/angel/rt.s                       0x00000000   Number         0  aeabi_ldiv0_sigfpe.o ABSOLUTE
    ../clib/angel/scatter.s                  0x00000000   Number         0  __scatter.o ABSOLUTE
    ../clib/angel/startup.s                  0x00000000   Number         0  __main.o ABSOLUTE
    ../clib/angel/sys.s                      0x00000000   Number         0  sys_stackheap_outer.o ABSOLUTE
    ../clib/angel/sys.s                      0x00000000   Number         0  use_no_semi.o ABSOLUTE
    ../clib/angel/sys.s                      0x00000000   Number         0  libspace.o ABSOLUTE
    ../clib/angel/sys.s                      0x00000000   Number         0  indicate_semi.o ABSOLUTE
    ../clib/angel/sysapp.c                   0x00000000   Number         0  sys_command.o ABSOLUTE
    ../clib/angel/sysapp.c                   0x00000000   Number         0  sys_exit.o ABSOLUTE
    ../clib/angel/sysapp.c                   0x00000000   Number         0  sys_wrch.o ABSOLUTE
    ../clib/armsys.c                         0x00000000   Number         0  argv_veneer.o ABSOLUTE
    ../clib/armsys.c                         0x00000000   Number         0  _get_argv_nomalloc.o ABSOLUTE
    ../clib/armsys.c                         0x00000000   Number         0  no_argv.o ABSOLUTE
    ../clib/armsys.c                         0x00000000   Number         0  argv_veneer.o ABSOLUTE
    ../clib/heapalloc.c                      0x00000000   Number         0  hrguard.o ABSOLUTE
    ../clib/heapaux.c                        0x00000000   Number         0  heapauxi.o ABSOLUTE
    ../clib/libinit.s                        0x00000000   Number         0  libshutdown.o ABSOLUTE
    ../clib/libinit.s                        0x00000000   Number         0  libinit2.o ABSOLUTE
    ../clib/libinit.s                        0x00000000   Number         0  libshutdown2.o ABSOLUTE
    ../clib/libinit.s                        0x00000000   Number         0  libinit.o ABSOLUTE
    ../clib/longlong.s                       0x00000000   Number         0  lludivv7m.o ABSOLUTE
    ../clib/signal.c                         0x00000000   Number         0  defsig_other.o ABSOLUTE
    ../clib/signal.c                         0x00000000   Number         0  defsig_segv_inner.o ABSOLUTE
    ../clib/signal.c                         0x00000000   Number         0  defsig_cppl_inner.o ABSOLUTE
    ../clib/signal.c                         0x00000000   Number         0  defsig_pvfn_inner.o ABSOLUTE
    ../clib/signal.c                         0x00000000   Number         0  defsig_stak_inner.o ABSOLUTE
    ../clib/signal.c                         0x00000000   Number         0  defsig_rtmem_formal.o ABSOLUTE
    ../clib/signal.c                         0x00000000   Number         0  defsig_rtmem_inner.o ABSOLUTE
    ../clib/signal.c                         0x00000000   Number         0  defsig_exit.o ABSOLUTE
    ../clib/signal.c                         0x00000000   Number         0  defsig_fpe_outer.o ABSOLUTE
    ../clib/signal.c                         0x00000000   Number         0  defsig_fpe_formal.o ABSOLUTE
    ../clib/signal.c                         0x00000000   Number         0  defsig_fpe_inner.o ABSOLUTE
    ../clib/signal.c                         0x00000000   Number         0  defsig_general.o ABSOLUTE
    ../clib/signal.c                         0x00000000   Number         0  __raise.o ABSOLUTE
    ../clib/signal.c                         0x00000000   Number         0  defsig_abrt_inner.o ABSOLUTE
    ../clib/signal.c                         0x00000000   Number         0  defsig_rtred_inner.o ABSOLUTE
    ../clib/signal.c                         0x00000000   Number         0  defsig_rtmem_outer.o ABSOLUTE
    ../clib/signal.s                         0x00000000   Number         0  defsig.o ABSOLUTE
    ../clib/stdlib.c                         0x00000000   Number         0  exit.o ABSOLUTE
    ../fplib/faddsub.s                       0x00000000   Number         0  faddsub_clz.o ABSOLUTE
    ../fplib/ffixu.s                         0x00000000   Number         0  ffixu.o ABSOLUTE
    ../fplib/fflt.s                          0x00000000   Number         0  fflt_clz.o ABSOLUTE
    ../fplib/fnaninf.s                       0x00000000   Number         0  fnaninf.o ABSOLUTE
    ../fplib/fpinit.s                        0x00000000   Number         0  fpinit.o ABSOLUTE
    ../fplib/fretinf.s                       0x00000000   Number         0  fretinf.o ABSOLUTE
    ../fplib/usenofp.s                       0x00000000   Number         0  usenofp.o ABSOLUTE
    ..\HAL_CM.c                              0x00000000   Number         0  hal_cm.o ABSOLUTE
    ..\\rt_CMSIS.c                           0x00000000   Number         0  rt_cmsis.o ABSOLUTE
    ..\\rt_System.c                          0x00000000   Number         0  rt_system.o ABSOLUTE
    ..\rt_CMSIS.c                            0x00000000   Number         0  rt_cmsis.o ABSOLUTE
    ..\rt_Event.c                            0x00000000   Number         0  rt_event.o ABSOLUTE
    ..\rt_List.c                             0x00000000   Number         0  rt_list.o ABSOLUTE
    ..\rt_Mailbox.c                          0x00000000   Number         0  rt_mailbox.o ABSOLUTE
    ..\rt_MemBox.c                           0x00000000   Number         0  rt_membox.o ABSOLUTE
    ..\rt_Memory.c                           0x00000000   Number         0  rt_memory.o ABSOLUTE
    ..\rt_Mutex.c                            0x00000000   Number         0  rt_mutex.o ABSOLUTE
    ..\rt_Robin.c                            0x00000000   Number         0  rt_robin.o ABSOLUTE
    ..\rt_Semaphore.c                        0x00000000   Number         0  rt_semaphore.o ABSOLUTE
    ..\rt_System.c                           0x00000000   Number         0  rt_system.o ABSOLUTE
    ..\rt_Task.c                             0x00000000   Number         0  rt_task.o ABSOLUTE
    ..\rt_Time.c                             0x00000000   Number         0  rt_time.o ABSOLUTE
    HAL_CM3.c                                0x00000000   Number         0  hal_cm3.o ABSOLUTE
    HAL_CM3.c                                0x00000000   Number         0  hal_cm3.o ABSOLUTE
    RTE\CMSIS\RTX_Conf_CM.c                  0x00000000   Number         0  rtx_conf_cm.o ABSOLUTE
    RTE\Device\STM32F103RC\startup_stm32f10x_hd.s 0x00000000   Number         0  startup_stm32f10x_hd.o ABSOLUTE
    RTE\Device\STM32F103RC\system_stm32f10x.c 0x00000000   Number         0  system_stm32f10x.o ABSOLUTE
    RTE\\CMSIS\\RTX_Conf_CM.c                0x00000000   Number         0  rtx_conf_cm.o ABSOLUTE
    RTE\\Device\\STM32F103RC\\system_stm32f10x.c 0x00000000   Number         0  system_stm32f10x.o ABSOLUTE
    SVC_Table.s                              0x00000000   Number         0  svc_table.o ABSOLUTE
    USER\USART.c                             0x00000000   Number         0  usart.o ABSOLUTE
    USER\\USART.c                            0x00000000   Number         0  usart.o ABSOLUTE
    USER\\main.c                             0x00000000   Number         0  main.o ABSOLUTE
    USER\main.c                              0x00000000   Number         0  main.o ABSOLUTE
    dc.s                                     0x00000000   Number         0  dc.o ABSOLUTE
    RESET                                    0x08000000   Section      304  startup_stm32f10x_hd.o(RESET)
    !!!main                                  0x08000130   Section        8  __main.o(!!!main)
    !!!scatter                               0x08000138   Section       52  __scatter.o(!!!scatter)
    !!handler_copy                           0x0800016c   Section       26  __scatter_copy.o(!!handler_copy)
    !!handler_zi                             0x08000188   Section       28  __scatter_zi.o(!!handler_zi)
    .ARM.Collect$$libinit$$00000000          0x080001a4   Section        2  libinit.o(.ARM.Collect$$libinit$$00000000)
    .ARM.Collect$$libinit$$00000002          0x080001a6   Section        0  libinit2.o(.ARM.Collect$$libinit$$00000002)
    .ARM.Collect$$libinit$$00000004          0x080001a6   Section        0  libinit2.o(.ARM.Collect$$libinit$$00000004)
    .ARM.Collect$$libinit$$0000000A          0x080001a6   Section        0  libinit2.o(.ARM.Collect$$libinit$$0000000A)
    .ARM.Collect$$libinit$$0000000C          0x080001a6   Section        0  libinit2.o(.ARM.Collect$$libinit$$0000000C)
    .ARM.Collect$$libinit$$0000000E          0x080001a6   Section        0  libinit2.o(.ARM.Collect$$libinit$$0000000E)
    .ARM.Collect$$libinit$$00000011          0x080001a6   Section        0  libinit2.o(.ARM.Collect$$libinit$$00000011)
    .ARM.Collect$$libinit$$00000013          0x080001a6   Section        0  libinit2.o(.ARM.Collect$$libinit$$00000013)
    .ARM.Collect$$libinit$$00000015          0x080001a6   Section        0  libinit2.o(.ARM.Collect$$libinit$$00000015)
    .ARM.Collect$$libinit$$00000017          0x080001a6   Section        0  libinit2.o(.ARM.Collect$$libinit$$00000017)
    .ARM.Collect$$libinit$$00000019          0x080001a6   Section        0  libinit2.o(.ARM.Collect$$libinit$$00000019)
    .ARM.Collect$$libinit$$0000001B          0x080001a6   Section        0  libinit2.o(.ARM.Collect$$libinit$$0000001B)
    .ARM.Collect$$libinit$$0000001D          0x080001a6   Section        0  libinit2.o(.ARM.Collect$$libinit$$0000001D)
    .ARM.Collect$$libinit$$0000001F          0x080001a6   Section        0  libinit2.o(.ARM.Collect$$libinit$$0000001F)
    .ARM.Collect$$libinit$$00000021          0x080001a6   Section        0  libinit2.o(.ARM.Collect$$libinit$$00000021)
    .ARM.Collect$$libinit$$00000023          0x080001a6   Section        0  libinit2.o(.ARM.Collect$$libinit$$00000023)
    .ARM.Collect$$libinit$$00000025          0x080001a6   Section        0  libinit2.o(.ARM.Collect$$libinit$$00000025)
    .ARM.Collect$$libinit$$0000002C          0x080001a6   Section        0  libinit2.o(.ARM.Collect$$libinit$$0000002C)
    .ARM.Collect$$libinit$$0000002E          0x080001a6   Section        0  libinit2.o(.ARM.Collect$$libinit$$0000002E)
    .ARM.Collect$$libinit$$00000030          0x080001a6   Section        0  libinit2.o(.ARM.Collect$$libinit$$00000030)
    .ARM.Collect$$libinit$$00000032          0x080001a6   Section        0  libinit2.o(.ARM.Collect$$libinit$$00000032)
    .ARM.Collect$$libinit$$00000033          0x080001a6   Section        2  libinit2.o(.ARM.Collect$$libinit$$00000033)
    .ARM.Collect$$libshutdown$$00000000      0x080001a8   Section        2  libshutdown.o(.ARM.Collect$$libshutdown$$00000000)
    .ARM.Collect$$libshutdown$$00000002      0x080001aa   Section        0  libshutdown2.o(.ARM.Collect$$libshutdown$$00000002)
    .ARM.Collect$$libshutdown$$00000004      0x080001aa   Section        0  libshutdown2.o(.ARM.Collect$$libshutdown$$00000004)
    .ARM.Collect$$libshutdown$$00000007      0x080001aa   Section        0  libshutdown2.o(.ARM.Collect$$libshutdown$$00000007)
    .ARM.Collect$$libshutdown$$0000000A      0x080001aa   Section        0  libshutdown2.o(.ARM.Collect$$libshutdown$$0000000A)
    .ARM.Collect$$libshutdown$$0000000C      0x080001aa   Section        0  libshutdown2.o(.ARM.Collect$$libshutdown$$0000000C)
    .ARM.Collect$$libshutdown$$0000000F      0x080001aa   Section        0  libshutdown2.o(.ARM.Collect$$libshutdown$$0000000F)
    .ARM.Collect$$libshutdown$$00000010      0x080001aa   Section        2  libshutdown2.o(.ARM.Collect$$libshutdown$$00000010)
    .ARM.Collect$$rtentry$$00000000          0x080001ac   Section        0  __rtentry.o(.ARM.Collect$$rtentry$$00000000)
    .ARM.Collect$$rtentry$$00000002          0x080001ac   Section        0  __rtentry2.o(.ARM.Collect$$rtentry$$00000002)
    .ARM.Collect$$rtentry$$00000004          0x080001ac   Section        6  __rtentry4.o(.ARM.Collect$$rtentry$$00000004)
    .ARM.Collect$$rtentry$$00000009          0x080001b2   Section        0  __rtentry2.o(.ARM.Collect$$rtentry$$00000009)
    .ARM.Collect$$rtentry$$0000000A          0x080001b2   Section        4  __rtentry2.o(.ARM.Collect$$rtentry$$0000000A)
    .ARM.Collect$$rtentry$$0000000B          0x080001b6   Section        8  __rtentry2.o(.ARM.Collect$$rtentry$$0000000B)
    .ARM.Collect$$rtentry$$0000000D          0x080001be   Section        8  __rtentry2.o(.ARM.Collect$$rtentry$$0000000D)
    .ARM.Collect$$rtexit$$00000000           0x080001c6   Section        2  rtexit.o(.ARM.Collect$$rtexit$$00000000)
    .ARM.Collect$$rtexit$$00000002           0x080001c8   Section        0  rtexit2.o(.ARM.Collect$$rtexit$$00000002)
    .ARM.Collect$$rtexit$$00000003           0x080001c8   Section        4  rtexit2.o(.ARM.Collect$$rtexit$$00000003)
    .ARM.Collect$$rtexit$$00000004           0x080001cc   Section        6  rtexit2.o(.ARM.Collect$$rtexit$$00000004)
    .emb_text                                0x080001d4   Section       28  rtx_conf_cm.o(.emb_text)
    .emb_text                                0x080001f0   Section      304  hal_cm3.o(.emb_text)
    .text                                    0x08000320   Section       64  startup_stm32f10x_hd.o(.text)
    .text                                    0x08000360   Section        8  libspace.o(.text)
    .text                                    0x08000368   Section        0  exit.o(.text)
    .text                                    0x0800037a   Section        0  heapauxi.o(.text)
    .text                                    0x08000380   Section        0  sys_exit.o(.text)
    .text                                    0x0800038c   Section       74  sys_stackheap_outer.o(.text)
    .text                                    0x080003d6   Section        2  use_no_semi.o(.text)
    .text                                    0x080003d8   Section        0  indicate_semi.o(.text)
    SVC_TABLE                                0x080003d8   Section        4  svc_table.o(SVC_TABLE)
    i.SetSysClock                            0x080003dc   Section        0  system_stm32f10x.o(i.SetSysClock)
    SetSysClock                              0x080003dd   Thumb Code     8  system_stm32f10x.o(i.SetSysClock)
    i.SetSysClockTo72                        0x080003e4   Section        0  system_stm32f10x.o(i.SetSysClockTo72)
    SetSysClockTo72                          0x080003e5   Thumb Code   214  system_stm32f10x.o(i.SetSysClockTo72)
    i.SystemInit                             0x080004c4   Section        0  system_stm32f10x.o(i.SystemInit)
    i.USART1_IRQHandler                      0x08000524   Section        0  usart.o(i.USART1_IRQHandler)
    i.USART1_Init                            0x08000578   Section        0  usart.o(i.USART1_Init)
    i.USART1_PrintString                     0x080006d8   Section        0  usart.o(i.USART1_PrintString)
    i._init_box                              0x08000704   Section        0  rt_membox.o(i._init_box)
    i._mutex_acquire                         0x0800074c   Section        0  rtx_conf_cm.o(i._mutex_acquire)
    __tagsym$$used                           0x0800074d   Number         0  rtx_conf_cm.o(i._mutex_acquire)
    i._mutex_release                         0x0800076c   Section        0  rtx_conf_cm.o(i._mutex_release)
    __tagsym$$used                           0x0800076d   Number         0  rtx_conf_cm.o(i._mutex_release)
    i.dbg_init                               0x08000788   Section        0  hal_cm.o(i.dbg_init)
    i.dbg_task_notify                        0x080007b8   Section        0  hal_cm.o(i.dbg_task_notify)
    i.dbg_task_switch                        0x080007d8   Section        0  hal_cm.o(i.dbg_task_switch)
    i.isrMessageGet                          0x080007e8   Section        0  rt_cmsis.o(i.isrMessageGet)
    i.isrMessagePut                          0x08000812   Section        0  rt_cmsis.o(i.isrMessagePut)
    i.isr_mbx_receive                        0x08000840   Section        0  rt_mailbox.o(i.isr_mbx_receive)
    i.isr_mbx_send                           0x08000892   Section        0  rt_mailbox.o(i.isr_mbx_send)
    i.ledTask1                               0x080008a0   Section        0  main.o(i.ledTask1)
    i.ledTask2                               0x080008d0   Section        0  main.o(i.ledTask2)
    i.main                                   0x08000900   Section        0  main.o(i.main)
    i.osDelay                                0x080009b8   Section        0  rt_cmsis.o(i.osDelay)
    i.osKernelInitialize                     0x080009d0   Section        0  rt_cmsis.o(i.osKernelInitialize)
    i.osKernelStart                          0x080009f4   Section        0  rt_cmsis.o(i.osKernelStart)
    i.osMessageGet                           0x08000a60   Section        0  rt_cmsis.o(i.osMessageGet)
    i.osThreadCreate                         0x08000a78   Section        0  rt_cmsis.o(i.osThreadCreate)
    i.osThreadExit                           0x08000aa8   Section        0  rt_cmsis.o(i.osThreadExit)
    i.osTimerCall                            0x08000ac0   Section        0  rt_cmsis.o(i.osTimerCall)
    i.osTimerThread                          0x08000acc   Section        0  rt_cmsis.o(i.osTimerThread)
    i.os_error                               0x08000af8   Section        0  rtx_conf_cm.o(i.os_error)
    i.os_idle_demon                          0x08000b1a   Section        0  rtx_conf_cm.o(i.os_idle_demon)
    i.os_tick_init                           0x08000b20   Section        0  rt_system.o(i.os_tick_init)
    i.os_tick_irqack                         0x08000b48   Section        0  rt_system.o(i.os_tick_irqack)
    i.rt_alloc_box                           0x08000b4a   Section        0  rt_membox.o(i.rt_alloc_box)
    i.rt_alloc_mem                           0x08000b64   Section        0  rt_memory.o(i.rt_alloc_mem)
    i.rt_block                               0x08000ba4   Section        0  rt_task.o(i.rt_block)
    i.rt_chk_robin                           0x08000bdc   Section        0  rt_robin.o(i.rt_chk_robin)
    i.rt_dec_dly                             0x08000c24   Section        0  rt_list.o(i.rt_dec_dly)
    i.rt_dispatch                            0x08000c94   Section        0  rt_task.o(i.rt_dispatch)
    i.rt_dly_wait                            0x08000cd8   Section        0  rt_time.o(i.rt_dly_wait)
    i.rt_evt_psh                             0x08000ce0   Section        0  rt_event.o(i.rt_evt_psh)
    i.rt_free_box                            0x08000d30   Section        0  rt_membox.o(i.rt_free_box)
    i.rt_free_mem                            0x08000d5c   Section        0  rt_memory.o(i.rt_free_mem)
    i.rt_get_first                           0x08000d84   Section        0  rt_list.o(i.rt_get_first)
    i.rt_id2obj                              0x08000dac   Section        0  rt_cmsis.o(i.rt_id2obj)
    rt_id2obj                                0x08000dad   Thumb Code     8  rt_cmsis.o(i.rt_id2obj)
    i.rt_init_context                        0x08000db4   Section        0  rt_task.o(i.rt_init_context)
    rt_init_context                          0x08000db5   Thumb Code    66  rt_task.o(i.rt_init_context)
    i.rt_init_mem                            0x08000dfc   Section        0  rt_memory.o(i.rt_init_mem)
    i.rt_init_robin                          0x08000e18   Section        0  rt_robin.o(i.rt_init_robin)
    i.rt_init_stack                          0x08000e30   Section        0  hal_cm.o(i.rt_init_stack)
    i.rt_mbx_check                           0x08000eb0   Section        0  rt_mailbox.o(i.rt_mbx_check)
    i.rt_mbx_init                            0x08000eb8   Section        0  rt_mailbox.o(i.rt_mbx_init)
    i.rt_mbx_psh                             0x08000ed4   Section        0  rt_mailbox.o(i.rt_mbx_psh)
    i.rt_mbx_wait                            0x08000fc4   Section        0  rt_mailbox.o(i.rt_mbx_wait)
    i.rt_ms2tick                             0x08001078   Section        0  rt_cmsis.o(i.rt_ms2tick)
    rt_ms2tick                               0x08001079   Thumb Code    58  rt_cmsis.o(i.rt_ms2tick)
    i.rt_mut_release                         0x080010bc   Section        0  rt_mutex.o(i.rt_mut_release)
    i.rt_mut_wait                            0x08001194   Section        0  rt_mutex.o(i.rt_mut_wait)
    i.rt_pop_req                             0x080011fc   Section        0  rt_system.o(i.rt_pop_req)
    i.rt_psh_req                             0x08001278   Section        0  rt_system.o(i.rt_psh_req)
    i.rt_psq_enq                             0x08001298   Section        0  rt_list.o(i.rt_psq_enq)
    i.rt_put_dly                             0x080012f4   Section        0  rt_list.o(i.rt_put_dly)
    i.rt_put_prio                            0x0800133c   Section        0  rt_list.o(i.rt_put_prio)
    i.rt_put_rdy_first                       0x08001374   Section        0  rt_list.o(i.rt_put_rdy_first)
    i.rt_resort_prio                         0x08001388   Section        0  rt_list.o(i.rt_resort_prio)
    i.rt_ret_val                             0x080013bc   Section        0  hal_cm.o(i.rt_ret_val)
    i.rt_ret_val2                            0x080013c2   Section        0  hal_cm.o(i.rt_ret_val2)
    i.rt_rmv_dly                             0x080013ca   Section        0  rt_list.o(i.rt_rmv_dly)
    i.rt_rmv_list                            0x080013f4   Section        0  rt_list.o(i.rt_rmv_list)
    i.rt_sem_psh                             0x08001424   Section        0  rt_semaphore.o(i.rt_sem_psh)
    i.rt_stk_check                           0x08001458   Section        0  rt_system.o(i.rt_stk_check)
    i.rt_switch_req                          0x0800147c   Section        0  rt_task.o(i.rt_switch_req)
    i.rt_sys_init                            0x080014a4   Section        0  rt_task.o(i.rt_sys_init)
    i.rt_sys_start                           0x08001570   Section        0  rt_task.o(i.rt_sys_start)
    i.rt_systick                             0x080015e8   Section        0  rt_system.o(i.rt_systick)
    i.rt_tid2ptcb                            0x08001628   Section        0  rt_cmsis.o(i.rt_tid2ptcb)
    rt_tid2ptcb                              0x08001629   Thumb Code    18  rt_cmsis.o(i.rt_tid2ptcb)
    i.rt_timer_insert                        0x0800163c   Section        0  rt_cmsis.o(i.rt_timer_insert)
    rt_timer_insert                          0x0800163d   Thumb Code    48  rt_cmsis.o(i.rt_timer_insert)
    i.rt_tsk_create                          0x08001670   Section        0  rt_task.o(i.rt_tsk_create)
    i.rt_tsk_delete                          0x080016f8   Section        0  rt_task.o(i.rt_tsk_delete)
    i.rt_tsk_prio                            0x08001874   Section        0  rt_task.o(i.rt_tsk_prio)
    i.rt_tsk_self                            0x080018f0   Section        0  rt_task.o(i.rt_tsk_self)
    i.svcDelay                               0x08001900   Section        0  rt_cmsis.o(i.svcDelay)
    i.svcKernelInitialize                    0x08001914   Section        0  rt_cmsis.o(i.svcKernelInitialize)
    i.svcKernelStart                         0x08001984   Section        0  rt_cmsis.o(i.svcKernelStart)
    i.svcMessageCreate                       0x080019cc   Section        0  rt_cmsis.o(i.svcMessageCreate)
    i.svcMessageGet                          0x080019f0   Section        0  rt_cmsis.o(i.svcMessageGet)
    i.svcThreadCreate                        0x08001a2c   Section        0  rt_cmsis.o(i.svcThreadCreate)
    i.svcThreadGetId                         0x08001a9c   Section        0  rt_cmsis.o(i.svcThreadGetId)
    i.svcThreadTerminate                     0x08001ab8   Section        0  rt_cmsis.o(i.svcThreadTerminate)
    i.svcTimerCall                           0x08001af0   Section        0  rt_cmsis.o(i.svcTimerCall)
    i.sysTimerTick                           0x08001b08   Section        0  rt_cmsis.o(i.sysTimerTick)
    x$fpl$fadd                               0x08001b64   Section      196  faddsub_clz.o(x$fpl$fadd)
    _fadd1                                   0x08001b73   Thumb Code     0  faddsub_clz.o(x$fpl$fadd)
    x$fpl$ffixu                              0x08001c28   Section       62  ffixu.o(x$fpl$ffixu)
    x$fpl$ffltu                              0x08001c68   Section       38  fflt_clz.o(x$fpl$ffltu)
    x$fpl$fnaninf                            0x08001c8e   Section      140  fnaninf.o(x$fpl$fnaninf)
    x$fpl$fretinf                            0x08001d1a   Section       10  fretinf.o(x$fpl$fretinf)
    x$fpl$frsb                               0x08001d24   Section       20  faddsub_clz.o(x$fpl$frsb)
    x$fpl$fsub                               0x08001d38   Section      234  faddsub_clz.o(x$fpl$fsub)
    _fsub1                                   0x08001d47   Thumb Code     0  faddsub_clz.o(x$fpl$fsub)
    x$fpl$usenofp                            0x08001e22   Section        0  usenofp.o(x$fpl$usenofp)
    .constdata                               0x08001e24   Section       32  main.o(.constdata)
    .constdata                               0x08001e44   Section       86  rtx_conf_cm.o(.constdata)
    __tagsym$$used                           0x08001e60   Number         0  rtx_conf_cm.o(.constdata)
    __tagsym$$used                           0x08001e64   Number         0  rtx_conf_cm.o(.constdata)
    __tagsym$$used                           0x08001e68   Number         0  rtx_conf_cm.o(.constdata)
    __tagsym$$used                           0x08001e6c   Number         0  rtx_conf_cm.o(.constdata)
    .data                                    0x20000000   Section        8  main.o(.data)
    .data                                    0x20000008   Section        1  usart.o(.data)
    .data                                    0x2000000c   Section       36  rtx_conf_cm.o(.data)
    nr_mutex                                 0x2000001c   Data           4  rtx_conf_cm.o(.data)
    .data                                    0x20000030   Section        8  rt_cmsis.o(.data)
    .data                                    0x20000038   Section        8  rt_task.o(.data)
    .data                                    0x20000040   Section        8  rt_system.o(.data)
    os_lock                                  0x20000040   Data           1  rt_system.o(.data)
    os_psh_flag                              0x20000041   Data           1  rt_system.o(.data)
    pend_flags                               0x20000042   Data           1  rt_system.o(.data)
    .data                                    0x20000048   Section        4  rt_time.o(.data)
    .data                                    0x2000004c   Section        8  rt_robin.o(.data)
    .data                                    0x20000054   Section        1  hal_cm.o(.data)
    .bss                                     0x20000058   Section      100  usart.o(.bss)
    .bss                                     0x200000c0   Section     3016  rtx_conf_cm.o(.bss)
    std_libspace                             0x20000968   Data         672  rtx_conf_cm.o(.bss)
    std_libmutex                             0x20000c08   Data         128  rtx_conf_cm.o(.bss)
    .bss                                     0x20000c88   Section       52  rt_task.o(.bss)
    .bss                                     0x20000cbc   Section       48  rt_list.o(.bss)
    .bss                                     0x20000cec   Section       96  libspace.o(.bss)
    HEAP                                     0x20000d50   Section      512  startup_stm32f10x_hd.o(HEAP)
    Heap_Mem                                 0x20000d50   Data         512  startup_stm32f10x_hd.o(HEAP)
    STACK                                    0x20000f50   Section     1024  startup_stm32f10x_hd.o(STACK)
    Stack_Mem                                0x20000f50   Data        1024  startup_stm32f10x_hd.o(STACK)
    __initial_sp                             0x20001350   Data           0  startup_stm32f10x_hd.o(STACK)

    Global Symbols

    Symbol Name                              Value     Ov Type        Size  Object(Section)

    BuildAttributes$$THM_ISAv4$P$D$K$B$S$PE$A:L22UL41UL21$X:L11$S22US41US21$IEEE1$IW$USESV6$~STKCKD$USESV7$~SHL$OSPACE$ROPI$EBA8$UX$STANDARDLIB$REQ8$PRES8$EABIv2 0x00000000   Number         0  anon$$obj.o ABSOLUTE
    __ARM_use_no_argv                        0x00000000   Number         0  main.o ABSOLUTE
    __ARM_exceptions_init                     - Undefined Weak Reference
    __alloca_initialize                       - Undefined Weak Reference
    __arm_preinit_                            - Undefined Weak Reference
    __cpp_initialize__aeabi_                  - Undefined Weak Reference
    __cxa_finalize                            - Undefined Weak Reference
    __rt_locale                               - Undefined Weak Reference
    __sigvec_lookup                           - Undefined Weak Reference
    _atexit_init                              - Undefined Weak Reference
    _call_atexit_fns                          - Undefined Weak Reference
    _clock_init                               - Undefined Weak Reference
    _fp_trap_init                             - Undefined Weak Reference
    _fp_trap_shutdown                         - Undefined Weak Reference
    _get_lc_collate                           - Undefined Weak Reference
    _get_lc_ctype                             - Undefined Weak Reference
    _get_lc_monetary                          - Undefined Weak Reference
    _get_lc_numeric                           - Undefined Weak Reference
    _get_lc_time                              - Undefined Weak Reference
    _getenv_init                              - Undefined Weak Reference
    _handle_redirection                       - Undefined Weak Reference
    _init_alloc                               - Undefined Weak Reference
    _init_user_alloc                          - Undefined Weak Reference
    _initio                                   - Undefined Weak Reference
    _rand_init                                - Undefined Weak Reference
    _signal_finish                            - Undefined Weak Reference
    _signal_init                              - Undefined Weak Reference
    _terminate_alloc                          - Undefined Weak Reference
    _terminate_user_alloc                     - Undefined Weak Reference
    _terminateio                              - Undefined Weak Reference
    __Vectors_Size                           0x00000130   Number         0  startup_stm32f10x_hd.o ABSOLUTE
    __RL_RTX_VER                             0x00000480   Number         0  rt_system.o ABSOLUTE
    __Vectors                                0x08000000   Data           4  startup_stm32f10x_hd.o(RESET)
    __Vectors_End                            0x08000130   Data           0  startup_stm32f10x_hd.o(RESET)
    __main                                   0x08000131   Thumb Code     8  __main.o(!!!main)
    __scatterload                            0x08000139   Thumb Code     0  __scatter.o(!!!scatter)
    __scatterload_rt2                        0x08000139   Thumb Code    44  __scatter.o(!!!scatter)
    __scatterload_rt2_thumb_only             0x08000139   Thumb Code     0  __scatter.o(!!!scatter)
    __scatterload_null                       0x08000147   Thumb Code     0  __scatter.o(!!!scatter)
    __scatterload_copy                       0x0800016d   Thumb Code    26  __scatter_copy.o(!!handler_copy)
    __scatterload_zeroinit                   0x08000189   Thumb Code    28  __scatter_zi.o(!!handler_zi)
    __rt_lib_init                            0x080001a5   Thumb Code     0  libinit.o(.ARM.Collect$$libinit$$00000000)
    __rt_lib_init_alloca_1                   0x080001a7   Thumb Code     0  libinit2.o(.ARM.Collect$$libinit$$0000002E)
    __rt_lib_init_argv_1                     0x080001a7   Thumb Code     0  libinit2.o(.ARM.Collect$$libinit$$0000002C)
    __rt_lib_init_atexit_1                   0x080001a7   Thumb Code     0  libinit2.o(.ARM.Collect$$libinit$$0000001B)
    __rt_lib_init_clock_1                    0x080001a7   Thumb Code     0  libinit2.o(.ARM.Collect$$libinit$$00000021)
    __rt_lib_init_cpp_1                      0x080001a7   Thumb Code     0  libinit2.o(.ARM.Collect$$libinit$$00000032)
    __rt_lib_init_exceptions_1               0x080001a7   Thumb Code     0  libinit2.o(.ARM.Collect$$libinit$$00000030)
    __rt_lib_init_fp_1                       0x080001a7   Thumb Code     0  libinit2.o(.ARM.Collect$$libinit$$00000002)
    __rt_lib_init_fp_trap_1                  0x080001a7   Thumb Code     0  libinit2.o(.ARM.Collect$$libinit$$0000001F)
    __rt_lib_init_getenv_1                   0x080001a7   Thumb Code     0  libinit2.o(.ARM.Collect$$libinit$$00000023)
    __rt_lib_init_heap_1                     0x080001a7   Thumb Code     0  libinit2.o(.ARM.Collect$$libinit$$0000000A)
    __rt_lib_init_lc_collate_1               0x080001a7   Thumb Code     0  libinit2.o(.ARM.Collect$$libinit$$00000011)
    __rt_lib_init_lc_ctype_1                 0x080001a7   Thumb Code     0  libinit2.o(.ARM.Collect$$libinit$$00000013)
    __rt_lib_init_lc_monetary_1              0x080001a7   Thumb Code     0  libinit2.o(.ARM.Collect$$libinit$$00000015)
    __rt_lib_init_lc_numeric_1               0x080001a7   Thumb Code     0  libinit2.o(.ARM.Collect$$libinit$$00000017)
    __rt_lib_init_lc_time_1                  0x080001a7   Thumb Code     0  libinit2.o(.ARM.Collect$$libinit$$00000019)
    __rt_lib_init_preinit_1                  0x080001a7   Thumb Code     0  libinit2.o(.ARM.Collect$$libinit$$00000004)
    __rt_lib_init_rand_1                     0x080001a7   Thumb Code     0  libinit2.o(.ARM.Collect$$libinit$$0000000E)
    __rt_lib_init_return                     0x080001a7   Thumb Code     0  libinit2.o(.ARM.Collect$$libinit$$00000033)
    __rt_lib_init_signal_1                   0x080001a7   Thumb Code     0  libinit2.o(.ARM.Collect$$libinit$$0000001D)
    __rt_lib_init_stdio_1                    0x080001a7   Thumb Code     0  libinit2.o(.ARM.Collect$$libinit$$00000025)
    __rt_lib_init_user_alloc_1               0x080001a7   Thumb Code     0  libinit2.o(.ARM.Collect$$libinit$$0000000C)
    __rt_lib_shutdown                        0x080001a9   Thumb Code     0  libshutdown.o(.ARM.Collect$$libshutdown$$00000000)
    __rt_lib_shutdown_cpp_1                  0x080001ab   Thumb Code     0  libshutdown2.o(.ARM.Collect$$libshutdown$$00000002)
    __rt_lib_shutdown_fp_trap_1              0x080001ab   Thumb Code     0  libshutdown2.o(.ARM.Collect$$libshutdown$$00000007)
    __rt_lib_shutdown_heap_1                 0x080001ab   Thumb Code     0  libshutdown2.o(.ARM.Collect$$libshutdown$$0000000F)
    __rt_lib_shutdown_return                 0x080001ab   Thumb Code     0  libshutdown2.o(.ARM.Collect$$libshutdown$$00000010)
    __rt_lib_shutdown_signal_1               0x080001ab   Thumb Code     0  libshutdown2.o(.ARM.Collect$$libshutdown$$0000000A)
    __rt_lib_shutdown_stdio_1                0x080001ab   Thumb Code     0  libshutdown2.o(.ARM.Collect$$libshutdown$$00000004)
    __rt_lib_shutdown_user_alloc_1           0x080001ab   Thumb Code     0  libshutdown2.o(.ARM.Collect$$libshutdown$$0000000C)
    __rt_entry                               0x080001ad   Thumb Code     0  __rtentry.o(.ARM.Collect$$rtentry$$00000000)
    __rt_entry_presh_1                       0x080001ad   Thumb Code     0  __rtentry2.o(.ARM.Collect$$rtentry$$00000002)
    __rt_entry_sh                            0x080001ad   Thumb Code     0  __rtentry4.o(.ARM.Collect$$rtentry$$00000004)
    __rt_entry_li                            0x080001b3   Thumb Code     0  __rtentry2.o(.ARM.Collect$$rtentry$$0000000A)
    __rt_entry_postsh_1                      0x080001b3   Thumb Code     0  __rtentry2.o(.ARM.Collect$$rtentry$$00000009)
    __rt_entry_postli_1                      0x080001b7   Thumb Code     0  __rtentry2.o(.ARM.Collect$$rtentry$$0000000B)
    __rt_entry_main                          0x080001bf   Thumb Code     0  __rtentry2.o(.ARM.Collect$$rtentry$$0000000D)
    __rt_exit                                0x080001c7   Thumb Code     0  rtexit.o(.ARM.Collect$$rtexit$$00000000)
    __rt_exit_ls                             0x080001c9   Thumb Code     0  rtexit2.o(.ARM.Collect$$rtexit$$00000003)
    __rt_exit_prels_1                        0x080001c9   Thumb Code     0  rtexit2.o(.ARM.Collect$$rtexit$$00000002)
    __rt_exit_exit                           0x080001cd   Thumb Code     0  rtexit2.o(.ARM.Collect$$rtexit$$00000004)
    _platform_post_lib_init                  0x080001d5   Thumb Code    24  rtx_conf_cm.o(.emb_text)
    rt_set_PSP                               0x080001f1   Thumb Code     6  hal_cm3.o(.emb_text)
    rt_get_PSP                               0x080001f7   Thumb Code     6  hal_cm3.o(.emb_text)
    os_set_env                               0x080001fd   Thumb Code    24  hal_cm3.o(.emb_text)
    _alloc_box                               0x08000219   Thumb Code    28  hal_cm3.o(.emb_text)
    _free_box                                0x08000239   Thumb Code    28  hal_cm3.o(.emb_text)
    SVC_Handler                              0x08000259   Thumb Code   108  hal_cm3.o(.emb_text)
    PendSV_Handler                           0x080002d1   Thumb Code    56  hal_cm3.o(.emb_text)
    SysTick_Handler                          0x0800030d   Thumb Code     8  hal_cm3.o(.emb_text)
    OS_Tick_Handler                          0x08000315   Thumb Code    12  hal_cm3.o(.emb_text)
    Reset_Handler                            0x08000321   Thumb Code     8  startup_stm32f10x_hd.o(.text)
    NMI_Handler                              0x08000329   Thumb Code     2  startup_stm32f10x_hd.o(.text)
    HardFault_Handler                        0x0800032b   Thumb Code     2  startup_stm32f10x_hd.o(.text)
    MemManage_Handler                        0x0800032d   Thumb Code     2  startup_stm32f10x_hd.o(.text)
    BusFault_Handler                         0x0800032f   Thumb Code     2  startup_stm32f10x_hd.o(.text)
    UsageFault_Handler                       0x08000331   Thumb Code     2  startup_stm32f10x_hd.o(.text)
    DebugMon_Handler                         0x08000335   Thumb Code     2  startup_stm32f10x_hd.o(.text)
    ADC1_2_IRQHandler                        0x0800033b   Thumb Code     0  startup_stm32f10x_hd.o(.text)
    ADC3_IRQHandler                          0x0800033b   Thumb Code     0  startup_stm32f10x_hd.o(.text)
    CAN1_RX1_IRQHandler                      0x0800033b   Thumb Code     0  startup_stm32f10x_hd.o(.text)
    CAN1_SCE_IRQHandler                      0x0800033b   Thumb Code     0  startup_stm32f10x_hd.o(.text)
    DMA1_Channel1_IRQHandler                 0x0800033b   Thumb Code     0  startup_stm32f10x_hd.o(.text)
    DMA1_Channel2_IRQHandler                 0x0800033b   Thumb Code     0  startup_stm32f10x_hd.o(.text)
    DMA1_Channel3_IRQHandler                 0x0800033b   Thumb Code     0  startup_stm32f10x_hd.o(.text)
    DMA1_Channel4_IRQHandler                 0x0800033b   Thumb Code     0  startup_stm32f10x_hd.o(.text)
    DMA1_Channel5_IRQHandler                 0x0800033b   Thumb Code     0  startup_stm32f10x_hd.o(.text)
    DMA1_Channel6_IRQHandler                 0x0800033b   Thumb Code     0  startup_stm32f10x_hd.o(.text)
    DMA1_Channel7_IRQHandler                 0x0800033b   Thumb Code     0  startup_stm32f10x_hd.o(.text)
    DMA2_Channel1_IRQHandler                 0x0800033b   Thumb Code     0  startup_stm32f10x_hd.o(.text)
    DMA2_Channel2_IRQHandler                 0x0800033b   Thumb Code     0  startup_stm32f10x_hd.o(.text)
    DMA2_Channel3_IRQHandler                 0x0800033b   Thumb Code     0  startup_stm32f10x_hd.o(.text)
    DMA2_Channel4_5_IRQHandler               0x0800033b   Thumb Code     0  startup_stm32f10x_hd.o(.text)
    EXTI0_IRQHandler                         0x0800033b   Thumb Code     0  startup_stm32f10x_hd.o(.text)
    EXTI15_10_IRQHandler                     0x0800033b   Thumb Code     0  startup_stm32f10x_hd.o(.text)
    EXTI1_IRQHandler                         0x0800033b   Thumb Code     0  startup_stm32f10x_hd.o(.text)
    EXTI2_IRQHandler                         0x0800033b   Thumb Code     0  startup_stm32f10x_hd.o(.text)
    EXTI3_IRQHandler                         0x0800033b   Thumb Code     0  startup_stm32f10x_hd.o(.text)
    EXTI4_IRQHandler                         0x0800033b   Thumb Code     0  startup_stm32f10x_hd.o(.text)
    EXTI9_5_IRQHandler                       0x0800033b   Thumb Code     0  startup_stm32f10x_hd.o(.text)
    FLASH_IRQHandler                         0x0800033b   Thumb Code     0  startup_stm32f10x_hd.o(.text)
    FSMC_IRQHandler                          0x0800033b   Thumb Code     0  startup_stm32f10x_hd.o(.text)
    I2C1_ER_IRQHandler                       0x0800033b   Thumb Code     0  startup_stm32f10x_hd.o(.text)
    I2C1_EV_IRQHandler                       0x0800033b   Thumb Code     0  startup_stm32f10x_hd.o(.text)
    I2C2_ER_IRQHandler                       0x0800033b   Thumb Code     0  startup_stm32f10x_hd.o(.text)
    I2C2_EV_IRQHandler                       0x0800033b   Thumb Code     0  startup_stm32f10x_hd.o(.text)
    PVD_IRQHandler                           0x0800033b   Thumb Code     0  startup_stm32f10x_hd.o(.text)
    RCC_IRQHandler                           0x0800033b   Thumb Code     0  startup_stm32f10x_hd.o(.text)
    RTCAlarm_IRQHandler                      0x0800033b   Thumb Code     0  startup_stm32f10x_hd.o(.text)
    RTC_IRQHandler                           0x0800033b   Thumb Code     0  startup_stm32f10x_hd.o(.text)
    SDIO_IRQHandler                          0x0800033b   Thumb Code     0  startup_stm32f10x_hd.o(.text)
    SPI1_IRQHandler                          0x0800033b   Thumb Code     0  startup_stm32f10x_hd.o(.text)
    SPI2_IRQHandler                          0x0800033b   Thumb Code     0  startup_stm32f10x_hd.o(.text)
    SPI3_IRQHandler                          0x0800033b   Thumb Code     0  startup_stm32f10x_hd.o(.text)
    TAMPER_IRQHandler                        0x0800033b   Thumb Code     0  startup_stm32f10x_hd.o(.text)
    TIM1_BRK_IRQHandler                      0x0800033b   Thumb Code     0  startup_stm32f10x_hd.o(.text)
    TIM1_CC_IRQHandler                       0x0800033b   Thumb Code     0  startup_stm32f10x_hd.o(.text)
    TIM1_TRG_COM_IRQHandler                  0x0800033b   Thumb Code     0  startup_stm32f10x_hd.o(.text)
    TIM1_UP_IRQHandler                       0x0800033b   Thumb Code     0  startup_stm32f10x_hd.o(.text)
    TIM2_IRQHandler                          0x0800033b   Thumb Code     0  startup_stm32f10x_hd.o(.text)
    TIM3_IRQHandler                          0x0800033b   Thumb Code     0  startup_stm32f10x_hd.o(.text)
    TIM4_IRQHandler                          0x0800033b   Thumb Code     0  startup_stm32f10x_hd.o(.text)
    TIM5_IRQHandler                          0x0800033b   Thumb Code     0  startup_stm32f10x_hd.o(.text)
    TIM6_IRQHandler                          0x0800033b   Thumb Code     0  startup_stm32f10x_hd.o(.text)
    TIM7_IRQHandler                          0x0800033b   Thumb Code     0  startup_stm32f10x_hd.o(.text)
    TIM8_BRK_IRQHandler                      0x0800033b   Thumb Code     0  startup_stm32f10x_hd.o(.text)
    TIM8_CC_IRQHandler                       0x0800033b   Thumb Code     0  startup_stm32f10x_hd.o(.text)
    TIM8_TRG_COM_IRQHandler                  0x0800033b   Thumb Code     0  startup_stm32f10x_hd.o(.text)
    TIM8_UP_IRQHandler                       0x0800033b   Thumb Code     0  startup_stm32f10x_hd.o(.text)
    UART4_IRQHandler                         0x0800033b   Thumb Code     0  startup_stm32f10x_hd.o(.text)
    UART5_IRQHandler                         0x0800033b   Thumb Code     0  startup_stm32f10x_hd.o(.text)
    USART2_IRQHandler                        0x0800033b   Thumb Code     0  startup_stm32f10x_hd.o(.text)
    USART3_IRQHandler                        0x0800033b   Thumb Code     0  startup_stm32f10x_hd.o(.text)
    USBWakeUp_IRQHandler                     0x0800033b   Thumb Code     0  startup_stm32f10x_hd.o(.text)
    USB_HP_CAN1_TX_IRQHandler                0x0800033b   Thumb Code     0  startup_stm32f10x_hd.o(.text)
    USB_LP_CAN1_RX0_IRQHandler               0x0800033b   Thumb Code     0  startup_stm32f10x_hd.o(.text)
    WWDG_IRQHandler                          0x0800033b   Thumb Code     0  startup_stm32f10x_hd.o(.text)
    __user_initial_stackheap                 0x0800033d   Thumb Code     0  startup_stm32f10x_hd.o(.text)
    __user_libspace                          0x08000361   Thumb Code     8  libspace.o(.text)
    __user_perproc_libspace                  0x08000361   Thumb Code     0  libspace.o(.text)
    exit                                     0x08000369   Thumb Code    18  exit.o(.text)
    __use_two_region_memory                  0x0800037b   Thumb Code     2  heapauxi.o(.text)
    __rt_heap_escrow$2region                 0x0800037d   Thumb Code     2  heapauxi.o(.text)
    __rt_heap_expand$2region                 0x0800037f   Thumb Code     2  heapauxi.o(.text)
    _sys_exit                                0x08000381   Thumb Code     8  sys_exit.o(.text)
    __user_setup_stackheap                   0x0800038d   Thumb Code    74  sys_stackheap_outer.o(.text)
    __I$use$semihosting                      0x080003d7   Thumb Code     0  use_no_semi.o(.text)
    __use_no_semihosting_swi                 0x080003d7   Thumb Code     2  use_no_semi.o(.text)
    SVC_Count                                0x080003d8   Data           4  svc_table.o(SVC_TABLE)
    __semihosting_library_function           0x080003d9   Thumb Code     0  indicate_semi.o(.text)
    SVC_Table                                0x080003dc   Data           0  svc_table.o(SVC_TABLE)
    SystemInit                               0x080004c5   Thumb Code    78  system_stm32f10x.o(i.SystemInit)
    USART1_IRQHandler                        0x08000525   Thumb Code    72  usart.o(i.USART1_IRQHandler)
    USART1_Init                              0x08000579   Thumb Code   322  usart.o(i.USART1_Init)
    USART1_PrintString                       0x080006d9   Thumb Code    38  usart.o(i.USART1_PrintString)
    _init_box                                0x08000705   Thumb Code    70  rt_membox.o(i._init_box)
    _mutex_acquire                           0x0800074d   Thumb Code    22  rtx_conf_cm.o(i._mutex_acquire)
    _mutex_release                           0x0800076d   Thumb Code    18  rtx_conf_cm.o(i._mutex_release)
    dbg_init                                 0x08000789   Thumb Code    34  hal_cm.o(i.dbg_init)
    dbg_task_notify                          0x080007b9   Thumb Code    32  hal_cm.o(i.dbg_task_notify)
    dbg_task_switch                          0x080007d9   Thumb Code    16  hal_cm.o(i.dbg_task_switch)
    isrMessageGet                            0x080007e9   Thumb Code    42  rt_cmsis.o(i.isrMessageGet)
    isrMessagePut                            0x08000813   Thumb Code    44  rt_cmsis.o(i.isrMessagePut)
    isr_mbx_receive                          0x08000841   Thumb Code    82  rt_mailbox.o(i.isr_mbx_receive)
    isr_mbx_send                             0x08000893   Thumb Code    14  rt_mailbox.o(i.isr_mbx_send)
    ledTask1                                 0x080008a1   Thumb Code    44  main.o(i.ledTask1)
    ledTask2                                 0x080008d1   Thumb Code    44  main.o(i.ledTask2)
    main                                     0x08000901   Thumb Code   134  main.o(i.main)
    osDelay                                  0x080009b9   Thumb Code    18  rt_cmsis.o(i.osDelay)
    osKernelInitialize                       0x080009d1   Thumb Code    30  rt_cmsis.o(i.osKernelInitialize)
    osKernelStart                            0x080009f5   Thumb Code    98  rt_cmsis.o(i.osKernelStart)
    osMessageGet                             0x08000a61   Thumb Code    18  rt_cmsis.o(i.osMessageGet)
    osThreadCreate                           0x08000a79   Thumb Code    38  rt_cmsis.o(i.osThreadCreate)
    osThreadExit                             0x08000aa9   Thumb Code    14  rt_cmsis.o(i.osThreadExit)
    osTimerCall                              0x08000ac1   Thumb Code     8  rt_cmsis.o(i.osTimerCall)
    osTimerThread                            0x08000acd   Thumb Code    38  rt_cmsis.o(i.osTimerThread)
    os_error                                 0x08000af9   Thumb Code    34  rtx_conf_cm.o(i.os_error)
    os_idle_demon                            0x08000b1b   Thumb Code     4  rtx_conf_cm.o(i.os_idle_demon)
    os_tick_init                             0x08000b21   Thumb Code    32  rt_system.o(i.os_tick_init)
    os_tick_irqack                           0x08000b49   Thumb Code     2  rt_system.o(i.os_tick_irqack)
    rt_alloc_box                             0x08000b4b   Thumb Code    26  rt_membox.o(i.rt_alloc_box)
    rt_alloc_mem                             0x08000b65   Thumb Code    62  rt_memory.o(i.rt_alloc_mem)
    rt_block                                 0x08000ba5   Thumb Code    48  rt_task.o(i.rt_block)
    rt_chk_robin                             0x08000bdd   Thumb Code    60  rt_robin.o(i.rt_chk_robin)
    rt_dec_dly                               0x08000c25   Thumb Code   102  rt_list.o(i.rt_dec_dly)
    rt_dispatch                              0x08000c95   Thumb Code    60  rt_task.o(i.rt_dispatch)
    rt_dly_wait                              0x08000cd9   Thumb Code     6  rt_time.o(i.rt_dly_wait)
    rt_evt_psh                               0x08000ce1   Thumb Code    76  rt_event.o(i.rt_evt_psh)
    rt_free_box                              0x08000d31   Thumb Code    44  rt_membox.o(i.rt_free_box)
    rt_free_mem                              0x08000d5d   Thumb Code    40  rt_memory.o(i.rt_free_mem)
    rt_get_first                             0x08000d85   Thumb Code    40  rt_list.o(i.rt_get_first)
    rt_init_mem                              0x08000dfd   Thumb Code    26  rt_memory.o(i.rt_init_mem)
    rt_init_robin                            0x08000e19   Thumb Code    14  rt_robin.o(i.rt_init_robin)
    rt_init_stack                            0x08000e31   Thumb Code   118  hal_cm.o(i.rt_init_stack)
    rt_mbx_check                             0x08000eb1   Thumb Code     8  rt_mailbox.o(i.rt_mbx_check)
    rt_mbx_init                              0x08000eb9   Thumb Code    26  rt_mailbox.o(i.rt_mbx_init)
    rt_mbx_psh                               0x08000ed5   Thumb Code   236  rt_mailbox.o(i.rt_mbx_psh)
    rt_mbx_wait                              0x08000fc5   Thumb Code   174  rt_mailbox.o(i.rt_mbx_wait)
    rt_mut_release                           0x080010bd   Thumb Code   208  rt_mutex.o(i.rt_mut_release)
    rt_mut_wait                              0x08001195   Thumb Code   100  rt_mutex.o(i.rt_mut_wait)
    rt_pop_req                               0x080011fd   Thumb Code   112  rt_system.o(i.rt_pop_req)
    rt_psh_req                               0x08001279   Thumb Code    22  rt_system.o(i.rt_psh_req)
    rt_psq_enq                               0x08001299   Thumb Code    88  rt_list.o(i.rt_psq_enq)
    rt_put_dly                               0x080012f5   Thumb Code    68  rt_list.o(i.rt_put_dly)
    rt_put_prio                              0x0800133d   Thumb Code    54  rt_list.o(i.rt_put_prio)
    rt_put_rdy_first                         0x08001375   Thumb Code    14  rt_list.o(i.rt_put_rdy_first)
    rt_resort_prio                           0x08001389   Thumb Code    46  rt_list.o(i.rt_resort_prio)
    rt_ret_val                               0x080013bd   Thumb Code     6  hal_cm.o(i.rt_ret_val)
    rt_ret_val2                              0x080013c3   Thumb Code     8  hal_cm.o(i.rt_ret_val2)
    rt_rmv_dly                               0x080013cb   Thumb Code    40  rt_list.o(i.rt_rmv_dly)
    rt_rmv_list                              0x080013f5   Thumb Code    44  rt_list.o(i.rt_rmv_list)
    rt_sem_psh                               0x08001425   Thumb Code    48  rt_semaphore.o(i.rt_sem_psh)
    rt_stk_check                             0x08001459   Thumb Code    28  rt_system.o(i.rt_stk_check)
    rt_switch_req                            0x0800147d   Thumb Code    30  rt_task.o(i.rt_switch_req)
    rt_sys_init                              0x080014a5   Thumb Code   138  rt_task.o(i.rt_sys_init)
    rt_sys_start                             0x08001571   Thumb Code   110  rt_task.o(i.rt_sys_start)
    rt_systick                               0x080015e9   Thumb Code    50  rt_system.o(i.rt_systick)
    rt_tsk_create                            0x08001671   Thumb Code   118  rt_task.o(i.rt_tsk_create)
    rt_tsk_delete                            0x080016f9   Thumb Code   352  rt_task.o(i.rt_tsk_delete)
    rt_tsk_prio                              0x08001875   Thumb Code   108  rt_task.o(i.rt_tsk_prio)
    rt_tsk_self                              0x080018f1   Thumb Code    12  rt_task.o(i.rt_tsk_self)
    svcDelay                                 0x08001901   Thumb Code    18  rt_cmsis.o(i.svcDelay)
    svcKernelInitialize                      0x08001915   Thumb Code    80  rt_cmsis.o(i.svcKernelInitialize)
    svcKernelStart                           0x08001985   Thumb Code    62  rt_cmsis.o(i.svcKernelStart)
    svcMessageCreate                         0x080019cd   Thumb Code    36  rt_cmsis.o(i.svcMessageCreate)
    svcMessageGet                            0x080019f1   Thumb Code    58  rt_cmsis.o(i.svcMessageGet)
    svcThreadCreate                          0x08001a2d   Thumb Code   100  rt_cmsis.o(i.svcThreadCreate)
    svcThreadGetId                           0x08001a9d   Thumb Code    22  rt_cmsis.o(i.svcThreadGetId)
    svcThreadTerminate                       0x08001ab9   Thumb Code    50  rt_cmsis.o(i.svcThreadTerminate)
    svcTimerCall                             0x08001af1   Thumb Code    24  rt_cmsis.o(i.svcTimerCall)
    sysTimerTick                             0x08001b09   Thumb Code    84  rt_cmsis.o(i.sysTimerTick)
    __aeabi_fadd                             0x08001b65   Thumb Code     0  faddsub_clz.o(x$fpl$fadd)
    _fadd                                    0x08001b65   Thumb Code   196  faddsub_clz.o(x$fpl$fadd)
    __aeabi_f2uiz                            0x08001c29   Thumb Code     0  ffixu.o(x$fpl$ffixu)
    _ffixu                                   0x08001c29   Thumb Code    62  ffixu.o(x$fpl$ffixu)
    __aeabi_ui2f                             0x08001c69   Thumb Code     0  fflt_clz.o(x$fpl$ffltu)
    _ffltu                                   0x08001c69   Thumb Code    38  fflt_clz.o(x$fpl$ffltu)
    __fpl_fnaninf                            0x08001c8f   Thumb Code   140  fnaninf.o(x$fpl$fnaninf)
    __fpl_fretinf                            0x08001d1b   Thumb Code    10  fretinf.o(x$fpl$fretinf)
    __aeabi_frsub                            0x08001d25   Thumb Code     0  faddsub_clz.o(x$fpl$frsb)
    _frsb                                    0x08001d25   Thumb Code    20  faddsub_clz.o(x$fpl$frsb)
    __aeabi_fsub                             0x08001d39   Thumb Code     0  faddsub_clz.o(x$fpl$fsub)
    _fsub                                    0x08001d39   Thumb Code   234  faddsub_clz.o(x$fpl$fsub)
    __I$use$fp                               0x08001e22   Number         0  usenofp.o(x$fpl$usenofp)
    os_thread_def_ledTask1                   0x08001e24   Data          16  main.o(.constdata)
    os_thread_def_ledTask2                   0x08001e34   Data          16  main.o(.constdata)
    os_maxtaskrun                            0x08001e44   Data           2  rtx_conf_cm.o(.constdata)
    os_stackinfo                             0x08001e48   Data           4  rtx_conf_cm.o(.constdata)
    os_rrobin                                0x08001e4c   Data           4  rtx_conf_cm.o(.constdata)
    os_tickfreq                              0x08001e50   Data           4  rtx_conf_cm.o(.constdata)
    os_tickus_i                              0x08001e54   Data           2  rtx_conf_cm.o(.constdata)
    os_tickus_f                              0x08001e56   Data           2  rtx_conf_cm.o(.constdata)
    os_trv                                   0x08001e58   Data           4  rtx_conf_cm.o(.constdata)
    os_flags                                 0x08001e5c   Data           1  rtx_conf_cm.o(.constdata)
    CMSIS_RTOS_API_Version                   0x08001e60   Data           4  rtx_conf_cm.o(.constdata)
    CMSIS_RTOS_RTX_Version                   0x08001e64   Data           4  rtx_conf_cm.o(.constdata)
    os_clockrate                             0x08001e68   Data           4  rtx_conf_cm.o(.constdata)
    os_timernum                              0x08001e6c   Data           4  rtx_conf_cm.o(.constdata)
    mp_tcb_size                              0x08001e70   Data           2  rtx_conf_cm.o(.constdata)
    mp_stk_size                              0x08001e74   Data           4  rtx_conf_cm.o(.constdata)
    os_stack_sz                              0x08001e78   Data           4  rtx_conf_cm.o(.constdata)
    os_fifo_size                             0x08001e7c   Data           1  rtx_conf_cm.o(.constdata)
    os_thread_def_osTimerThread              0x08001e80   Data          16  rtx_conf_cm.o(.constdata)
    os_messageQ_def_osTimerMessageQ          0x08001e90   Data           8  rtx_conf_cm.o(.constdata)
    mp_tmr_size                              0x08001e98   Data           2  rtx_conf_cm.o(.constdata)
    Region$$Table$$Base                      0x08001e9c   Number         0  anon$$obj.o(Region$$Table)
    Region$$Table$$Limit                     0x08001ebc   Number         0  anon$$obj.o(Region$$Table)
    ledTaskLed1                              0x20000000   Data           4  main.o(.data)
    ledTaskLed2                              0x20000004   Data           4  main.o(.data)
    USART1_ReCoun                            0x20000008   Data           1  usart.o(.data)
    osThreadId_osTimerThread                 0x2000000c   Data           4  rtx_conf_cm.o(.data)
    osMessageQId_osTimerMessageQ             0x20000010   Data           4  rtx_conf_cm.o(.data)
    os_tmr                                   0x20000014   Data           4  rtx_conf_cm.o(.data)
    m_tmr                                    0x20000018   Data           4  rtx_conf_cm.o(.data)
    os_thread_def_main                       0x20000020   Data          16  rtx_conf_cm.o(.data)
    os_initialized                           0x20000030   Data           1  rt_cmsis.o(.data)
    os_running                               0x20000031   Data           1  rt_cmsis.o(.data)
    os_timer_head                            0x20000034   Data           4  rt_cmsis.o(.data)
    os_tsk                                   0x20000038   Data           8  rt_task.o(.data)
    os_tick_irqn                             0x20000044   Data           4  rt_system.o(.data)
    os_time                                  0x20000048   Data           4  rt_time.o(.data)
    os_robin                                 0x2000004c   Data           8  rt_robin.o(.data)
    dbg_msg                                  0x20000054   Data           1  hal_cm.o(.data)
    Receive1BUFF                             0x20000058   Data         100  usart.o(.bss)
    mp_tcb                                   0x200000c0   Data         376  rtx_conf_cm.o(.bss)
    mp_stk                                   0x20000238   Data        1216  rtx_conf_cm.o(.bss)
    os_stack_mem                             0x200006f8   Data         432  rtx_conf_cm.o(.bss)
    os_fifo                                  0x200008a8   Data         132  rtx_conf_cm.o(.bss)
    os_active_TCB                            0x2000092c   Data          28  rtx_conf_cm.o(.bss)
    os_messageQ_q_osTimerMessageQ            0x20000948   Data          32  rtx_conf_cm.o(.bss)
    os_idle_TCB                              0x20000c88   Data          52  rt_task.o(.bss)
    os_rdy                                   0x20000cbc   Data          24  rt_list.o(.bss)
    os_dly                                   0x20000cd4   Data          24  rt_list.o(.bss)
    __libspace_start                         0x20000cec   Data          96  libspace.o(.bss)
    __temporary_stack_top$libspace           0x20000d4c   Data           0  libspace.o(.bss)



==============================================================================

Memory Map of the image

  Image Entry point : 0x08000131

  Load Region LR_IROM1 (Base: 0x08000000, Size: 0x00001f14, Max: 0x00040000, ABSOLUTE)

    Execution Region ER_IROM1 (Base: 0x08000000, Size: 0x00001ebc, Max: 0x00040000, ABSOLUTE)

    Base Addr    Size         Type   Attr      Idx    E Section Name        Object

    0x08000000   0x00000130   Data   RO          203    RESET               startup_stm32f10x_hd.o
    0x08000130   0x00000008   Code   RO         1476  * !!!main             c_w.l(__main.o)
    0x08000138   0x00000034   Code   RO         1658    !!!scatter          c_w.l(__scatter.o)
    0x0800016c   0x0000001a   Code   RO         1660    !!handler_copy      c_w.l(__scatter_copy.o)
    0x08000186   0x00000002   PAD
    0x08000188   0x0000001c   Code   RO         1662    !!handler_zi        c_w.l(__scatter_zi.o)
    0x080001a4   0x00000002   Code   RO         1544    .ARM.Collect$$libinit$$00000000  c_w.l(libinit.o)
    0x080001a6   0x00000000   Code   RO         1556    .ARM.Collect$$libinit$$00000002  c_w.l(libinit2.o)
    0x080001a6   0x00000000   Code   RO         1558    .ARM.Collect$$libinit$$00000004  c_w.l(libinit2.o)
    0x080001a6   0x00000000   Code   RO         1561    .ARM.Collect$$libinit$$0000000A  c_w.l(libinit2.o)
    0x080001a6   0x00000000   Code   RO         1563    .ARM.Collect$$libinit$$0000000C  c_w.l(libinit2.o)
    0x080001a6   0x00000000   Code   RO         1565    .ARM.Collect$$libinit$$0000000E  c_w.l(libinit2.o)
    0x080001a6   0x00000000   Code   RO         1568    .ARM.Collect$$libinit$$00000011  c_w.l(libinit2.o)
    0x080001a6   0x00000000   Code   RO         1570    .ARM.Collect$$libinit$$00000013  c_w.l(libinit2.o)
    0x080001a6   0x00000000   Code   RO         1572    .ARM.Collect$$libinit$$00000015  c_w.l(libinit2.o)
    0x080001a6   0x00000000   Code   RO         1574    .ARM.Collect$$libinit$$00000017  c_w.l(libinit2.o)
    0x080001a6   0x00000000   Code   RO         1576    .ARM.Collect$$libinit$$00000019  c_w.l(libinit2.o)
    0x080001a6   0x00000000   Code   RO         1578    .ARM.Collect$$libinit$$0000001B  c_w.l(libinit2.o)
    0x080001a6   0x00000000   Code   RO         1580    .ARM.Collect$$libinit$$0000001D  c_w.l(libinit2.o)
    0x080001a6   0x00000000   Code   RO         1582    .ARM.Collect$$libinit$$0000001F  c_w.l(libinit2.o)
    0x080001a6   0x00000000   Code   RO         1584    .ARM.Collect$$libinit$$00000021  c_w.l(libinit2.o)
    0x080001a6   0x00000000   Code   RO         1586    .ARM.Collect$$libinit$$00000023  c_w.l(libinit2.o)
    0x080001a6   0x00000000   Code   RO         1588    .ARM.Collect$$libinit$$00000025  c_w.l(libinit2.o)
    0x080001a6   0x00000000   Code   RO         1592    .ARM.Collect$$libinit$$0000002C  c_w.l(libinit2.o)
    0x080001a6   0x00000000   Code   RO         1594    .ARM.Collect$$libinit$$0000002E  c_w.l(libinit2.o)
    0x080001a6   0x00000000   Code   RO         1596    .ARM.Collect$$libinit$$00000030  c_w.l(libinit2.o)
    0x080001a6   0x00000000   Code   RO         1598    .ARM.Collect$$libinit$$00000032  c_w.l(libinit2.o)
    0x080001a6   0x00000002   Code   RO         1599    .ARM.Collect$$libinit$$00000033  c_w.l(libinit2.o)
    0x080001a8   0x00000002   Code   RO         1545    .ARM.Collect$$libshutdown$$00000000  c_w.l(libshutdown.o)
    0x080001aa   0x00000000   Code   RO         1601    .ARM.Collect$$libshutdown$$00000002  c_w.l(libshutdown2.o)
    0x080001aa   0x00000000   Code   RO         1603    .ARM.Collect$$libshutdown$$00000004  c_w.l(libshutdown2.o)
    0x080001aa   0x00000000   Code   RO         1606    .ARM.Collect$$libshutdown$$00000007  c_w.l(libshutdown2.o)
    0x080001aa   0x00000000   Code   RO         1609    .ARM.Collect$$libshutdown$$0000000A  c_w.l(libshutdown2.o)
    0x080001aa   0x00000000   Code   RO         1611    .ARM.Collect$$libshutdown$$0000000C  c_w.l(libshutdown2.o)
    0x080001aa   0x00000000   Code   RO         1614    .ARM.Collect$$libshutdown$$0000000F  c_w.l(libshutdown2.o)
    0x080001aa   0x00000002   Code   RO         1615    .ARM.Collect$$libshutdown$$00000010  c_w.l(libshutdown2.o)
    0x080001ac   0x00000000   Code   RO         1494    .ARM.Collect$$rtentry$$00000000  c_w.l(__rtentry.o)
    0x080001ac   0x00000000   Code   RO         1507    .ARM.Collect$$rtentry$$00000002  c_w.l(__rtentry2.o)
    0x080001ac   0x00000006   Code   RO         1519    .ARM.Collect$$rtentry$$00000004  c_w.l(__rtentry4.o)
    0x080001b2   0x00000000   Code   RO         1509    .ARM.Collect$$rtentry$$00000009  c_w.l(__rtentry2.o)
    0x080001b2   0x00000004   Code   RO         1510    .ARM.Collect$$rtentry$$0000000A  c_w.l(__rtentry2.o)
    0x080001b6   0x00000008   Code   RO         1511    .ARM.Collect$$rtentry$$0000000B  c_w.l(__rtentry2.o)
    0x080001be   0x00000008   Code   RO         1513    .ARM.Collect$$rtentry$$0000000D  c_w.l(__rtentry2.o)
    0x080001c6   0x00000002   Code   RO         1495    .ARM.Collect$$rtexit$$00000000  c_w.l(rtexit.o)
    0x080001c8   0x00000000   Code   RO         1522    .ARM.Collect$$rtexit$$00000002  c_w.l(rtexit2.o)
    0x080001c8   0x00000004   Code   RO         1523    .ARM.Collect$$rtexit$$00000003  c_w.l(rtexit2.o)
    0x080001cc   0x00000006   Code   RO         1524    .ARM.Collect$$rtexit$$00000004  c_w.l(rtexit2.o)
    0x080001d2   0x00000002   PAD
    0x080001d4   0x0000001c   Code   RO          143    .emb_text           rtx_conf_cm.o
    0x080001f0   0x00000130   Code   RO         1452    .emb_text           RTX_CM3.lib(hal_cm3.o)
    0x08000320   0x00000040   Code   RO          204    .text               startup_stm32f10x_hd.o
    0x08000360   0x00000008   Code   RO         1467    .text               c_w.l(libspace.o)
    0x08000368   0x00000012   Code   RO         1472    .text               c_w.l(exit.o)
    0x0800037a   0x00000006   Code   RO         1474    .text               c_w.l(heapauxi.o)
    0x08000380   0x0000000c   Code   RO         1530    .text               c_w.l(sys_exit.o)
    0x0800038c   0x0000004a   Code   RO         1532    .text               c_w.l(sys_stackheap_outer.o)
    0x080003d6   0x00000002   Code   RO         1546    .text               c_w.l(use_no_semi.o)
    0x080003d8   0x00000000   Code   RO         1548    .text               c_w.l(indicate_semi.o)
    0x080003d8   0x00000004   Code   RO         1462    SVC_TABLE           RTX_CM3.lib(svc_table.o)
    0x080003dc   0x00000008   Code   RO          211    i.SetSysClock       system_stm32f10x.o
    0x080003e4   0x000000e0   Code   RO          212    i.SetSysClockTo72   system_stm32f10x.o
    0x080004c4   0x00000060   Code   RO          214    i.SystemInit        system_stm32f10x.o
    0x08000524   0x00000054   Code   RO           81    i.USART1_IRQHandler  usart.o
    0x08000578   0x00000160   Code   RO           82    i.USART1_Init       usart.o
    0x080006d8   0x0000002c   Code   RO           85    i.USART1_PrintString  usart.o
    0x08000704   0x00000046   Code   RO         1351    i._init_box         RTX_CM3.lib(rt_membox.o)
    0x0800074a   0x00000002   PAD
    0x0800074c   0x00000020   Code   RO          145    i._mutex_acquire    rtx_conf_cm.o
    0x0800076c   0x0000001c   Code   RO          147    i._mutex_release    rtx_conf_cm.o
    0x08000788   0x00000030   Code   RO         1404    i.dbg_init          RTX_CM3.lib(hal_cm.o)
    0x080007b8   0x00000020   Code   RO         1405    i.dbg_task_notify   RTX_CM3.lib(hal_cm.o)
    0x080007d8   0x00000010   Code   RO         1406    i.dbg_task_switch   RTX_CM3.lib(hal_cm.o)
    0x080007e8   0x0000002a   Code   RO          257    i.isrMessageGet     RTX_CM3.lib(rt_cmsis.o)
    0x08000812   0x0000002c   Code   RO          258    i.isrMessagePut     RTX_CM3.lib(rt_cmsis.o)
    0x0800083e   0x00000002   PAD
    0x08000840   0x00000052   Code   RO         1206    i.isr_mbx_receive   RTX_CM3.lib(rt_mailbox.o)
    0x08000892   0x0000000e   Code   RO         1207    i.isr_mbx_send      RTX_CM3.lib(rt_mailbox.o)
    0x080008a0   0x00000030   Code   RO            4    i.ledTask1          main.o
    0x080008d0   0x00000030   Code   RO            5    i.ledTask2          main.o
    0x08000900   0x000000b8   Code   RO            6    i.main              main.o
    0x080009b8   0x00000018   Code   RO          261    i.osDelay           RTX_CM3.lib(rt_cmsis.o)
    0x080009d0   0x00000024   Code   RO          262    i.osKernelInitialize  RTX_CM3.lib(rt_cmsis.o)
    0x080009f4   0x0000006c   Code   RO          264    i.osKernelStart     RTX_CM3.lib(rt_cmsis.o)
    0x08000a60   0x00000018   Code   RO          273    i.osMessageGet      RTX_CM3.lib(rt_cmsis.o)
    0x08000a78   0x00000030   Code   RO          290    i.osThreadCreate    RTX_CM3.lib(rt_cmsis.o)
    0x08000aa8   0x00000018   Code   RO          291    i.osThreadExit      RTX_CM3.lib(rt_cmsis.o)
    0x08000ac0   0x0000000c   Code   RO          297    i.osTimerCall       RTX_CM3.lib(rt_cmsis.o)
    0x08000acc   0x0000002c   Code   RO          302    i.osTimerThread     RTX_CM3.lib(rt_cmsis.o)
    0x08000af8   0x00000022   Code   RO          148    i.os_error          rtx_conf_cm.o
    0x08000b1a   0x00000004   Code   RO          149    i.os_idle_demon     rtx_conf_cm.o
    0x08000b1e   0x00000002   PAD
    0x08000b20   0x00000028   Code   RO          998    i.os_tick_init      RTX_CM3.lib(rt_system.o)
    0x08000b48   0x00000002   Code   RO          999    i.os_tick_irqack    RTX_CM3.lib(rt_system.o)
    0x08000b4a   0x0000001a   Code   RO         1352    i.rt_alloc_box      RTX_CM3.lib(rt_membox.o)
    0x08000b64   0x0000003e   Code   RO         1380    i.rt_alloc_mem      RTX_CM3.lib(rt_memory.o)
    0x08000ba2   0x00000002   PAD
    0x08000ba4   0x00000038   Code   RO          879    i.rt_block          RTX_CM3.lib(rt_task.o)
    0x08000bdc   0x00000048   Code   RO         1329    i.rt_chk_robin      RTX_CM3.lib(rt_robin.o)
    0x08000c24   0x00000070   Code   RO         1130    i.rt_dec_dly        RTX_CM3.lib(rt_list.o)
    0x08000c94   0x00000044   Code   RO          880    i.rt_dispatch       RTX_CM3.lib(rt_task.o)
    0x08000cd8   0x00000006   Code   RO         1296    i.rt_dly_wait       RTX_CM3.lib(rt_time.o)
    0x08000cde   0x00000002   PAD
    0x08000ce0   0x00000050   Code   RO         1091    i.rt_evt_psh        RTX_CM3.lib(rt_event.o)
    0x08000d30   0x0000002c   Code   RO         1353    i.rt_free_box       RTX_CM3.lib(rt_membox.o)
    0x08000d5c   0x00000028   Code   RO         1381    i.rt_free_mem       RTX_CM3.lib(rt_memory.o)
    0x08000d84   0x00000028   Code   RO         1131    i.rt_get_first      RTX_CM3.lib(rt_list.o)
    0x08000dac   0x00000008   Code   RO          307    i.rt_id2obj         RTX_CM3.lib(rt_cmsis.o)
    0x08000db4   0x00000048   Code   RO          881    i.rt_init_context   RTX_CM3.lib(rt_task.o)
    0x08000dfc   0x0000001a   Code   RO         1382    i.rt_init_mem       RTX_CM3.lib(rt_memory.o)
    0x08000e16   0x00000002   PAD
    0x08000e18   0x00000018   Code   RO         1330    i.rt_init_robin     RTX_CM3.lib(rt_robin.o)
    0x08000e30   0x00000080   Code   RO         1407    i.rt_init_stack     RTX_CM3.lib(hal_cm.o)
    0x08000eb0   0x00000008   Code   RO         1208    i.rt_mbx_check      RTX_CM3.lib(rt_mailbox.o)
    0x08000eb8   0x0000001a   Code   RO         1209    i.rt_mbx_init       RTX_CM3.lib(rt_mailbox.o)
    0x08000ed2   0x00000002   PAD
    0x08000ed4   0x000000f0   Code   RO         1210    i.rt_mbx_psh        RTX_CM3.lib(rt_mailbox.o)
    0x08000fc4   0x000000b4   Code   RO         1212    i.rt_mbx_wait       RTX_CM3.lib(rt_mailbox.o)
    0x08001078   0x00000044   Code   RO          308    i.rt_ms2tick        RTX_CM3.lib(rt_cmsis.o)
    0x080010bc   0x000000d8   Code   RO          965    i.rt_mut_release    RTX_CM3.lib(rt_mutex.o)
    0x08001194   0x00000068   Code   RO          966    i.rt_mut_wait       RTX_CM3.lib(rt_mutex.o)
    0x080011fc   0x0000007c   Code   RO         1002    i.rt_pop_req        RTX_CM3.lib(rt_system.o)
    0x08001278   0x00000020   Code   RO         1003    i.rt_psh_req        RTX_CM3.lib(rt_system.o)
    0x08001298   0x0000005c   Code   RO         1133    i.rt_psq_enq        RTX_CM3.lib(rt_list.o)
    0x080012f4   0x00000048   Code   RO         1134    i.rt_put_dly        RTX_CM3.lib(rt_list.o)
    0x0800133c   0x00000036   Code   RO         1135    i.rt_put_prio       RTX_CM3.lib(rt_list.o)
    0x08001372   0x00000002   PAD
    0x08001374   0x00000014   Code   RO         1136    i.rt_put_rdy_first  RTX_CM3.lib(rt_list.o)
    0x08001388   0x00000034   Code   RO         1137    i.rt_resort_prio    RTX_CM3.lib(rt_list.o)
    0x080013bc   0x00000006   Code   RO         1408    i.rt_ret_val        RTX_CM3.lib(hal_cm.o)
    0x080013c2   0x00000008   Code   RO         1409    i.rt_ret_val2       RTX_CM3.lib(hal_cm.o)
    0x080013ca   0x00000028   Code   RO         1138    i.rt_rmv_dly        RTX_CM3.lib(rt_list.o)
    0x080013f2   0x00000002   PAD
    0x080013f4   0x00000030   Code   RO         1139    i.rt_rmv_list       RTX_CM3.lib(rt_list.o)
    0x08001424   0x00000034   Code   RO         1257    i.rt_sem_psh        RTX_CM3.lib(rt_semaphore.o)
    0x08001458   0x00000024   Code   RO         1005    i.rt_stk_check      RTX_CM3.lib(rt_system.o)
    0x0800147c   0x00000028   Code   RO          882    i.rt_switch_req     RTX_CM3.lib(rt_task.o)
    0x080014a4   0x000000cc   Code   RO          883    i.rt_sys_init       RTX_CM3.lib(rt_task.o)
    0x08001570   0x00000078   Code   RO          884    i.rt_sys_start      RTX_CM3.lib(rt_task.o)
    0x080015e8   0x00000040   Code   RO         1007    i.rt_systick        RTX_CM3.lib(rt_system.o)
    0x08001628   0x00000012   Code   RO          309    i.rt_tid2ptcb       RTX_CM3.lib(rt_cmsis.o)
    0x0800163a   0x00000002   PAD
    0x0800163c   0x00000034   Code   RO          310    i.rt_timer_insert   RTX_CM3.lib(rt_cmsis.o)
    0x08001670   0x00000088   Code   RO          885    i.rt_tsk_create     RTX_CM3.lib(rt_task.o)
    0x080016f8   0x0000017c   Code   RO          886    i.rt_tsk_delete     RTX_CM3.lib(rt_task.o)
    0x08001874   0x0000007c   Code   RO          888    i.rt_tsk_prio       RTX_CM3.lib(rt_task.o)
    0x080018f0   0x00000010   Code   RO          889    i.rt_tsk_self       RTX_CM3.lib(rt_task.o)
    0x08001900   0x00000012   Code   RO          312    i.svcDelay          RTX_CM3.lib(rt_cmsis.o)
    0x08001912   0x00000002   PAD
    0x08001914   0x00000070   Code   RO          313    i.svcKernelInitialize  RTX_CM3.lib(rt_cmsis.o)
    0x08001984   0x00000048   Code   RO          315    i.svcKernelStart    RTX_CM3.lib(rt_cmsis.o)
    0x080019cc   0x00000024   Code   RO          318    i.svcMessageCreate  RTX_CM3.lib(rt_cmsis.o)
    0x080019f0   0x0000003a   Code   RO          319    i.svcMessageGet     RTX_CM3.lib(rt_cmsis.o)
    0x08001a2a   0x00000002   PAD
    0x08001a2c   0x00000070   Code   RO          333    i.svcThreadCreate   RTX_CM3.lib(rt_cmsis.o)
    0x08001a9c   0x0000001c   Code   RO          334    i.svcThreadGetId    RTX_CM3.lib(rt_cmsis.o)
    0x08001ab8   0x00000038   Code   RO          337    i.svcThreadTerminate  RTX_CM3.lib(rt_cmsis.o)
    0x08001af0   0x00000018   Code   RO          339    i.svcTimerCall      RTX_CM3.lib(rt_cmsis.o)
    0x08001b08   0x0000005c   Code   RO          348    i.sysTimerTick      RTX_CM3.lib(rt_cmsis.o)
    0x08001b64   0x000000c4   Code   RO         1478    x$fpl$fadd          fz_ws.l(faddsub_clz.o)
    0x08001c28   0x0000003e   Code   RO         1484    x$fpl$ffixu         fz_ws.l(ffixu.o)
    0x08001c66   0x00000002   PAD
    0x08001c68   0x00000026   Code   RO         1488    x$fpl$ffltu         fz_ws.l(fflt_clz.o)
    0x08001c8e   0x0000008c   Code   RO         1501    x$fpl$fnaninf       fz_ws.l(fnaninf.o)
    0x08001d1a   0x0000000a   Code   RO         1503    x$fpl$fretinf       fz_ws.l(fretinf.o)
    0x08001d24   0x00000014   Code   RO         1479    x$fpl$frsb          fz_ws.l(faddsub_clz.o)
    0x08001d38   0x000000ea   Code   RO         1480    x$fpl$fsub          fz_ws.l(faddsub_clz.o)
    0x08001e22   0x00000000   Code   RO         1505    x$fpl$usenofp       fz_ws.l(usenofp.o)
    0x08001e22   0x00000002   PAD
    0x08001e24   0x00000020   Data   RO            7    .constdata          main.o
    0x08001e44   0x00000056   Data   RO          151    .constdata          rtx_conf_cm.o
    0x08001e9a   0x00000002   PAD
    0x08001e9c   0x00000020   Data   RO         1656    Region$$Table       anon$$obj.o


    Execution Region RW_IRAM1 (Base: 0x20000000, Size: 0x00001350, Max: 0x0000c000, ABSOLUTE)

    Base Addr    Size         Type   Attr      Idx    E Section Name        Object

    0x20000000   0x00000008   Data   RW            8    .data               main.o
    0x20000008   0x00000001   Data   RW           88    .data               usart.o
    0x20000009   0x00000003   PAD
    0x2000000c   0x00000024   Data   RW          152    .data               rtx_conf_cm.o
    0x20000030   0x00000008   Data   RW          351    .data               RTX_CM3.lib(rt_cmsis.o)
    0x20000038   0x00000008   Data   RW          891    .data               RTX_CM3.lib(rt_task.o)
    0x20000040   0x00000008   Data   RW         1010    .data               RTX_CM3.lib(rt_system.o)
    0x20000048   0x00000004   Data   RW         1300    .data               RTX_CM3.lib(rt_time.o)
    0x2000004c   0x00000008   Data   RW         1331    .data               RTX_CM3.lib(rt_robin.o)
    0x20000054   0x00000001   Data   RW         1410    .data               RTX_CM3.lib(hal_cm.o)
    0x20000055   0x00000003   PAD
    0x20000058   0x00000064   Zero   RW           87    .bss                usart.o
    0x200000bc   0x00000004   PAD
    0x200000c0   0x00000bc8   Zero   RW          150    .bss                rtx_conf_cm.o
    0x20000c88   0x00000034   Zero   RW          890    .bss                RTX_CM3.lib(rt_task.o)
    0x20000cbc   0x00000030   Zero   RW         1140    .bss                RTX_CM3.lib(rt_list.o)
    0x20000cec   0x00000060   Zero   RW         1468    .bss                c_w.l(libspace.o)
    0x20000d4c   0x00000004   PAD
    0x20000d50   0x00000200   Zero   RW          202    HEAP                startup_stm32f10x_hd.o
    0x20000f50   0x00000400   Zero   RW          201    STACK               startup_stm32f10x_hd.o


==============================================================================

Image component sizes


      Code (inc. data)   RO Data    RW Data    ZI Data      Debug   Object Name

       280         58         32          8          0     213851   main.o
       126         26         86         36       3016       9087   rtx_conf_cm.o
        64         26        304          0       1536        828   startup_stm32f10x_hd.o
       328         28          0          0          0       2017   system_stm32f10x.o
       480         48          0          1        100      24859   usart.o

    ----------------------------------------------------------------------
      1280        186        456         48       4656     250642   Object Totals
         0          0         32          0          0          0   (incl. Generated)
         2          0          2          3          4          0   (incl. Padding)

    ----------------------------------------------------------------------

      Code (inc. data)   RO Data    RW Data    ZI Data      Debug   Library Member Name

       238         24          0          1          0       3256   hal_cm.o
       304         36          0          0          0        760   hal_cm3.o
      1160        146          0          8          0      32254   rt_cmsis.o
        80          4          0          0          0        653   rt_event.o
       530         34          0          0         48       8165   rt_list.o
       550         10          0          0          0       3897   rt_mailbox.o
       140          0          0          0          0       1901   rt_membox.o
       128          0          0          0          0       2275   rt_memory.o
       320         12          0          0          0       1603   rt_mutex.o
        96         22          0          8          0       1134   rt_robin.o
        52          4          0          0          0        565   rt_semaphore.o
       298         52          0          8          0       6151   rt_system.o
      1216        174          0          8         52       9545   rt_task.o
         6          0          0          4          0        636   rt_time.o
         4          4          0          0          0        200   svc_table.o
         8          0          0          0          0         68   __main.o
         0          0          0          0          0          0   __rtentry.o
        20          0          0          0          0          0   __rtentry2.o
         6          0          0          0          0          0   __rtentry4.o
        52          8          0          0          0          0   __scatter.o
        26          0          0          0          0          0   __scatter_copy.o
        28          0          0          0          0          0   __scatter_zi.o
        18          0          0          0          0         80   exit.o
         6          0          0          0          0        152   heapauxi.o
         0          0          0          0          0          0   indicate_semi.o
         2          0          0          0          0          0   libinit.o
         2          0          0          0          0          0   libinit2.o
         2          0          0          0          0          0   libshutdown.o
         2          0          0          0          0          0   libshutdown2.o
         8          4          0          0         96         68   libspace.o
         2          0          0          0          0          0   rtexit.o
        10          0          0          0          0          0   rtexit2.o
        12          4          0          0          0         68   sys_exit.o
        74          0          0          0          0         80   sys_stackheap_outer.o
         2          0          0          0          0         68   use_no_semi.o
       450          8          0          0          0        236   faddsub_clz.o
        62          4          0          0          0         84   ffixu.o
        38          0          0          0          0         68   fflt_clz.o
       140          4          0          0          0         84   fnaninf.o
        10          0          0          0          0         68   fretinf.o
         0          0          0          0          0          0   usenofp.o

    ----------------------------------------------------------------------
      6132        554          0         40        200      74119   Library Totals
        30          0          0          3          4          0   (incl. Padding)

    ----------------------------------------------------------------------

      Code (inc. data)   RO Data    RW Data    ZI Data      Debug   Library Name

      5122        522          0         37        100      72995   RTX_CM3.lib
       280         16          0          0         96        584   c_w.l
       700         16          0          0          0        540   fz_ws.l

    ----------------------------------------------------------------------
      6132        554          0         40        200      74119   Library Totals

    ----------------------------------------------------------------------

==============================================================================


      Code (inc. data)   RO Data    RW Data    ZI Data      Debug   

      7412        740        456         88       4856     319973   Grand Totals
      7412        740        456         88       4856     319973   ELF Image Totals
      7412        740        456         88          0          0   ROM Totals

==============================================================================

    Total RO  Size (Code + RO Data)                 7868 (   7.68kB)
    Total RW  Size (RW Data + ZI Data)              4944 (   4.83kB)
    Total ROM Size (Code + RO Data + RW Data)       7956 (   7.77kB)

==============================================================================

